Archive member included to satisfy reference by file (symbol)

C:/Program Files/Arm/GNU Toolchain mingw-w64-x86_64-arm-none-eabi/bin/../lib/gcc/arm-none-eabi/15.2.1/../../../../arm-none-eabi/lib/thumb/v8-m.main+fp/softfp\libm.a(libm_a-wf_sqrt.o)
                              CMakeFiles/your_app.dir/C_/Users/zhasanr/Desktop/pico-sdk/src/rp2_common/pico_float/float_math.c.obj (sqrtf)
C:/Program Files/Arm/GNU Toolchain mingw-w64-x86_64-arm-none-eabi/bin/../lib/gcc/arm-none-eabi/15.2.1/../../../../arm-none-eabi/lib/thumb/v8-m.main+fp/softfp\libm.a(libm_a-ef_sqrt.o)
                              C:/Program Files/Arm/GNU Toolchain mingw-w64-x86_64-arm-none-eabi/bin/../lib/gcc/arm-none-eabi/15.2.1/../../../../arm-none-eabi/lib/thumb/v8-m.main+fp/softfp\libm.a(libm_a-wf_sqrt.o) (__ieee754_sqrtf)
C:/Program Files/Arm/GNU Toolchain mingw-w64-x86_64-arm-none-eabi/bin/../lib/gcc/arm-none-eabi/15.2.1/thumb/v8-m.main+fp/softfp\libgcc.a(_arm_addsubdf3.o)
                              CMakeFiles/your_app.dir/C_/Users/zhasanr/Desktop/pico-sdk/src/rp2_common/pico_float/float_math.c.obj (__aeabi_f2d)
C:/Program Files/Arm/GNU Toolchain mingw-w64-x86_64-arm-none-eabi/bin/../lib/gcc/arm-none-eabi/15.2.1/thumb/v8-m.main+fp/softfp\libgcc.a(_aeabi_ldivmod.o)
                              CMakeFiles/your_app.dir/FreeRTOS-Kernel/portable/ThirdParty/GCC/RP2350_ARM_NTZ/non_secure/port.c.obj (__aeabi_ldivmod)
C:/Program Files/Arm/GNU Toolchain mingw-w64-x86_64-arm-none-eabi/bin/../lib/gcc/arm-none-eabi/15.2.1/thumb/v8-m.main+fp/softfp\libgcc.a(_aeabi_uldivmod.o)
                              CMakeFiles/your_app.dir/C_/Users/zhasanr/Desktop/pico-sdk/src/rp2_common/hardware_clocks/clocks.c.obj (__aeabi_uldivmod)
C:/Program Files/Arm/GNU Toolchain mingw-w64-x86_64-arm-none-eabi/bin/../lib/gcc/arm-none-eabi/15.2.1/thumb/v8-m.main+fp/softfp\libgcc.a(_udivmoddi4.o)
                              C:/Program Files/Arm/GNU Toolchain mingw-w64-x86_64-arm-none-eabi/bin/../lib/gcc/arm-none-eabi/15.2.1/thumb/v8-m.main+fp/softfp\libgcc.a(_aeabi_ldivmod.o) (__udivmoddi4)
C:/Program Files/Arm/GNU Toolchain mingw-w64-x86_64-arm-none-eabi/bin/../lib/gcc/arm-none-eabi/15.2.1/thumb/v8-m.main+fp/softfp\libgcc.a(_dvmd_tls.o)
                              C:/Program Files/Arm/GNU Toolchain mingw-w64-x86_64-arm-none-eabi/bin/../lib/gcc/arm-none-eabi/15.2.1/thumb/v8-m.main+fp/softfp\libgcc.a(_aeabi_ldivmod.o) (__aeabi_ldiv0)
C:/Program Files/Arm/GNU Toolchain mingw-w64-x86_64-arm-none-eabi/bin/../lib/gcc/arm-none-eabi/15.2.1/../../../../arm-none-eabi/lib/thumb/v8-m.main+fp/softfp\libg.a(libc_a-calloc.o)
                              CMakeFiles/your_app.dir/C_/Users/zhasanr/Desktop/pico-sdk/src/rp2_common/pico_malloc/malloc.c.obj (calloc)
C:/Program Files/Arm/GNU Toolchain mingw-w64-x86_64-arm-none-eabi/bin/../lib/gcc/arm-none-eabi/15.2.1/../../../../arm-none-eabi/lib/thumb/v8-m.main+fp/softfp\libg.a(libc_a-callocr.o)
                              C:/Program Files/Arm/GNU Toolchain mingw-w64-x86_64-arm-none-eabi/bin/../lib/gcc/arm-none-eabi/15.2.1/../../../../arm-none-eabi/lib/thumb/v8-m.main+fp/softfp\libg.a(libc_a-calloc.o) (_calloc_r)
C:/Program Files/Arm/GNU Toolchain mingw-w64-x86_64-arm-none-eabi/bin/../lib/gcc/arm-none-eabi/15.2.1/../../../../arm-none-eabi/lib/thumb/v8-m.main+fp/softfp\libg.a(libc_a-malloc.o)
                              CMakeFiles/your_app.dir/C_/Users/zhasanr/Desktop/pico-sdk/src/rp2_common/pico_malloc/malloc.c.obj (malloc)
C:/Program Files/Arm/GNU Toolchain mingw-w64-x86_64-arm-none-eabi/bin/../lib/gcc/arm-none-eabi/15.2.1/../../../../arm-none-eabi/lib/thumb/v8-m.main+fp/softfp\libg.a(libc_a-mallocr.o)
                              C:/Program Files/Arm/GNU Toolchain mingw-w64-x86_64-arm-none-eabi/bin/../lib/gcc/arm-none-eabi/15.2.1/../../../../arm-none-eabi/lib/thumb/v8-m.main+fp/softfp\libg.a(libc_a-callocr.o) (_malloc_r)
C:/Program Files/Arm/GNU Toolchain mingw-w64-x86_64-arm-none-eabi/bin/../lib/gcc/arm-none-eabi/15.2.1/../../../../arm-none-eabi/lib/thumb/v8-m.main+fp/softfp\libg.a(libc_a-mlock.o)
                              C:/Program Files/Arm/GNU Toolchain mingw-w64-x86_64-arm-none-eabi/bin/../lib/gcc/arm-none-eabi/15.2.1/../../../../arm-none-eabi/lib/thumb/v8-m.main+fp/softfp\libg.a(libc_a-mallocr.o) (__malloc_lock)
C:/Program Files/Arm/GNU Toolchain mingw-w64-x86_64-arm-none-eabi/bin/../lib/gcc/arm-none-eabi/15.2.1/../../../../arm-none-eabi/lib/thumb/v8-m.main+fp/softfp\libg.a(libc_a-realloc.o)
                              CMakeFiles/your_app.dir/C_/Users/zhasanr/Desktop/pico-sdk/src/rp2_common/pico_malloc/malloc.c.obj (realloc)
C:/Program Files/Arm/GNU Toolchain mingw-w64-x86_64-arm-none-eabi/bin/../lib/gcc/arm-none-eabi/15.2.1/../../../../arm-none-eabi/lib/thumb/v8-m.main+fp/softfp\libg.a(libc_a-reallocr.o)
[...]
Memory Configuration

Name             Origin             Length             Attributes
FLASH            0x10000000         0x00400000         xr
RAM              0x20000000         0x00080000         xrw
SCRATCH_X        0x20080000         0x00001000         xrw
SCRATCH_Y        0x20081000         0x00001000         xrw
*default*        0x00000000         0xffffffff

Linker script and memory map

LOAD C:/Program Files/Arm/GNU Toolchain mingw-w64-x86_64-arm-none-eabi/bin/../lib/gcc/arm-none-eabi/15.2.1/thumb/v8-m.main+fp/softfp/crti.o
LOAD C:/Program Files/Arm/GNU Toolchain mingw-w64-x86_64-arm-none-eabi/bin/../lib/gcc/arm-none-eabi/15.2.1/thumb/v8-m.main+fp/softfp/crtbegin.o
LOAD C:/Program Files/Arm/GNU Toolchain mingw-w64-x86_64-arm-none-eabi/bin/../lib/gcc/arm-none-eabi/15.2.1/../../../../arm-none-eabi/lib/thumb/v8-m.main+fp/softfp/crt0.o

.flash_begin    0x10000000        0x0
                0x10000000                        __flash_binary_start = .

.text           0x10000000     0xd6c4
                0x10000000                        __logical_binary_start = .
 *(.vectors)
 .vectors       0x10000000      0x124 CMakeFiles/your_app.dir/C_/Users/zhasanr/Desktop/pico-sdk/src/rp2_common/pico_crt0/crt0.S.obj
                0x10000000                __VECTOR_TABLE
                0x10000000                __vectors
                0x10000110                __unhandled_user_irq
                0x10000110                isr_irq49
                0x10000110                isr_irq13
                0x10000110                isr_irq43
                0x10000110                isr_irq45
                0x10000110                isr_irq27
                0x10000110                isr_irq32
                0x10000110                isr_irq31
                0x10000110                isr_irq12
                0x10000110                isr_irq5
                0x10000110                isr_irq11
                0x10000110                isr_irq3
                0x10000110                isr_irq23
                0x10000110                isr_usagefault
                0x10000110                isr_irq48
                0x10000110                isr_irq30
                0x10000110                isr_irq18
                0x10000110                isr_irq50
                0x10000110                isr_irq33
                0x10000110                isr_irq40
                0x10000110                isr_irq28
                0x10000110                isr_irq19
                0x10000110                isr_irq36
                0x10000110                isr_irq41
                0x10000110                isr_irq0
                0x10000110                isr_irq6
                0x10000110                isr_irq26
                0x10000110                isr_irq29
                0x10000110                isr_memmanage
                0x10000110                isr_irq37
                0x10000110                isr_irq42
                0x10000110                isr_irq22
                0x10000110                isr_irq35
                0x10000110                isr_irq17
                0x10000110                isr_irq38
                0x10000110                isr_irq14
                0x10000110                __vectors_end
                0x10000110                __default_isrs_start
                0x10000110                isr_irq2
                0x10000110                isr_irq10
                0x10000110                isr_irq8
                0x10000110                isr_debugmonitor
                0x10000110                isr_irq24
                0x10000110                isr_irq46
                0x10000110                isr_irq1
                0x10000110                isr_irq47
                0x10000110                isr_irq51
                0x10000110                isr_irq7
                0x10000110                isr_irq21
                0x10000110                isr_irq39
                0x10000110                isr_irq20
                0x10000110                isr_irq15
                0x10000110                isr_irq25
                0x10000110                isr_irq34
                0x10000110                isr_irq44
                0x10000110                isr_securefault
                0x10000110                isr_irq4
                0x10000110                isr_busfault
                0x10000110                isr_irq16
                0x10000110                isr_irq9
                0x10000116                unhandled_user_irq_num_in_r0
                0x10000118                isr_invalid
                0x1000011a                isr_nmi
                0x1000011c                isr_hardfault
                0x1000011e                isr_svcall
                0x10000120                isr_pendsv
                0x10000122                isr_systick
                0x10000124                __default_isrs_end
 *(.binary_info_header)
 .binary_info_header
                0x10000124       0x14 CMakeFiles/your_app.dir/C_/Users/zhasanr/Desktop/pico-sdk/src/rp2_common/pico_crt0/crt0.S.obj
                0x10000138                        __binary_info_header_end = .
 *(.embedded_block)
 .embedded_block
                0x10000138       0x14 CMakeFiles/your_app.dir/C_/Users/zhasanr/Desktop/pico-sdk/src/rp2_common/pico_crt0/crt0.S.obj
                0x1000014c                        __embedded_block_end = .
 *(.reset)
 .reset         0x1000014c       0x98 CMakeFiles/your_app.dir/C_/Users/zhasanr/Desktop/pico-sdk/src/rp2_common/pico_crt0/crt0.S.obj
                0x1000014c                _entry_point
 *(.init)
 .init          0x100001e4        0x4 C:/Program Files/Arm/GNU Toolchain mingw-w64-x86_64-arm-none-eabi/bin/../lib/gcc/arm-none-eabi/15.2.1/thumb/v8-m.main+fp/softfp/crti.o
                0x100001e4                _init
 *libgcc.a:cmse_nonsecure_call.o()
 *(EXCLUDE_FILE(*libm.a: *libc.a:*lib_a-mem*.o *libgcc.a:) .text*)
 .text.register_tm_clones
                0x100001e8       0x28 C:/Program Files/Arm/GNU Toolchain mingw-w64-x86_64-arm-none-eabi/bin/../lib/gcc/arm-none-eabi/15.2.1/thumb/v8-m.main+fp/softfp/crtbegin.o
 .text.frame_dummy
                0x10000210       0x24 C:/Program Files/Arm/GNU Toolchain mingw-w64-x86_64-arm-none-eabi/bin/../lib/gcc/arm-none-eabi/15.2.1/thumb/v8-m.main+fp/softfp/crtbegin.o
 .text.vBlinkTask
                0x10000234       0x24 CMakeFiles/your_app.dir/src/main.c.obj
                0x10000234                vBlinkTask
 .text.main     0x10000258       0x38 CMakeFiles/your_app.dir/src/main.c.obj
                0x10000258                main
 .text.prvHeapInit
                0x10000290       0x58 CMakeFiles/your_app.dir/FreeRTOS-Kernel/portable/MemMang/heap_4.c.obj
 .text.prvInsertBlockIntoFreeList
                0x100002e8       0x90 CMakeFiles/your_app.dir/FreeRTOS-Kernel/portable/MemMang/heap_4.c.obj
 .text.pvPortMalloc
                0x10000378      0x184 CMakeFiles/your_app.dir/FreeRTOS-Kernel/portable/MemMang/heap_4.c.obj
                0x10000378                pvPortMalloc
 .text.vPortFree
                0x100004fc       0xa4 CMakeFiles/your_app.dir/FreeRTOS-Kernel/portable/MemMang/heap_4.c.obj
                0x100004fc                vPortFree
 .text.prvSetupFPU
                0x100005a0       0x1e CMakeFiles/your_app.dir/FreeRTOS-Kernel/portable/ThirdParty/GCC/RP2350_ARM_NTZ/non_secure/port.c.obj
 *fill*         0x100005be        0x2 
 .text.prvDoorbellInterruptHandler
                0x100005c0       0x34 CMakeFiles/your_app.dir/FreeRTOS-Kernel/portable/ThirdParty/GCC/RP2350_ARM_NTZ/non_secure/port.c.obj
 .text.prvTaskExitError
                0x100005f4       0x48 CMakeFiles/your_app.dir/FreeRTOS-Kernel/portable/ThirdParty/GCC/RP2350_ARM_NTZ/non_secure/port.c.obj
 .text.SysTick_Handler
                0x1000063c       0x22 CMakeFiles/your_app.dir/FreeRTOS-Kernel/portable/ThirdParty/GCC/RP2350_ARM_NTZ/non_secure/port.c.obj
                0x1000063c                SysTick_Handler
 .text.prvGetTicksToWaitBefore
                0x1000065e       0x34 CMakeFiles/your_app.dir/FreeRTOS-Kernel/portable/ThirdParty/GCC/RP2350_ARM_NTZ/non_secure/port.c.obj
 *fill*         0x10000692        0x2 
 .text.vPortSetupTimerInterrupt
                0x10000694       0x2c CMakeFiles/your_app.dir/FreeRTOS-Kernel/portable/ThirdParty/GCC/RP2350_ARM_NTZ/non_secure/port.c.obj
                0x10000694                vPortSetupTimerInterrupt
 .text.xPortStartSchedulerOnCore
                0x100006c0      0x150 CMakeFiles/your_app.dir/FreeRTOS-Kernel/portable/ThirdParty/GCC/RP2350_ARM_NTZ/non_secure/port.c.obj
 .text.prvDisableInterruptsAndPortStartSchedulerOnCore
                0x10000810        0xc CMakeFiles/your_app.dir/FreeRTOS-Kernel/portable/ThirdParty/GCC/RP2350_ARM_NTZ/non_secure/port.c.obj
 .text.vPortYield
                0x1000081c       0x16 CMakeFiles/your_app.dir/FreeRTOS-Kernel/portable/ThirdParty/GCC/RP2350_ARM_NTZ/non_secure/port.c.obj
                0x1000081c                vPortYield
 *fill*         0x10000832        0x2 
 .text.vPortSVCHandler_C
                0x10000834       0x30 CMakeFiles/your_app.dir/FreeRTOS-Kernel/portable/ThirdParty/GCC/RP2350_ARM_NTZ/non_secure/port.c.obj
                0x10000834                vPortSVCHandler_C
 .text.pxPortInitialiseStack
                0x10000864       0x8c CMakeFiles/your_app.dir/FreeRTOS-Kernel/portable/ThirdParty/GCC/RP2350_ARM_NTZ/non_secure/port.c.obj
                0x10000864                pxPortInitialiseStack
 .text.xPortStartScheduler
                0x100008f0       0x84 CMakeFiles/your_app.dir/FreeRTOS-Kernel/portable/ThirdParty/GCC/RP2350_ARM_NTZ/non_secure/port.c.obj
                0x100008f0                xPortStartScheduler
 .text.vPortValidateInterruptPriority
                0x10000974       0x64 CMakeFiles/your_app.dir/FreeRTOS-Kernel/portable/ThirdParty/GCC/RP2350_ARM_NTZ/non_secure/port.c.obj
                0x10000974                vPortValidateInterruptPriority
 .text.ulPortLockGetCurrentOwnerId
                0x100009d8       0x30 CMakeFiles/your_app.dir/FreeRTOS-Kernel/portable/ThirdParty/GCC/RP2350_ARM_NTZ/non_secure/port.c.obj
                0x100009d8                ulPortLockGetCurrentOwnerId
 .text.vPortLockInternalSpinUnlockWithWait
                0x10000a08       0x9c CMakeFiles/your_app.dir/FreeRTOS-Kernel/portable/ThirdParty/GCC/RP2350_ARM_NTZ/non_secure/port.c.obj
                0x10000a08                vPortLockInternalSpinUnlockWithWait
 .text.vPortLockInternalSpinUnlockWithNotify
                0x10000aa4       0x90 CMakeFiles/your_app.dir/FreeRTOS-Kernel/portable/ThirdParty/GCC/RP2350_ARM_NTZ/non_secure/port.c.obj
                0x10000aa4                vPortLockInternalSpinUnlockWithNotify
 .text.xPortLockInternalSpinUnlockWithBestEffortWaitOrTimeout
                0x10000b34       0xe8 CMakeFiles/your_app.dir/FreeRTOS-Kernel/portable/ThirdParty/GCC/RP2350_ARM_NTZ/non_secure/port.c.obj
                0x10000b34                xPortLockInternalSpinUnlockWithBestEffortWaitOrTimeout
 .text.prvRuntimeInitializer
                0x10000c1c       0x10 CMakeFiles/your_app.dir/FreeRTOS-Kernel/portable/ThirdParty/GCC/RP2350_ARM_NTZ/non_secure/port.c.obj
 .text.vYieldCore
                0x10000c2c       0x54 CMakeFiles/your_app.dir/FreeRTOS-Kernel/portable/ThirdParty/GCC/RP2350_ARM_NTZ/non_secure/port.c.obj
                0x10000c2c                vYieldCore
 .text.vRestoreContextOfFirstTask
                0x10000c80       0x38 CMakeFiles/your_app.dir/FreeRTOS-Kernel/portable/ThirdParty/GCC/RP2350_ARM_NTZ/non_secure/portasm.c.obj
                0x10000c80                vRestoreContextOfFirstTask
 .text.vStartFirstTask
                0x10000cb8       0x10 CMakeFiles/your_app.dir/FreeRTOS-Kernel/portable/ThirdParty/GCC/RP2350_ARM_NTZ/non_secure/portasm.c.obj
                0x10000cb8                vStartFirstTask
 .text.ulSetInterruptMask
                0x10000cc8       0x16 CMakeFiles/your_app.dir/FreeRTOS-Kernel/portable/ThirdParty/GCC/RP2350_ARM_NTZ/non_secure/portasm.c.obj
                0x10000cc8                ulSetInterruptMask
 .text.vClearInterruptMask
                0x10000cde        0xe CMakeFiles/your_app.dir/FreeRTOS-Kernel/portable/ThirdParty/GCC/RP2350_ARM_NTZ/non_secure/portasm.c.obj
                0x10000cde                vClearInterruptMask
 *fill*         0x10000cec        0x4 
 .text.PendSV_Handler
                0x10000cf0       0x98 CMakeFiles/your_app.dir/FreeRTOS-Kernel/portable/ThirdParty/GCC/RP2350_ARM_NTZ/non_secure/portasm.c.obj
                0x10000cf0                PendSV_Handler
 .text.SVC_Handler
                0x10000d88       0x18 CMakeFiles/your_app.dir/FreeRTOS-Kernel/portable/ThirdParty/GCC/RP2350_ARM_NTZ/non_secure/portasm.c.obj
                0x10000d88                SVC_Handler
 .text.prvTestWaitCondition
                0x10000da0       0x1a CMakeFiles/your_app.dir/FreeRTOS-Kernel/event_groups.c.obj
 .text.xEventGroupCreate
                0x10000dba       0x1a CMakeFiles/your_app.dir/FreeRTOS-Kernel/event_groups.c.obj
                0x10000dba                xEventGroupCreate
 .text.xEventGroupWaitBits
                0x10000dd4      0x110 CMakeFiles/your_app.dir/FreeRTOS-Kernel/event_groups.c.obj
                0x10000dd4                xEventGroupWaitBits
 .text.xEventGroupSetBits
                0x10000ee4       0x98 CMakeFiles/your_app.dir/FreeRTOS-Kernel/event_groups.c.obj
                0x10000ee4                xEventGroupSetBits
 .text.vEventGroupSetBitsCallback
                0x10000f7c        0x8 CMakeFiles/your_app.dir/FreeRTOS-Kernel/event_groups.c.obj
                0x10000f7c                vEventGroupSetBitsCallback
 .text.xEventGroupSetBitsFromISR
                0x10000f84       0x14 CMakeFiles/your_app.dir/FreeRTOS-Kernel/event_groups.c.obj
                0x10000f84                xEventGroupSetBitsFromISR
 .text.vListInitialise
                0x10000f98       0x16 CMakeFiles/your_app.dir/FreeRTOS-Kernel/list.c.obj
                0x10000f98                vListInitialise
 .text.vListInitialiseItem
                0x10000fae        0x6 CMakeFiles/your_app.dir/FreeRTOS-Kernel/list.c.obj
                0x10000fae                vListInitialiseItem
 .text.vListInsertEnd
                0x10000fb4       0x16 CMakeFiles/your_app.dir/FreeRTOS-Kernel/list.c.obj
                0x10000fb4                vListInsertEnd
 .text.vListInsert
                0x10000fca       0x38 CMakeFiles/your_app.dir/FreeRTOS-Kernel/list.c.obj
                0x10000fca                vListInsert
 .text.uxListRemove
                0x10001002       0x24 CMakeFiles/your_app.dir/FreeRTOS-Kernel/list.c.obj
                0x10001002                uxListRemove
 .text.prvIsQueueEmpty
                0x10001026       0x1e CMakeFiles/your_app.dir/FreeRTOS-Kernel/queue.c.obj
 .text.prvCopyDataToQueue
                0x10001044       0x76 CMakeFiles/your_app.dir/FreeRTOS-Kernel/queue.c.obj
 .text.prvCopyDataFromQueue
                0x100010ba       0x24 CMakeFiles/your_app.dir/FreeRTOS-Kernel/queue.c.obj
 *fill*         0x100010de        0x2 
 .text.prvNotifyQueueSetContainer
                0x100010e0       0xa8 CMakeFiles/your_app.dir/FreeRTOS-Kernel/queue.c.obj
 .text.prvUnlockQueue
                0x10001188       0x82 CMakeFiles/your_app.dir/FreeRTOS-Kernel/queue.c.obj
 *fill*         0x1000120a        0x2 
 .text.xQueueGenericReset
                0x1000120c       0xa8 CMakeFiles/your_app.dir/FreeRTOS-Kernel/queue.c.obj
                0x1000120c                xQueueGenericReset
 .text.prvInitialiseNewQueue
                0x100012b4       0x26 CMakeFiles/your_app.dir/FreeRTOS-Kernel/queue.c.obj
 *fill*         0x100012da        0x2 
 .text.xQueueGenericCreate
                0x100012dc       0x60 CMakeFiles/your_app.dir/FreeRTOS-Kernel/queue.c.obj
                0x100012dc                xQueueGenericCreate
 .text.xQueueGenericSendFromISR
                0x1000133c      0x11c CMakeFiles/your_app.dir/FreeRTOS-Kernel/queue.c.obj
                0x1000133c                xQueueGenericSendFromISR
 .text.xQueueReceive
                0x10001458      0x148 CMakeFiles/your_app.dir/FreeRTOS-Kernel/queue.c.obj
                0x10001458                xQueueReceive
 .text.vQueueAddToRegistry
                0x100015a0       0x6c CMakeFiles/your_app.dir/FreeRTOS-Kernel/queue.c.obj
                0x100015a0                vQueueAddToRegistry
 .text.vQueueWaitForMessageRestricted
                0x1000160c       0x52 CMakeFiles/your_app.dir/FreeRTOS-Kernel/queue.c.obj
                0x1000160c                vQueueWaitForMessageRestricted
 *fill*         0x1000165e        0x2 
 .text.prvResetNextTaskUnblockTime
                0x10001660       0x28 CMakeFiles/your_app.dir/FreeRTOS-Kernel/tasks.c.obj
 .text.prvDeleteTCB
                0x10001688       0x12 CMakeFiles/your_app.dir/FreeRTOS-Kernel/tasks.c.obj
 *fill*         0x1000169a        0x2 
 .text.vPortRecursiveLock
                0x1000169c      0x100 CMakeFiles/your_app.dir/FreeRTOS-Kernel/tasks.c.obj
 .text.prvInitialiseNewTask
                0x1000179c       0xc8 CMakeFiles/your_app.dir/FreeRTOS-Kernel/tasks.c.obj
 .text.prvCreateTask
                0x10001864       0x5a CMakeFiles/your_app.dir/FreeRTOS-Kernel/tasks.c.obj
 *fill*         0x100018be        0x2 
 .text.prvPassiveIdleTask
                0x100018c0       0x18 CMakeFiles/your_app.dir/FreeRTOS-Kernel/tasks.c.obj
 .text.prvInitialiseTaskLists
                0x100018d8       0x68 CMakeFiles/your_app.dir/FreeRTOS-Kernel/tasks.c.obj
 .text.prvYieldForTask
                0x10001940       0xd8 CMakeFiles/your_app.dir/FreeRTOS-Kernel/tasks.c.obj
 .text.prvSelectHighestPriorityTask
                0x10001a18      0x22c CMakeFiles/your_app.dir/FreeRTOS-Kernel/tasks.c.obj
 .text.prvCheckForRunStateChange
                0x10001c44       0xb0 CMakeFiles/your_app.dir/FreeRTOS-Kernel/tasks.c.obj
 .text.vTaskSuspendAll
                0x10001cf4       0x88 CMakeFiles/your_app.dir/FreeRTOS-Kernel/tasks.c.obj
                0x10001cf4                vTaskSuspendAll
 .text.xTaskGetTickCount
                0x10001d7c        0xc CMakeFiles/your_app.dir/FreeRTOS-Kernel/tasks.c.obj
                0x10001d7c                xTaskGetTickCount
 .text.uxTaskGetNumberOfTasks
                0x10001d88        0xc CMakeFiles/your_app.dir/FreeRTOS-Kernel/tasks.c.obj
                0x10001d88                uxTaskGetNumberOfTasks
 .text.xTaskIncrementTick
                0x10001d94      0x1f8 CMakeFiles/your_app.dir/FreeRTOS-Kernel/tasks.c.obj
                0x10001d94                xTaskIncrementTick
 .text.vTaskSwitchContext
                0x10001f8c       0x9c CMakeFiles/your_app.dir/FreeRTOS-Kernel/tasks.c.obj
                0x10001f8c                vTaskSwitchContext
 .text.xTaskRemoveFromEventList
                0x10002028      0x108 CMakeFiles/your_app.dir/FreeRTOS-Kernel/tasks.c.obj
                0x10002028                xTaskRemoveFromEventList
 .text.vTaskInternalSetTimeOutState
                0x10002130       0x18 CMakeFiles/your_app.dir/FreeRTOS-Kernel/tasks.c.obj
                0x10002130                vTaskInternalSetTimeOutState
 .text.vTaskMissedYield
                0x10002148       0x14 CMakeFiles/your_app.dir/FreeRTOS-Kernel/tasks.c.obj
                0x10002148                vTaskMissedYield
 .text.xTaskGetCurrentTaskHandle
                0x1000215c       0x20 CMakeFiles/your_app.dir/FreeRTOS-Kernel/tasks.c.obj
                0x1000215c                xTaskGetCurrentTaskHandle
 .text.prvAddCurrentTaskToDelayedList
                0x1000217c       0xb4 CMakeFiles/your_app.dir/FreeRTOS-Kernel/tasks.c.obj
 .text.vTaskPlaceOnEventList
                0x10002230       0x3c CMakeFiles/your_app.dir/FreeRTOS-Kernel/tasks.c.obj
                0x10002230                vTaskPlaceOnEventList
 .text.vTaskPlaceOnUnorderedEventList
                0x1000226c       0x84 CMakeFiles/your_app.dir/FreeRTOS-Kernel/tasks.c.obj
                0x1000226c                vTaskPlaceOnUnorderedEventList
 .text.vTaskPlaceOnEventListRestricted
                0x100022f0       0x64 CMakeFiles/your_app.dir/FreeRTOS-Kernel/tasks.c.obj
                0x100022f0                vTaskPlaceOnEventListRestricted
 .text.xTaskPriorityDisinherit
                0x10002354      0x114 CMakeFiles/your_app.dir/FreeRTOS-Kernel/tasks.c.obj
                0x10002354                xTaskPriorityDisinherit
 .text.vTaskYieldWithinAPI
                0x10002468       0x28 CMakeFiles/your_app.dir/FreeRTOS-Kernel/tasks.c.obj
                0x10002468                vTaskYieldWithinAPI
 .text.vTaskEnterCritical
                0x10002490       0x70 CMakeFiles/your_app.dir/FreeRTOS-Kernel/tasks.c.obj
                0x10002490                vTaskEnterCritical
 .text.vTaskEnterCriticalFromISR
                0x10002500       0x50 CMakeFiles/your_app.dir/FreeRTOS-Kernel/tasks.c.obj
                0x10002500                vTaskEnterCriticalFromISR
 .text.vTaskExitCritical
                0x10002550       0x94 CMakeFiles/your_app.dir/FreeRTOS-Kernel/tasks.c.obj
                0x10002550                vTaskExitCritical
 .text.prvCheckTasksWaitingTermination
                0x100025e4       0x68 CMakeFiles/your_app.dir/FreeRTOS-Kernel/tasks.c.obj
 .text.prvIdleTask
                0x1000264c       0x1c CMakeFiles/your_app.dir/FreeRTOS-Kernel/tasks.c.obj
 .text.prvAddNewTaskToReadyList
                0x10002668       0x98 CMakeFiles/your_app.dir/FreeRTOS-Kernel/tasks.c.obj
 .text.xTaskCreate
                0x10002700       0x28 CMakeFiles/your_app.dir/FreeRTOS-Kernel/tasks.c.obj
                0x10002700                xTaskCreate
 .text.prvCreateIdleTasks
                0x10002728       0x9c CMakeFiles/your_app.dir/FreeRTOS-Kernel/tasks.c.obj
 .text.vTaskStartScheduler
                0x100027c4       0x68 CMakeFiles/your_app.dir/FreeRTOS-Kernel/tasks.c.obj
                0x100027c4                vTaskStartScheduler
 .text.xTaskCreateAffinitySet
                0x1000282c       0x26 CMakeFiles/your_app.dir/FreeRTOS-Kernel/tasks.c.obj
                0x1000282c                xTaskCreateAffinitySet
 *fill*         0x10002852        0x2 
 .text.xTaskResumeAll
                0x10002854      0x15c CMakeFiles/your_app.dir/FreeRTOS-Kernel/tasks.c.obj
                0x10002854                xTaskResumeAll
 .text.vTaskDelay
                0x100029b0       0x44 CMakeFiles/your_app.dir/FreeRTOS-Kernel/tasks.c.obj
                0x100029b0                vTaskDelay
 .text.vTaskRemoveFromUnorderedEventList
                0x100029f4       0xe4 CMakeFiles/your_app.dir/FreeRTOS-Kernel/tasks.c.obj
                0x100029f4                vTaskRemoveFromUnorderedEventList
 .text.xTaskCheckForTimeOut
                0x10002ad8       0xb0 CMakeFiles/your_app.dir/FreeRTOS-Kernel/tasks.c.obj
                0x10002ad8                xTaskCheckForTimeOut
 .text.xTaskGetSchedulerState
                0x10002b88       0x34 CMakeFiles/your_app.dir/FreeRTOS-Kernel/tasks.c.obj
                0x10002b88                xTaskGetSchedulerState
 .text.vTaskExitCriticalFromISR
                0x10002bbc       0x74 CMakeFiles/your_app.dir/FreeRTOS-Kernel/tasks.c.obj
                0x10002bbc                vTaskExitCriticalFromISR
 .text.uxTaskResetEventItemValue
                0x10002c30       0x1c CMakeFiles/your_app.dir/FreeRTOS-Kernel/tasks.c.obj
                0x10002c30                uxTaskResetEventItemValue
 .text.prvGetNextExpireTime
                0x10002c4c       0x20 CMakeFiles/your_app.dir/FreeRTOS-Kernel/timers.c.obj
 .text.prvInsertTimerInActiveList
                0x10002c6c       0x48 CMakeFiles/your_app.dir/FreeRTOS-Kernel/timers.c.obj
 .text.prvReloadTimer
                0x10002cb4       0x28 CMakeFiles/your_app.dir/FreeRTOS-Kernel/timers.c.obj
 .text.prvProcessExpiredTimer
                0x10002cdc       0x40 CMakeFiles/your_app.dir/FreeRTOS-Kernel/timers.c.obj
 .text.prvSwitchTimerLists
                0x10002d1c       0x30 CMakeFiles/your_app.dir/FreeRTOS-Kernel/timers.c.obj
 .text.prvSampleTimeNow
                0x10002d4c       0x2c CMakeFiles/your_app.dir/FreeRTOS-Kernel/timers.c.obj
 .text.prvProcessTimerOrBlockTask
                0x10002d78       0x68 CMakeFiles/your_app.dir/FreeRTOS-Kernel/timers.c.obj
 .text.prvProcessReceivedCommands
                0x10002de0      0x12c CMakeFiles/your_app.dir/FreeRTOS-Kernel/timers.c.obj
 .text.prvTimerTask
                0x10002f0c       0x16 CMakeFiles/your_app.dir/FreeRTOS-Kernel/timers.c.obj
 *fill*         0x10002f22        0x2 
 .text.prvCheckForValidListAndQueue
                0x10002f24       0x5c CMakeFiles/your_app.dir/FreeRTOS-Kernel/timers.c.obj
 .text.xTimerCreateTimerTask
                0x10002f80       0x5c CMakeFiles/your_app.dir/FreeRTOS-Kernel/timers.c.obj
                0x10002f80                xTimerCreateTimerTask
 .text.xTimerPendFunctionCallFromISR
                0x10002fdc       0x2c CMakeFiles/your_app.dir/FreeRTOS-Kernel/timers.c.obj
                0x10002fdc                xTimerPendFunctionCallFromISR
 .text.clock_configure_internal
                0x10003008       0xbc CMakeFiles/your_app.dir/C_/Users/zhasanr/Desktop/pico-sdk/src/rp2_common/hardware_clocks/clocks.c.obj
 .text.clock_configure_undivided
                0x100030c4       0x14 CMakeFiles/your_app.dir/C_/Users/zhasanr/Desktop/pico-sdk/src/rp2_common/hardware_clocks/clocks.c.obj
                0x100030c4                clock_configure_undivided
 .text.clock_get_hz
                0x100030d8        0xc CMakeFiles/your_app.dir/C_/Users/zhasanr/Desktop/pico-sdk/src/rp2_common/hardware_clocks/clocks.c.obj
                0x100030d8                clock_get_hz
 .text.panic    0x100030e4       0x30 CMakeFiles/your_app.dir/C_/Users/zhasanr/Desktop/pico-sdk/src/rp2_common/pico_platform_panic/panic.c.obj
                0x100030e4                panic
 .text.hw_claim_lock
                0x10003114       0x24 CMakeFiles/your_app.dir/C_/Users/zhasanr/Desktop/pico-sdk/src/common/hardware_claim/claim.c.obj
                0x10003114                hw_claim_lock
 .text.hw_claim_unlock
                0x10003138       0x14 CMakeFiles/your_app.dir/C_/Users/zhasanr/Desktop/pico-sdk/src/common/hardware_claim/claim.c.obj
                0x10003138                hw_claim_unlock
 .text.hw_claim_or_assert
                0x1000314c       0x32 CMakeFiles/your_app.dir/C_/Users/zhasanr/Desktop/pico-sdk/src/common/hardware_claim/claim.c.obj
                0x1000314c                hw_claim_or_assert
 .text.hw_claim_unused_from_range
                0x1000317e       0x4e CMakeFiles/your_app.dir/C_/Users/zhasanr/Desktop/pico-sdk/src/common/hardware_claim/claim.c.obj
                0x1000317e                hw_claim_unused_from_range
 .text.hw_claim_clear
                0x100031cc       0x40 CMakeFiles/your_app.dir/C_/Users/zhasanr/Desktop/pico-sdk/src/common/hardware_claim/claim.c.obj
                0x100031cc                hw_claim_clear
 .text.next_striped_spin_lock_num
                0x1000320c       0x1c CMakeFiles/your_app.dir/C_/Users/zhasanr/Desktop/pico-sdk/src/rp2_common/hardware_sync/sync.c.obj
                0x1000320c                next_striped_spin_lock_num
 .text.spin_lock_claim
                0x10003228       0x18 CMakeFiles/your_app.dir/C_/Users/zhasanr/Desktop/pico-sdk/src/rp2_common/hardware_sync/sync.c.obj
                0x10003228                spin_lock_claim
 .text.spin_lock_claim_unused
                0x10003240       0x20 CMakeFiles/your_app.dir/C_/Users/zhasanr/Desktop/pico-sdk/src/rp2_common/hardware_sync/sync.c.obj
                0x10003240                spin_lock_claim_unused
 .text.spinlock_set_extexclall
                0x10003260        0xe CMakeFiles/your_app.dir/C_/Users/zhasanr/Desktop/pico-sdk/src/rp2_common/hardware_sync_spin_lock/sync_spin_lock.c.obj
 *fill*         0x1000326e        0x2 
 .text.spin_locks_reset
                0x10003270       0x1c CMakeFiles/your_app.dir/C_/Users/zhasanr/Desktop/pico-sdk/src/rp2_common/hardware_sync_spin_lock/sync_spin_lock.c.obj
                0x10003270                spin_locks_reset
 .text._gpio_set_irq_enabled
                0x1000328c       0x38 CMakeFiles/your_app.dir/C_/Users/zhasanr/Desktop/pico-sdk/src/rp2_common/hardware_gpio/gpio.c.obj
 .text.gpio_set_function
                0x100032c4       0x38 CMakeFiles/your_app.dir/C_/Users/zhasanr/Desktop/pico-sdk/src/rp2_common/hardware_gpio/gpio.c.obj
                0x100032c4                gpio_set_function
 .text.gpio_set_pulls
                0x100032fc       0x30 CMakeFiles/your_app.dir/C_/Users/zhasanr/Desktop/pico-sdk/src/rp2_common/hardware_gpio/gpio.c.obj
                0x100032fc                gpio_set_pulls
 .text.gpio_set_input_hysteresis_enabled
                0x1000332c       0x28 CMakeFiles/your_app.dir/C_/Users/zhasanr/Desktop/pico-sdk/src/rp2_common/hardware_gpio/gpio.c.obj
                0x1000332c                gpio_set_input_hysteresis_enabled
 .text.gpio_set_irq_enabled
                0x10003354       0x50 CMakeFiles/your_app.dir/C_/Users/zhasanr/Desktop/pico-sdk/src/rp2_common/hardware_gpio/gpio.c.obj
                0x10003354                gpio_set_irq_enabled
 .text.gpio_add_raw_irq_handler_with_order_priority_masked
                0x100033a4       0x40 CMakeFiles/your_app.dir/C_/Users/zhasanr/Desktop/pico-sdk/src/rp2_common/hardware_gpio/gpio.c.obj
                0x100033a4                gpio_add_raw_irq_handler_with_order_priority_masked
 .text.gpio_remove_raw_irq_handler_masked
                0x100033e4       0x4c CMakeFiles/your_app.dir/C_/Users/zhasanr/Desktop/pico-sdk/src/rp2_common/hardware_gpio/gpio.c.obj
                0x100033e4                gpio_remove_raw_irq_handler_masked
 .text.gpio_init
                0x10003430       0x16 CMakeFiles/your_app.dir/C_/Users/zhasanr/Desktop/pico-sdk/src/rp2_common/hardware_gpio/gpio.c.obj
                0x10003430                gpio_init
 *fill*         0x10003446        0x2 
 .text.set_raw_irq_handler_and_unlock
                0x10003448       0x24 CMakeFiles/your_app.dir/C_/Users/zhasanr/Desktop/pico-sdk/src/rp2_common/hardware_irq/irq.c.obj
 .text.nvic_ipr0
                0x1000346c        0x8 CMakeFiles/your_app.dir/C_/Users/zhasanr/Desktop/pico-sdk/src/rp2_common/hardware_irq/irq.c.obj
 .text.runtime_init_per_core_irq_priorities
                0x10003474       0x1c CMakeFiles/your_app.dir/C_/Users/zhasanr/Desktop/pico-sdk/src/rp2_common/hardware_irq/irq.c.obj
                0x10003474                runtime_init_per_core_irq_priorities
 .text.get_user_irq_claim_index
                0x10003490        0x6 CMakeFiles/your_app.dir/C_/Users/zhasanr/Desktop/pico-sdk/src/rp2_common/hardware_irq/irq.c.obj
 *fill*         0x10003496        0x2 
 .text.resolve_j_16
                0x10003498       0x40 CMakeFiles/your_app.dir/C_/Users/zhasanr/Desktop/pico-sdk/src/rp2_common/hardware_irq/irq.c.obj
 .text.make_j_16
                0x100034d8       0x3c CMakeFiles/your_app.dir/C_/Users/zhasanr/Desktop/pico-sdk/src/rp2_common/hardware_irq/irq.c.obj
 .text.insert_bl_32
                0x10003514       0x3c CMakeFiles/your_app.dir/C_/Users/zhasanr/Desktop/pico-sdk/src/rp2_common/hardware_irq/irq.c.obj
 .text.irq_is_enabled
                0x10003550       0x20 CMakeFiles/your_app.dir/C_/Users/zhasanr/Desktop/pico-sdk/src/rp2_common/hardware_irq/irq.c.obj
                0x10003550                irq_is_enabled
 .text.irq_set_mask_n_enabled
                0x10003570       0x20 CMakeFiles/your_app.dir/C_/Users/zhasanr/Desktop/pico-sdk/src/rp2_common/hardware_irq/irq.c.obj
                0x10003570                irq_set_mask_n_enabled
 .text.irq_set_enabled
                0x10003590       0x14 CMakeFiles/your_app.dir/C_/Users/zhasanr/Desktop/pico-sdk/src/rp2_common/hardware_irq/irq.c.obj
                0x10003590                irq_set_enabled
 .text.irq_set_pending
                0x100035a4       0x18 CMakeFiles/your_app.dir/C_/Users/zhasanr/Desktop/pico-sdk/src/rp2_common/hardware_irq/irq.c.obj
                0x100035a4                irq_set_pending
 .text.irq_get_vtable_handler
                0x100035bc       0x10 CMakeFiles/your_app.dir/C_/Users/zhasanr/Desktop/pico-sdk/src/rp2_common/hardware_irq/irq.c.obj
                0x100035bc                irq_get_vtable_handler
 .text.irq_has_shared_handler
                0x100035cc       0x18 CMakeFiles/your_app.dir/C_/Users/zhasanr/Desktop/pico-sdk/src/rp2_common/hardware_irq/irq.c.obj
                0x100035cc                irq_has_shared_handler
 .text.irq_has_handler
                0x100035e4       0x1c CMakeFiles/your_app.dir/C_/Users/zhasanr/Desktop/pico-sdk/src/rp2_common/hardware_irq/irq.c.obj
                0x100035e4                irq_has_handler
 .text.irq_set_exclusive_handler
                0x10003600       0x60 CMakeFiles/your_app.dir/C_/Users/zhasanr/Desktop/pico-sdk/src/rp2_common/hardware_irq/irq.c.obj
                0x10003600                irq_set_exclusive_handler
 .text.irq_add_shared_handler
                0x10003660      0x234 CMakeFiles/your_app.dir/C_/Users/zhasanr/Desktop/pico-sdk/src/rp2_common/hardware_irq/irq.c.obj
                0x10003660                irq_add_shared_handler
 .text.irq_remove_handler
                0x10003894      0x17c CMakeFiles/your_app.dir/C_/Users/zhasanr/Desktop/pico-sdk/src/rp2_common/hardware_irq/irq.c.obj
                0x10003894                irq_remove_handler
 .text.irq_set_priority
                0x10003a10       0x2c CMakeFiles/your_app.dir/C_/Users/zhasanr/Desktop/pico-sdk/src/rp2_common/hardware_irq/irq.c.obj
                0x10003a10                irq_set_priority
 .text.irq_add_tail_to_free_list
                0x10003a3c      0x100 CMakeFiles/your_app.dir/C_/Users/zhasanr/Desktop/pico-sdk/src/rp2_common/hardware_irq/irq.c.obj
                0x10003a3c                irq_add_tail_to_free_list
 .text.user_irq_unclaim
                0x10003b3c       0x14 CMakeFiles/your_app.dir/C_/Users/zhasanr/Desktop/pico-sdk/src/rp2_common/hardware_irq/irq.c.obj
                0x10003b3c                user_irq_unclaim
 .text.user_irq_claim_unused
                0x10003b50       0x28 CMakeFiles/your_app.dir/C_/Users/zhasanr/Desktop/pico-sdk/src/rp2_common/hardware_irq/irq.c.obj
                0x10003b50                user_irq_claim_unused
 .text.sem_init
                0x10003b78       0x1e CMakeFiles/your_app.dir/C_/Users/zhasanr/Desktop/pico-sdk/src/common/pico_sync/sem.c.obj
                0x10003b78                sem_init
 *fill*         0x10003b96        0x2 
 .text.lock_init
                0x10003b98        0xc CMakeFiles/your_app.dir/C_/Users/zhasanr/Desktop/pico-sdk/src/common/pico_sync/lock_core.c.obj
                0x10003b98                lock_init
 .text.mutex_init
                0x10003ba4       0x1c CMakeFiles/your_app.dir/C_/Users/zhasanr/Desktop/pico-sdk/src/common/pico_sync/mutex.c.obj
                0x10003ba4                mutex_init
 .text.recursive_mutex_init
                0x10003bc0       0x20 CMakeFiles/your_app.dir/C_/Users/zhasanr/Desktop/pico-sdk/src/common/pico_sync/mutex.c.obj
                0x10003bc0                recursive_mutex_init
 .text.runtime_init_mutex
                0x10003be0       0x4c CMakeFiles/your_app.dir/C_/Users/zhasanr/Desktop/pico-sdk/src/common/pico_sync/mutex.c.obj
                0x10003be0                runtime_init_mutex
 .text.critical_section_init_with_lock_num
                0x10003c2c       0x10 CMakeFiles/your_app.dir/C_/Users/zhasanr/Desktop/pico-sdk/src/common/pico_sync/critical_section.c.obj
                0x10003c2c                critical_section_init_with_lock_num
 .text.critical_section_init
                0x10003c3c       0x14 CMakeFiles/your_app.dir/C_/Users/zhasanr/Desktop/pico-sdk/src/common/pico_sync/critical_section.c.obj
                0x10003c3c                critical_section_init
 .text.ta_from_current_irq
                0x10003c50       0x24 CMakeFiles/your_app.dir/C_/Users/zhasanr/Desktop/pico-sdk/src/common/pico_time/time.c.obj
 .text.ta_set_timeout
                0x10003c74       0x2e CMakeFiles/your_app.dir/C_/Users/zhasanr/Desktop/pico-sdk/src/common/pico_time/time.c.obj
 .text.make_alarm_id
                0x10003ca2        0x6 CMakeFiles/your_app.dir/C_/Users/zhasanr/Desktop/pico-sdk/src/common/pico_time/time.c.obj
 .text.alarm_pool_irq_handler
                0x10003ca8      0x2ec CMakeFiles/your_app.dir/C_/Users/zhasanr/Desktop/pico-sdk/src/common/pico_time/time.c.obj
 .text.ta_enable_irq_handler
                0x10003f94       0x38 CMakeFiles/your_app.dir/C_/Users/zhasanr/Desktop/pico-sdk/src/common/pico_time/time.c.obj
 .text.alarm_pool_post_alloc_init
                0x10003fcc       0x7c CMakeFiles/your_app.dir/C_/Users/zhasanr/Desktop/pico-sdk/src/common/pico_time/time.c.obj
 .text.ta_disable_irq_handler
                0x10004048       0x40 CMakeFiles/your_app.dir/C_/Users/zhasanr/Desktop/pico-sdk/src/common/pico_time/time.c.obj
 .text.sleep_until_callback
                0x10004088       0x34 CMakeFiles/your_app.dir/C_/Users/zhasanr/Desktop/pico-sdk/src/common/pico_time/time.c.obj
 .text.alarm_pool_get_default
                0x100040bc       0x28 CMakeFiles/your_app.dir/C_/Users/zhasanr/Desktop/pico-sdk/src/common/pico_time/time.c.obj
                0x100040bc                alarm_pool_get_default
 .text.alarm_pool_create_on_timer_with_unused_hardware_alarm
                0x100040e4       0x32 CMakeFiles/your_app.dir/C_/Users/zhasanr/Desktop/pico-sdk/src/common/pico_time/time.c.obj
                0x100040e4                alarm_pool_create_on_timer_with_unused_hardware_alarm
 *fill*         0x10004116        0x2 
 .text.alarm_pool_destroy
                0x10004118       0x88 CMakeFiles/your_app.dir/C_/Users/zhasanr/Desktop/pico-sdk/src/common/pico_time/time.c.obj
                0x10004118                alarm_pool_destroy
 .text.alarm_pool_add_alarm_at_force_in_context
                0x100041a0       0xc0 CMakeFiles/your_app.dir/C_/Users/zhasanr/Desktop/pico-sdk/src/common/pico_time/time.c.obj
                0x100041a0                alarm_pool_add_alarm_at_force_in_context
 .text.alarm_pool_add_alarm_at
                0x10004260       0x38 CMakeFiles/your_app.dir/C_/Users/zhasanr/Desktop/pico-sdk/src/common/pico_time/time.c.obj
                0x10004260                alarm_pool_add_alarm_at
 .text.add_alarm_at
                0x10004298       0x26 CMakeFiles/your_app.dir/C_/Users/zhasanr/Desktop/pico-sdk/src/common/pico_time/time.c.obj
 .text.alarm_pool_cancel_alarm
                0x100042be       0x72 CMakeFiles/your_app.dir/C_/Users/zhasanr/Desktop/pico-sdk/src/common/pico_time/time.c.obj
                0x100042be                alarm_pool_cancel_alarm
 .text.cancel_alarm
                0x10004330       0x10 CMakeFiles/your_app.dir/C_/Users/zhasanr/Desktop/pico-sdk/src/common/pico_time/time.c.obj
 .text.alarm_pool_core_num
                0x10004340        0x4 CMakeFiles/your_app.dir/C_/Users/zhasanr/Desktop/pico-sdk/src/common/pico_time/time.c.obj
                0x10004340                alarm_pool_core_num
 .text.sleep_until
                0x10004344       0xac CMakeFiles/your_app.dir/C_/Users/zhasanr/Desktop/pico-sdk/src/common/pico_time/time.c.obj
                0x10004344                sleep_until
 .text.best_effort_wfe_or_timeout
                0x100043f0      0x100 CMakeFiles/your_app.dir/C_/Users/zhasanr/Desktop/pico-sdk/src/common/pico_time/time.c.obj
                0x100043f0                best_effort_wfe_or_timeout
 .text.alarm_pool_get_default_timer
                0x100044f0        0x8 CMakeFiles/your_app.dir/C_/Users/zhasanr/Desktop/pico-sdk/src/common/pico_time/time.c.obj
                0x100044f0                alarm_pool_get_default_timer
 .text.runtime_init_default_alarm_pool
                0x100044f8       0x34 CMakeFiles/your_app.dir/C_/Users/zhasanr/Desktop/pico-sdk/src/common/pico_time/time.c.obj
                0x100044f8                runtime_init_default_alarm_pool
 .text.timer_hardware_alarm_claim
                0x1000452c       0x24 CMakeFiles/your_app.dir/C_/Users/zhasanr/Desktop/pico-sdk/src/rp2_common/hardware_timer/timer.c.obj
                0x1000452c                timer_hardware_alarm_claim
 .text.timer_hardware_alarm_unclaim
                0x10004550       0x1c CMakeFiles/your_app.dir/C_/Users/zhasanr/Desktop/pico-sdk/src/rp2_common/hardware_timer/timer.c.obj
                0x10004550                timer_hardware_alarm_unclaim
 .text.timer_hardware_alarm_claim_unused
                0x1000456c       0x34 CMakeFiles/your_app.dir/C_/Users/zhasanr/Desktop/pico-sdk/src/rp2_common/hardware_timer/timer.c.obj
                0x1000456c                timer_hardware_alarm_claim_unused
 .text.timer_time_us_64
                0x100045a0       0x10 CMakeFiles/your_app.dir/C_/Users/zhasanr/Desktop/pico-sdk/src/rp2_common/hardware_timer/timer.c.obj
                0x100045a0                timer_time_us_64
 .text.timer_busy_wait_until
                0x100045b0       0x1a CMakeFiles/your_app.dir/C_/Users/zhasanr/Desktop/pico-sdk/src/rp2_common/hardware_timer/timer.c.obj
                0x100045b0                timer_busy_wait_until
 *fill*         0x100045ca        0x2 
 .text.time_us_64
                0x100045cc       0x10 CMakeFiles/your_app.dir/C_/Users/zhasanr/Desktop/pico-sdk/src/rp2_common/hardware_timer/timer.c.obj
                0x100045cc                time_us_64
 .text.busy_wait_until
                0x100045dc       0x14 CMakeFiles/your_app.dir/C_/Users/zhasanr/Desktop/pico-sdk/src/rp2_common/hardware_timer/timer.c.obj
                0x100045dc                busy_wait_until
 .text.pll_init
                0x100045f0      0x108 CMakeFiles/your_app.dir/C_/Users/zhasanr/Desktop/pico-sdk/src/rp2_common/hardware_pll/pll.c.obj
                0x100045f0                pll_init
 .text.watchdog_update
                0x100046f8       0x14 CMakeFiles/your_app.dir/C_/Users/zhasanr/Desktop/pico-sdk/src/rp2_common/hardware_watchdog/watchdog.c.obj
                0x100046f8                watchdog_update
 .text._watchdog_enable
                0x1000470c       0x6c CMakeFiles/your_app.dir/C_/Users/zhasanr/Desktop/pico-sdk/src/rp2_common/hardware_watchdog/watchdog.c.obj
                0x1000470c                _watchdog_enable
 .text.watchdog_reboot
                0x10004778       0x4c CMakeFiles/your_app.dir/C_/Users/zhasanr/Desktop/pico-sdk/src/rp2_common/hardware_watchdog/watchdog.c.obj
                0x10004778                watchdog_reboot
 .text.tick_start
                0x100047c4       0x1c CMakeFiles/your_app.dir/C_/Users/zhasanr/Desktop/pico-sdk/src/rp2_common/hardware_ticks/ticks.c.obj
                0x100047c4                tick_start
 .text.rom_reboot
                0x100047e0       0x40 CMakeFiles/your_app.dir/C_/Users/zhasanr/Desktop/pico-sdk/src/rp2_common/pico_bootrom/bootrom.c.obj
 .text.rom_func_lookup
                0x10004820       0x1e CMakeFiles/your_app.dir/C_/Users/zhasanr/Desktop/pico-sdk/src/rp2_common/pico_bootrom/bootrom.c.obj
                0x10004820                rom_func_lookup
 .text.rom_reset_usb_boot_extra
                0x1000483e       0x20 CMakeFiles/your_app.dir/C_/Users/zhasanr/Desktop/pico-sdk/src/rp2_common/pico_bootrom/bootrom.c.obj
                0x1000483e                rom_reset_usb_boot_extra
 *fill*         0x1000485e        0x2 
 .text.runtime_init_bootrom_locking_enable
                0x10004860       0x14 CMakeFiles/your_app.dir/C_/Users/zhasanr/Desktop/pico-sdk/src/rp2_common/pico_bootrom/bootrom_lock.c.obj
                0x10004860                runtime_init_bootrom_locking_enable
 .text.boot_locks_reset
                0x10004874       0x20 CMakeFiles/your_app.dir/C_/Users/zhasanr/Desktop/pico-sdk/src/rp2_common/hardware_boot_lock/boot_lock.c.obj
                0x10004874                boot_locks_reset
 .text.runtime_init_boot_locks_reset
                0x10004894        0x8 CMakeFiles/your_app.dir/C_/Users/zhasanr/Desktop/pico-sdk/src/rp2_common/hardware_boot_lock/boot_lock.c.obj
                0x10004894                runtime_init_boot_locks_reset
 .text.xosc_init
                0x1000489c       0x28 CMakeFiles/your_app.dir/C_/Users/zhasanr/Desktop/pico-sdk/src/rp2_common/hardware_xosc/xosc.c.obj
                0x1000489c                xosc_init
 .text.exception_is_compile_time_default
                0x100048c4       0x20 CMakeFiles/your_app.dir/C_/Users/zhasanr/Desktop/pico-sdk/src/rp2_common/hardware_exception/exception.c.obj
 .text.set_raw_exception_handler_and_restore_interrupts
                0x100048e4       0x18 CMakeFiles/your_app.dir/C_/Users/zhasanr/Desktop/pico-sdk/src/rp2_common/hardware_exception/exception.c.obj
 .text.exception_get_vtable_handler
                0x100048fc       0x10 CMakeFiles/your_app.dir/C_/Users/zhasanr/Desktop/pico-sdk/src/rp2_common/hardware_exception/exception.c.obj
                0x100048fc                exception_get_vtable_handler
 .text.exception_set_exclusive_handler
                0x1000490c       0x44 CMakeFiles/your_app.dir/C_/Users/zhasanr/Desktop/pico-sdk/src/rp2_common/hardware_exception/exception.c.obj
                0x1000490c                exception_set_exclusive_handler
 .text.core1_trampoline
                0x10004950        0x2 CMakeFiles/your_app.dir/C_/Users/zhasanr/Desktop/pico-sdk/src/rp2_common/pico_multicore/multicore.c.obj
 .text.core1_wrapper
                0x10004952        0xc CMakeFiles/your_app.dir/C_/Users/zhasanr/Desktop/pico-sdk/src/rp2_common/pico_multicore/multicore.c.obj
                0x10004952                core1_wrapper
 *fill*         0x1000495e        0x2 
 .text.multicore_doorbell_claim_under_lock
                0x10004960       0x80 CMakeFiles/your_app.dir/C_/Users/zhasanr/Desktop/pico-sdk/src/rp2_common/pico_multicore/multicore.c.obj
 .text.multicore_fifo_push_blocking
                0x100049e0       0x16 CMakeFiles/your_app.dir/C_/Users/zhasanr/Desktop/pico-sdk/src/rp2_common/pico_multicore/multicore.c.obj
                0x100049e0                multicore_fifo_push_blocking
 .text.multicore_fifo_pop_blocking
                0x100049f6       0x18 CMakeFiles/your_app.dir/C_/Users/zhasanr/Desktop/pico-sdk/src/rp2_common/pico_multicore/multicore.c.obj
                0x100049f6                multicore_fifo_pop_blocking
 .text.multicore_launch_core1_raw
                0x10004a0e       0x78 CMakeFiles/your_app.dir/C_/Users/zhasanr/Desktop/pico-sdk/src/rp2_common/pico_multicore/multicore.c.obj
                0x10004a0e                multicore_launch_core1_raw
 *fill*         0x10004a86        0x2 
 .text.multicore_launch_core1_with_stack
                0x10004a88       0x50 CMakeFiles/your_app.dir/C_/Users/zhasanr/Desktop/pico-sdk/src/rp2_common/pico_multicore/multicore.c.obj
                0x10004a88                multicore_launch_core1_with_stack
 .text.multicore_launch_core1
                0x10004ad8       0x24 CMakeFiles/your_app.dir/C_/Users/zhasanr/Desktop/pico-sdk/src/rp2_common/pico_multicore/multicore.c.obj
                0x10004ad8                multicore_launch_core1
 .text.multicore_doorbell_claim_unused
                0x10004afc       0x40 CMakeFiles/your_app.dir/C_/Users/zhasanr/Desktop/pico-sdk/src/rp2_common/pico_multicore/multicore.c.obj
                0x10004afc                multicore_doorbell_claim_unused
 .text.cyw43_arch_set_async_context
                0x10004b3c        0xc CMakeFiles/your_app.dir/C_/Users/zhasanr/Desktop/pico-sdk/src/rp2_common/pico_cyw43_arch/cyw43_arch.c.obj
                0x10004b3c                cyw43_arch_set_async_context
 .text.cyw43_arch_gpio_put
                0x10004b48       0x14 CMakeFiles/your_app.dir/C_/Users/zhasanr/Desktop/pico-sdk/src/rp2_common/pico_cyw43_arch/cyw43_arch.c.obj
                0x10004b48                cyw43_arch_gpio_put
 .text.cyw43_arch_async_context
                0x10004b5c        0xc CMakeFiles/your_app.dir/C_/Users/zhasanr/Desktop/pico-sdk/src/rp2_common/pico_cyw43_arch/cyw43_arch.c.obj
                0x10004b5c                cyw43_arch_async_context
 .text.cyw43_arch_init_default_async_context
                0x10004b68       0x20 CMakeFiles/your_app.dir/C_/Users/zhasanr/Desktop/pico-sdk/src/rp2_common/pico_cyw43_arch/cyw43_arch_threadsafe_background.c.obj
                0x10004b68                cyw43_arch_init_default_async_context
 .text.cyw43_arch_deinit
                0x10004b88       0x28 CMakeFiles/your_app.dir/C_/Users/zhasanr/Desktop/pico-sdk/src/rp2_common/pico_cyw43_arch/cyw43_arch_threadsafe_background.c.obj
                0x10004b88                cyw43_arch_deinit
 .text.cyw43_arch_init
                0x10004bb0       0x34 CMakeFiles/your_app.dir/C_/Users/zhasanr/Desktop/pico-sdk/src/rp2_common/pico_cyw43_arch/cyw43_arch_threadsafe_background.c.obj
                0x10004bb0                cyw43_arch_init
 .text._retrieve_unique_id_on_boot
                0x10004be4       0x54 CMakeFiles/your_app.dir/C_/Users/zhasanr/Desktop/pico-sdk/src/rp2_common/pico_unique_id/unique_id.c.obj
 .text.pico_get_unique_board_id
                0x10004c38       0x10 CMakeFiles/your_app.dir/C_/Users/zhasanr/Desktop/pico-sdk/src/rp2_common/pico_unique_id/unique_id.c.obj
                0x10004c38                pico_get_unique_board_id
 .text.pico_get_unique_board_id_string
                0x10004c48       0x5c CMakeFiles/your_app.dir/C_/Users/zhasanr/Desktop/pico-sdk/src/rp2_common/pico_unique_id/unique_id.c.obj
                0x10004c48                pico_get_unique_board_id_string
 .text.pio_get_default_sm_config
                0x10004ca4       0x24 CMakeFiles/your_app.dir/C_/Users/zhasanr/Desktop/pico-sdk/src/rp2_common/pico_cyw43_driver/cyw43_bus_pio_spi.c.obj
 .text.spi_gap01_sample0_program_get_default_config
                0x10004cc8       0x32 CMakeFiles/your_app.dir/C_/Users/zhasanr/Desktop/pico-sdk/src/rp2_common/pico_cyw43_driver/cyw43_bus_pio_spi.c.obj
 .text.cs_set   0x10004cfa        0x8 CMakeFiles/your_app.dir/C_/Users/zhasanr/Desktop/pico-sdk/src/rp2_common/pico_cyw43_driver/cyw43_bus_pio_spi.c.obj
 *fill*         0x10004d02        0x2 
 .text.channel_config_set_chain_to
                0x10004d04       0x30 CMakeFiles/your_app.dir/C_/Users/zhasanr/Desktop/pico-sdk/src/rp2_common/pico_cyw43_driver/cyw43_bus_pio_spi.c.obj
 .text.dma_channel_get_default_config
                0x10004d34       0x78 CMakeFiles/your_app.dir/C_/Users/zhasanr/Desktop/pico-sdk/src/rp2_common/pico_cyw43_driver/cyw43_bus_pio_spi.c.obj
 .text.channel_config_set_dreq
                0x10004dac       0x30 CMakeFiles/your_app.dir/C_/Users/zhasanr/Desktop/pico-sdk/src/rp2_common/pico_cyw43_driver/cyw43_bus_pio_spi.c.obj
 .text.start_spi_comms
                0x10004ddc       0x44 CMakeFiles/your_app.dir/C_/Users/zhasanr/Desktop/pico-sdk/src/rp2_common/pico_cyw43_driver/cyw43_bus_pio_spi.c.obj
 .text.ns_delay
                0x10004e20       0x24 CMakeFiles/your_app.dir/C_/Users/zhasanr/Desktop/pico-sdk/src/rp2_common/pico_cyw43_driver/cyw43_bus_pio_spi.c.obj
 .text.stop_spi_comms
                0x10004e44       0x10 CMakeFiles/your_app.dir/C_/Users/zhasanr/Desktop/pico-sdk/src/rp2_common/pico_cyw43_driver/cyw43_bus_pio_spi.c.obj
 .text.cyw43_spi_deinit
                0x10004e54       0x5c CMakeFiles/your_app.dir/C_/Users/zhasanr/Desktop/pico-sdk/src/rp2_common/pico_cyw43_driver/cyw43_bus_pio_spi.c.obj
                0x10004e54                cyw43_spi_deinit
 .text.cyw43_spi_init
                0x10004eb0      0x1d8 CMakeFiles/your_app.dir/C_/Users/zhasanr/Desktop/pico-sdk/src/rp2_common/pico_cyw43_driver/cyw43_bus_pio_spi.c.obj
                0x10004eb0                cyw43_spi_init
 .text.cyw43_spi_transfer
                0x10005088      0x4c0 CMakeFiles/your_app.dir/C_/Users/zhasanr/Desktop/pico-sdk/src/rp2_common/pico_cyw43_driver/cyw43_bus_pio_spi.c.obj
                0x10005088                cyw43_spi_transfer
 .text._cyw43_read_reg
                0x10005548       0x50 CMakeFiles/your_app.dir/C_/Users/zhasanr/Desktop/pico-sdk/src/rp2_common/pico_cyw43_driver/cyw43_bus_pio_spi.c.obj
 .text._cyw43_write_reg
                0x10005598       0x34 CMakeFiles/your_app.dir/C_/Users/zhasanr/Desktop/pico-sdk/src/rp2_common/pico_cyw43_driver/cyw43_bus_pio_spi.c.obj
 .text.cyw43_spi_gpio_setup
                0x100055cc       0x40 CMakeFiles/your_app.dir/C_/Users/zhasanr/Desktop/pico-sdk/src/rp2_common/pico_cyw43_driver/cyw43_bus_pio_spi.c.obj
                0x100055cc                cyw43_spi_gpio_setup
 .text.cyw43_spi_reset
                0x1000560c       0x2e CMakeFiles/your_app.dir/C_/Users/zhasanr/Desktop/pico-sdk/src/rp2_common/pico_cyw43_driver/cyw43_bus_pio_spi.c.obj
                0x1000560c                cyw43_spi_reset
 *fill*         0x1000563a        0x2 
 .text.read_reg_u32_swap
                0x1000563c       0x5c CMakeFiles/your_app.dir/C_/Users/zhasanr/Desktop/pico-sdk/src/rp2_common/pico_cyw43_driver/cyw43_bus_pio_spi.c.obj
                0x1000563c                read_reg_u32_swap
 .text.cyw43_read_reg_u32
                0x10005698        0xa CMakeFiles/your_app.dir/C_/Users/zhasanr/Desktop/pico-sdk/src/rp2_common/pico_cyw43_driver/cyw43_bus_pio_spi.c.obj
                0x10005698                cyw43_read_reg_u32
 .text.cyw43_read_reg_u16
                0x100056a2        0xa CMakeFiles/your_app.dir/C_/Users/zhasanr/Desktop/pico-sdk/src/rp2_common/pico_cyw43_driver/cyw43_bus_pio_spi.c.obj
                0x100056a2                cyw43_read_reg_u16
 .text.cyw43_read_reg_u8
                0x100056ac        0xa CMakeFiles/your_app.dir/C_/Users/zhasanr/Desktop/pico-sdk/src/rp2_common/pico_cyw43_driver/cyw43_bus_pio_spi.c.obj
                0x100056ac                cyw43_read_reg_u8
 *fill*         0x100056b6        0x2 
 .text.write_reg_u32_swap
                0x100056b8       0x38 CMakeFiles/your_app.dir/C_/Users/zhasanr/Desktop/pico-sdk/src/rp2_common/pico_cyw43_driver/cyw43_bus_pio_spi.c.obj
                0x100056b8                write_reg_u32_swap
 .text.cyw43_write_reg_u32
                0x100056f0       0x14 CMakeFiles/your_app.dir/C_/Users/zhasanr/Desktop/pico-sdk/src/rp2_common/pico_cyw43_driver/cyw43_bus_pio_spi.c.obj
                0x100056f0                cyw43_write_reg_u32
 .text.cyw43_write_reg_u16
                0x10005704       0x14 CMakeFiles/your_app.dir/C_/Users/zhasanr/Desktop/pico-sdk/src/rp2_common/pico_cyw43_driver/cyw43_bus_pio_spi.c.obj
                0x10005704                cyw43_write_reg_u16
 .text.cyw43_write_reg_u8
                0x10005718       0x14 CMakeFiles/your_app.dir/C_/Users/zhasanr/Desktop/pico-sdk/src/rp2_common/pico_cyw43_driver/cyw43_bus_pio_spi.c.obj
                0x10005718                cyw43_write_reg_u8
 .text.cyw43_read_bytes
                0x1000572c       0xdc CMakeFiles/your_app.dir/C_/Users/zhasanr/Desktop/pico-sdk/src/rp2_common/pico_cyw43_driver/cyw43_bus_pio_spi.c.obj
                0x1000572c                cyw43_read_bytes
 .text.cyw43_write_bytes
                0x10005808      0x110 CMakeFiles/your_app.dir/C_/Users/zhasanr/Desktop/pico-sdk/src/rp2_common/pico_cyw43_driver/cyw43_bus_pio_spi.c.obj
                0x10005808                cyw43_write_bytes
 .text.get_core_address
                0x10005918       0x1c CMakeFiles/your_app.dir/C_/Users/zhasanr/Desktop/pico-sdk/lib/cyw43-driver/src/cyw43_ll.c.obj
 .text.sdpcm_process_rx_packet
                0x10005934      0x180 CMakeFiles/your_app.dir/C_/Users/zhasanr/Desktop/pico-sdk/lib/cyw43-driver/src/cyw43_ll.c.obj
 .text.cyw43_ll_wifi_parse_scan_result
                0x10005ab4       0x90 CMakeFiles/your_app.dir/C_/Users/zhasanr/Desktop/pico-sdk/lib/cyw43-driver/src/cyw43_ll.c.obj
 .text.cyw43_ll_parse_async_event
                0x10005b44       0xa2 CMakeFiles/your_app.dir/C_/Users/zhasanr/Desktop/pico-sdk/lib/cyw43-driver/src/cyw43_ll.c.obj
 *fill*         0x10005be6        0x2 
 .text.cyw43_kso_set
                0x10005be8       0x88 CMakeFiles/your_app.dir/C_/Users/zhasanr/Desktop/pico-sdk/lib/cyw43-driver/src/cyw43_ll.c.obj
 .text.cyw43_ll_bus_sleep_helper
                0x10005c70        0xc CMakeFiles/your_app.dir/C_/Users/zhasanr/Desktop/pico-sdk/lib/cyw43-driver/src/cyw43_ll.c.obj
 .text.cyw43_read_reg
                0x10005c7c       0x48 CMakeFiles/your_app.dir/C_/Users/zhasanr/Desktop/pico-sdk/lib/cyw43-driver/src/cyw43_ll.c.obj
 .text.cyw43_write_reg
                0x10005cc4       0x4c CMakeFiles/your_app.dir/C_/Users/zhasanr/Desktop/pico-sdk/lib/cyw43-driver/src/cyw43_ll.c.obj
 .text.cyw43_set_backplane_window
                0x10005d10       0x78 CMakeFiles/your_app.dir/C_/Users/zhasanr/Desktop/pico-sdk/lib/cyw43-driver/src/cyw43_ll.c.obj
 .text.cyw43_read_backplane
                0x10005d88       0x2e CMakeFiles/your_app.dir/C_/Users/zhasanr/Desktop/pico-sdk/lib/cyw43-driver/src/cyw43_ll.c.obj
 *fill*         0x10005db6        0x2 
 .text.disable_device_core
                0x10005db8       0x3c CMakeFiles/your_app.dir/C_/Users/zhasanr/Desktop/pico-sdk/lib/cyw43-driver/src/cyw43_ll.c.obj
 .text.device_core_is_up
                0x10005df4       0x48 CMakeFiles/your_app.dir/C_/Users/zhasanr/Desktop/pico-sdk/lib/cyw43-driver/src/cyw43_ll.c.obj
 .text.cyw43_download_resource
                0x10005e3c       0x98 CMakeFiles/your_app.dir/C_/Users/zhasanr/Desktop/pico-sdk/lib/cyw43-driver/src/cyw43_ll.c.obj
 .text.cyw43_write_backplane
                0x10005ed4       0x32 CMakeFiles/your_app.dir/C_/Users/zhasanr/Desktop/pico-sdk/lib/cyw43-driver/src/cyw43_ll.c.obj
 .text.reset_device_core
                0x10005f06       0x6c CMakeFiles/your_app.dir/C_/Users/zhasanr/Desktop/pico-sdk/lib/cyw43-driver/src/cyw43_ll.c.obj
 *fill*         0x10005f72        0x2 
 .text.cyw43_check_valid_chipset_firmware
                0x10005f74       0x64 CMakeFiles/your_app.dir/C_/Users/zhasanr/Desktop/pico-sdk/lib/cyw43-driver/src/cyw43_ll.c.obj
 .text.cyw43_ll_init
                0x10005fd8       0x1a CMakeFiles/your_app.dir/C_/Users/zhasanr/Desktop/pico-sdk/lib/cyw43-driver/src/cyw43_ll.c.obj
                0x10005fd8                cyw43_ll_init
 .text.cyw43_ll_deinit
                0x10005ff2        0x8 CMakeFiles/your_app.dir/C_/Users/zhasanr/Desktop/pico-sdk/lib/cyw43-driver/src/cyw43_ll.c.obj
                0x10005ff2                cyw43_ll_deinit
 .text.cyw43_ll_bus_sleep
                0x10005ffa       0x30 CMakeFiles/your_app.dir/C_/Users/zhasanr/Desktop/pico-sdk/lib/cyw43-driver/src/cyw43_ll.c.obj
                0x10005ffa                cyw43_ll_bus_sleep
 *fill*         0x1000602a        0x2 
 .text.cyw43_ll_sdpcm_poll_device
                0x1000602c      0x150 CMakeFiles/your_app.dir/C_/Users/zhasanr/Desktop/pico-sdk/lib/cyw43-driver/src/cyw43_ll.c.obj
 .text.cyw43_ll_process_packets
                0x1000617c       0x60 CMakeFiles/your_app.dir/C_/Users/zhasanr/Desktop/pico-sdk/lib/cyw43-driver/src/cyw43_ll.c.obj
                0x1000617c                cyw43_ll_process_packets
 .text.cyw43_sdpcm_send_common
                0x100061dc      0x10c CMakeFiles/your_app.dir/C_/Users/zhasanr/Desktop/pico-sdk/lib/cyw43-driver/src/cyw43_ll.c.obj
 .text.cyw43_send_ioctl
                0x100062e8       0x4e CMakeFiles/your_app.dir/C_/Users/zhasanr/Desktop/pico-sdk/lib/cyw43-driver/src/cyw43_ll.c.obj
 *fill*         0x10006336        0x2 
 .text.cyw43_do_ioctl
                0x10006338       0xc0 CMakeFiles/your_app.dir/C_/Users/zhasanr/Desktop/pico-sdk/lib/cyw43-driver/src/cyw43_ll.c.obj
 .text.cyw43_ll_ioctl
                0x100063f8       0x1e CMakeFiles/your_app.dir/C_/Users/zhasanr/Desktop/pico-sdk/lib/cyw43-driver/src/cyw43_ll.c.obj
                0x100063f8                cyw43_ll_ioctl
 *fill*         0x10006416        0x2 
 .text.cyw43_clm_load
                0x10006418       0xc8 CMakeFiles/your_app.dir/C_/Users/zhasanr/Desktop/pico-sdk/lib/cyw43-driver/src/cyw43_ll.c.obj
 .text.cyw43_write_iovar_u32
                0x100064e0       0x56 CMakeFiles/your_app.dir/C_/Users/zhasanr/Desktop/pico-sdk/lib/cyw43-driver/src/cyw43_ll.c.obj
 .text.cyw43_write_iovar_n
                0x10006536       0x48 CMakeFiles/your_app.dir/C_/Users/zhasanr/Desktop/pico-sdk/lib/cyw43-driver/src/cyw43_ll.c.obj
 .text.cyw43_set_ioctl_u32
                0x1000657e       0x32 CMakeFiles/your_app.dir/C_/Users/zhasanr/Desktop/pico-sdk/lib/cyw43-driver/src/cyw43_ll.c.obj
 .text.cyw43_write_iovar_u32_u32
                0x100065b0       0x6a CMakeFiles/your_app.dir/C_/Users/zhasanr/Desktop/pico-sdk/lib/cyw43-driver/src/cyw43_ll.c.obj
 *fill*         0x1000661a        0x2 
 .text.cyw43_ll_wifi_get_mac
                0x1000661c       0x4c CMakeFiles/your_app.dir/C_/Users/zhasanr/Desktop/pico-sdk/lib/cyw43-driver/src/cyw43_ll.c.obj
                0x1000661c                cyw43_ll_wifi_get_mac
 .text.cyw43_ll_bus_init
                0x10006668      0x360 CMakeFiles/your_app.dir/C_/Users/zhasanr/Desktop/pico-sdk/lib/cyw43-driver/src/cyw43_ll.c.obj
                0x10006668                cyw43_ll_bus_init
 .text.cyw43_ll_wifi_set_wpa_auth
                0x100069c8        0xe CMakeFiles/your_app.dir/C_/Users/zhasanr/Desktop/pico-sdk/lib/cyw43-driver/src/cyw43_ll.c.obj
                0x100069c8                cyw43_ll_wifi_set_wpa_auth
 .text.cyw43_ll_wifi_rejoin
                0x100069d6       0x1c CMakeFiles/your_app.dir/C_/Users/zhasanr/Desktop/pico-sdk/lib/cyw43-driver/src/cyw43_ll.c.obj
                0x100069d6                cyw43_ll_wifi_rejoin
 *fill*         0x100069f2        0x2 
 .text.cyw43_ll_gpio_set
                0x100069f4       0x38 CMakeFiles/your_app.dir/C_/Users/zhasanr/Desktop/pico-sdk/lib/cyw43-driver/src/cyw43_ll.c.obj
                0x100069f4                cyw43_ll_gpio_set
 .text.cyw43_ll_has_work
                0x10006a2c       0x12 CMakeFiles/your_app.dir/C_/Users/zhasanr/Desktop/pico-sdk/lib/cyw43-driver/src/cyw43_ll.c.obj
                0x10006a2c                cyw43_ll_has_work
 *fill*         0x10006a3e        0x2 
 .text.cyw43_poll_func
                0x10006a40       0x94 CMakeFiles/your_app.dir/C_/Users/zhasanr/Desktop/pico-sdk/lib/cyw43-driver/src/cyw43_ctrl.c.obj
 .text.cyw43_hal_ticks_ms
                0x10006ad4       0x24 CMakeFiles/your_app.dir/C_/Users/zhasanr/Desktop/pico-sdk/lib/cyw43-driver/src/cyw43_ctrl.c.obj
 .text.cyw43_dump_async_event
                0x10006af8       0x54 CMakeFiles/your_app.dir/C_/Users/zhasanr/Desktop/pico-sdk/lib/cyw43-driver/src/cyw43_ctrl.c.obj
 .text.cyw43_ensure_up
                0x10006b4c       0xd0 CMakeFiles/your_app.dir/C_/Users/zhasanr/Desktop/pico-sdk/lib/cyw43-driver/src/cyw43_ctrl.c.obj
 .text.cyw43_init
                0x10006c1c       0x70 CMakeFiles/your_app.dir/C_/Users/zhasanr/Desktop/pico-sdk/lib/cyw43-driver/src/cyw43_ctrl.c.obj
                0x10006c1c                cyw43_init
 .text.cyw43_deinit
                0x10006c8c       0x3c CMakeFiles/your_app.dir/C_/Users/zhasanr/Desktop/pico-sdk/lib/cyw43-driver/src/cyw43_ctrl.c.obj
                0x10006c8c                cyw43_deinit
 .text.cyw43_cb_read_host_interrupt_pin
                0x10006cc8        0xc CMakeFiles/your_app.dir/C_/Users/zhasanr/Desktop/pico-sdk/lib/cyw43-driver/src/cyw43_ctrl.c.obj
                0x10006cc8                cyw43_cb_read_host_interrupt_pin
 .text.cyw43_cb_ensure_awake
                0x10006cd4        0xc CMakeFiles/your_app.dir/C_/Users/zhasanr/Desktop/pico-sdk/lib/cyw43-driver/src/cyw43_ctrl.c.obj
                0x10006cd4                cyw43_cb_ensure_awake
 .text.cyw43_cb_process_async_event
                0x10006ce0      0x1ac CMakeFiles/your_app.dir/C_/Users/zhasanr/Desktop/pico-sdk/lib/cyw43-driver/src/cyw43_ctrl.c.obj
                0x10006ce0                cyw43_cb_process_async_event
 .text.cyw43_gpio_set
                0x10006e8c       0x30 CMakeFiles/your_app.dir/C_/Users/zhasanr/Desktop/pico-sdk/lib/cyw43-driver/src/cyw43_ctrl.c.obj
                0x10006e8c                cyw43_gpio_set
 .text.pio_set_gpio_base_unsafe
                0x10006ebc       0x34 CMakeFiles/your_app.dir/C_/Users/zhasanr/Desktop/pico-sdk/src/rp2_common/hardware_pio/pio.c.obj
 .text.is_gpio_compatible
                0x10006ef0       0x22 CMakeFiles/your_app.dir/C_/Users/zhasanr/Desktop/pico-sdk/src/rp2_common/hardware_pio/pio.c.obj
 .text.is_program_gpio_compatible
                0x10006f12        0xa CMakeFiles/your_app.dir/C_/Users/zhasanr/Desktop/pico-sdk/src/rp2_common/hardware_pio/pio.c.obj
 .text.add_program_at_offset_check
                0x10006f1c       0x54 CMakeFiles/your_app.dir/C_/Users/zhasanr/Desktop/pico-sdk/src/rp2_common/hardware_pio/pio.c.obj
 .text.add_program_at_offset
                0x10006f70       0x60 CMakeFiles/your_app.dir/C_/Users/zhasanr/Desktop/pico-sdk/src/rp2_common/hardware_pio/pio.c.obj
 .text.find_offset_for_program
                0x10006fd0       0x80 CMakeFiles/your_app.dir/C_/Users/zhasanr/Desktop/pico-sdk/src/rp2_common/hardware_pio/pio.c.obj
 .text.pio_sm_unclaim
                0x10007050       0x1c CMakeFiles/your_app.dir/C_/Users/zhasanr/Desktop/pico-sdk/src/rp2_common/hardware_pio/pio.c.obj
                0x10007050                pio_sm_unclaim
 .text.pio_claim_unused_sm
                0x1000706c       0x38 CMakeFiles/your_app.dir/C_/Users/zhasanr/Desktop/pico-sdk/src/rp2_common/hardware_pio/pio.c.obj
                0x1000706c                pio_claim_unused_sm
 .text.pio_remove_program
                0x100070a4       0x54 CMakeFiles/your_app.dir/C_/Users/zhasanr/Desktop/pico-sdk/src/rp2_common/hardware_pio/pio.c.obj
                0x100070a4                pio_remove_program
 .text.pio_sm_set_pindirs_with_mask
                0x100070f8       0x78 CMakeFiles/your_app.dir/C_/Users/zhasanr/Desktop/pico-sdk/src/rp2_common/hardware_pio/pio.c.obj
                0x100070f8                pio_sm_set_pindirs_with_mask
 .text.pio_sm_set_pindirs_with_mask64
                0x10007170        0xa CMakeFiles/your_app.dir/C_/Users/zhasanr/Desktop/pico-sdk/src/rp2_common/hardware_pio/pio.c.obj
                0x10007170                pio_sm_set_pindirs_with_mask64
 .text.pio_sm_set_consecutive_pindirs
                0x1000717a       0xa2 CMakeFiles/your_app.dir/C_/Users/zhasanr/Desktop/pico-sdk/src/rp2_common/hardware_pio/pio.c.obj
                0x1000717a                pio_sm_set_consecutive_pindirs
 .text.pio_claim_free_sm_and_add_program_for_gpio_range
                0x1000721c       0xee CMakeFiles/your_app.dir/C_/Users/zhasanr/Desktop/pico-sdk/src/rp2_common/hardware_pio/pio.c.obj
                0x1000721c                pio_claim_free_sm_and_add_program_for_gpio_range
 .text.pio_remove_program_and_unclaim_sm
                0x1000730a       0x1a CMakeFiles/your_app.dir/C_/Users/zhasanr/Desktop/pico-sdk/src/rp2_common/hardware_pio/pio.c.obj
                0x1000730a                pio_remove_program_and_unclaim_sm
 .text.dma_channel_unclaim
                0x10007324       0x10 CMakeFiles/your_app.dir/C_/Users/zhasanr/Desktop/pico-sdk/src/rp2_common/hardware_dma/dma.c.obj
                0x10007324                dma_channel_unclaim
 .text.dma_claim_unused_channel
                0x10007334       0x20 CMakeFiles/your_app.dir/C_/Users/zhasanr/Desktop/pico-sdk/src/rp2_common/hardware_dma/dma.c.obj
                0x10007334                dma_claim_unused_channel
 .text.dma_channel_cleanup
                0x10007354       0x5c CMakeFiles/your_app.dir/C_/Users/zhasanr/Desktop/pico-sdk/src/rp2_common/hardware_dma/dma.c.obj
                0x10007354                dma_channel_cleanup
 .text.cyw43_sleep_timeout_reached
                0x100073b0       0x50 CMakeFiles/your_app.dir/C_/Users/zhasanr/Desktop/pico-sdk/src/rp2_common/pico_cyw43_driver/cyw43_driver.c.obj
 .text.async_context_add_at_time_worker_in_ms
                0x10007400       0x5c CMakeFiles/your_app.dir/C_/Users/zhasanr/Desktop/pico-sdk/src/rp2_common/pico_cyw43_driver/cyw43_driver.c.obj
 .text.cyw43_do_poll
                0x1000745c       0x70 CMakeFiles/your_app.dir/C_/Users/zhasanr/Desktop/pico-sdk/src/rp2_common/pico_cyw43_driver/cyw43_driver.c.obj
 .text.cyw43_set_irq_enabled
                0x100074cc        0xe CMakeFiles/your_app.dir/C_/Users/zhasanr/Desktop/pico-sdk/src/rp2_common/pico_cyw43_driver/cyw43_driver.c.obj
 *fill*         0x100074da        0x2 
 .text.cyw43_irq_init
                0x100074dc       0x50 CMakeFiles/your_app.dir/C_/Users/zhasanr/Desktop/pico-sdk/src/rp2_common/pico_cyw43_driver/cyw43_driver.c.obj
                0x100074dc                cyw43_irq_init
 .text.cyw43_gpio_irq_handler
                0x1000752c       0x40 CMakeFiles/your_app.dir/C_/Users/zhasanr/Desktop/pico-sdk/src/rp2_common/pico_cyw43_driver/cyw43_driver.c.obj
 .text.cyw43_irq_deinit
                0x1000756c       0x48 CMakeFiles/your_app.dir/C_/Users/zhasanr/Desktop/pico-sdk/src/rp2_common/pico_cyw43_driver/cyw43_driver.c.obj
                0x1000756c                cyw43_irq_deinit
 .text.no_lwip_fail
                0x100075b4        0xc CMakeFiles/your_app.dir/C_/Users/zhasanr/Desktop/pico-sdk/src/rp2_common/pico_cyw43_driver/cyw43_driver.c.obj
 .text.cyw43_post_poll_hook
                0x100075c0       0x38 CMakeFiles/your_app.dir/C_/Users/zhasanr/Desktop/pico-sdk/src/rp2_common/pico_cyw43_driver/cyw43_driver.c.obj
                0x100075c0                cyw43_post_poll_hook
 .text.cyw43_schedule_internal_poll_dispatch
                0x100075f8       0x3c CMakeFiles/your_app.dir/C_/Users/zhasanr/Desktop/pico-sdk/src/rp2_common/pico_cyw43_driver/cyw43_driver.c.obj
                0x100075f8                cyw43_schedule_internal_poll_dispatch
 .text.cyw43_driver_init
                0x10007634       0x38 CMakeFiles/your_app.dir/C_/Users/zhasanr/Desktop/pico-sdk/src/rp2_common/pico_cyw43_driver/cyw43_driver.c.obj
                0x10007634                cyw43_driver_init
 .text.cyw43_driver_deinit
                0x1000766c       0x68 CMakeFiles/your_app.dir/C_/Users/zhasanr/Desktop/pico-sdk/src/rp2_common/pico_cyw43_driver/cyw43_driver.c.obj
                0x1000766c                cyw43_driver_deinit
 .text.cyw43_hal_generate_laa_mac
                0x100076d4       0x34 CMakeFiles/your_app.dir/C_/Users/zhasanr/Desktop/pico-sdk/src/rp2_common/pico_cyw43_driver/cyw43_driver.c.obj
                0x100076d4                cyw43_hal_generate_laa_mac
 .text.cyw43_thread_enter
                0x10007708       0x14 CMakeFiles/your_app.dir/C_/Users/zhasanr/Desktop/pico-sdk/src/rp2_common/pico_cyw43_driver/cyw43_driver.c.obj
                0x10007708                cyw43_thread_enter
 .text.cyw43_thread_exit
                0x1000771c       0x14 CMakeFiles/your_app.dir/C_/Users/zhasanr/Desktop/pico-sdk/src/rp2_common/pico_cyw43_driver/cyw43_driver.c.obj
                0x1000771c                cyw43_thread_exit
 .text.cyw43_thread_lock_check
                0x10007730       0x14 CMakeFiles/your_app.dir/C_/Users/zhasanr/Desktop/pico-sdk/src/rp2_common/pico_cyw43_driver/cyw43_driver.c.obj
                0x10007730                cyw43_thread_lock_check
 .text.cyw43_await_background_or_timeout_us
                0x10007744       0x5c CMakeFiles/your_app.dir/C_/Users/zhasanr/Desktop/pico-sdk/src/rp2_common/pico_cyw43_driver/cyw43_driver.c.obj
                0x10007744                cyw43_await_background_or_timeout_us
 .text.cyw43_delay_ms
                0x100077a0       0x5c CMakeFiles/your_app.dir/C_/Users/zhasanr/Desktop/pico-sdk/src/rp2_common/pico_cyw43_driver/cyw43_driver.c.obj
                0x100077a0                cyw43_delay_ms
 .text.cyw43_cb_tcpip_deinit
                0x100077fc        0x2 CMakeFiles/your_app.dir/C_/Users/zhasanr/Desktop/pico-sdk/src/rp2_common/pico_cyw43_driver/cyw43_driver.c.obj
                0x100077fc                cyw43_cb_tcpip_deinit
 .text.cyw43_cb_tcpip_set_link_up
                0x100077fe        0x6 CMakeFiles/your_app.dir/C_/Users/zhasanr/Desktop/pico-sdk/src/rp2_common/pico_cyw43_driver/cyw43_driver.c.obj
                0x100077fe                cyw43_cb_tcpip_set_link_up
 .text.cyw43_cb_tcpip_set_link_down
                0x10007804        0x6 CMakeFiles/your_app.dir/C_/Users/zhasanr/Desktop/pico-sdk/src/rp2_common/pico_cyw43_driver/cyw43_driver.c.obj
                0x10007804                cyw43_cb_tcpip_set_link_down
 .text.cyw43_cb_process_ethernet
                0x1000780a        0x6 CMakeFiles/your_app.dir/C_/Users/zhasanr/Desktop/pico-sdk/src/rp2_common/pico_cyw43_driver/cyw43_driver.c.obj
                0x1000780a                cyw43_cb_process_ethernet
 .text.handle_sync_func_call
                0x10007810       0x22 CMakeFiles/your_app.dir/C_/Users/zhasanr/Desktop/pico-sdk/src/rp2_common/pico_async_context/async_context_threadsafe_background.c.obj
 .text.async_context_threadsafe_background_acquire_lock_blocking
                0x10007832        0xa CMakeFiles/your_app.dir/C_/Users/zhasanr/Desktop/pico-sdk/src/rp2_common/pico_async_context/async_context_threadsafe_background.c.obj
 .text.async_context_threadsafe_background_lock_check
                0x1000783c       0x20 CMakeFiles/your_app.dir/C_/Users/zhasanr/Desktop/pico-sdk/src/rp2_common/pico_async_context/async_context_threadsafe_background.c.obj
 .text.process_under_lock
                0x1000785c       0xd0 CMakeFiles/your_app.dir/C_/Users/zhasanr/Desktop/pico-sdk/src/rp2_common/pico_async_context/async_context_threadsafe_background.c.obj
 .text.async_context_threadsafe_background_wake_up
                0x1000792c       0x4c CMakeFiles/your_app.dir/C_/Users/zhasanr/Desktop/pico-sdk/src/rp2_common/pico_async_context/async_context_threadsafe_background.c.obj
 .text.lock_release
                0x10007978       0x42 CMakeFiles/your_app.dir/C_/Users/zhasanr/Desktop/pico-sdk/src/rp2_common/pico_async_context/async_context_threadsafe_background.c.obj
 *fill*         0x100079ba        0x2 
 .text.async_context_threadsafe_background_execute_sync
                0x100079bc       0x90 CMakeFiles/your_app.dir/C_/Users/zhasanr/Desktop/pico-sdk/src/rp2_common/pico_async_context/async_context_threadsafe_background.c.obj
                0x100079bc                async_context_threadsafe_background_execute_sync
 .text.async_context_threadsafe_background_release_lock
                0x10007a4c        0x8 CMakeFiles/your_app.dir/C_/Users/zhasanr/Desktop/pico-sdk/src/rp2_common/pico_async_context/async_context_threadsafe_background.c.obj
 .text.alarm_handler
                0x10007a54       0x16 CMakeFiles/your_app.dir/C_/Users/zhasanr/Desktop/pico-sdk/src/rp2_common/pico_async_context/async_context_threadsafe_background.c.obj
 .text.async_context_threadsafe_background_set_work_pending
                0x10007a6a        0xc CMakeFiles/your_app.dir/C_/Users/zhasanr/Desktop/pico-sdk/src/rp2_common/pico_async_context/async_context_threadsafe_background.c.obj
 *fill*         0x10007a76        0x2 
 .text.low_prio_irq_deinit
                0x10007a78       0x54 CMakeFiles/your_app.dir/C_/Users/zhasanr/Desktop/pico-sdk/src/rp2_common/pico_async_context/async_context_threadsafe_background.c.obj
 .text.async_context_threadsafe_background_deinit
                0x10007acc       0x68 CMakeFiles/your_app.dir/C_/Users/zhasanr/Desktop/pico-sdk/src/rp2_common/pico_async_context/async_context_threadsafe_background.c.obj
 .text.low_priority_irq_handler
                0x10007b34       0x7c CMakeFiles/your_app.dir/C_/Users/zhasanr/Desktop/pico-sdk/src/rp2_common/pico_async_context/async_context_threadsafe_background.c.obj
 .text.async_context_threadsafe_background_wait_for_work_until
                0x10007bb0        0xa CMakeFiles/your_app.dir/C_/Users/zhasanr/Desktop/pico-sdk/src/rp2_common/pico_async_context/async_context_threadsafe_background.c.obj
 .text.async_context_threadsafe_background_wait_until
                0x10007bba       0x1a CMakeFiles/your_app.dir/C_/Users/zhasanr/Desktop/pico-sdk/src/rp2_common/pico_async_context/async_context_threadsafe_background.c.obj
 .text.async_context_threadsafe_background_when_pending_worker
                0x10007bd4       0x20 CMakeFiles/your_app.dir/C_/Users/zhasanr/Desktop/pico-sdk/src/rp2_common/pico_async_context/async_context_threadsafe_background.c.obj
 .text.async_context_threadsafe_background_add_when_pending_worker
                0x10007bf4       0x20 CMakeFiles/your_app.dir/C_/Users/zhasanr/Desktop/pico-sdk/src/rp2_common/pico_async_context/async_context_threadsafe_background.c.obj
 .text.async_context_threadsafe_background_remove_at_time_worker
                0x10007c14       0x20 CMakeFiles/your_app.dir/C_/Users/zhasanr/Desktop/pico-sdk/src/rp2_common/pico_async_context/async_context_threadsafe_background.c.obj
 .text.async_context_threadsafe_background_add_at_time_worker
                0x10007c34       0x20 CMakeFiles/your_app.dir/C_/Users/zhasanr/Desktop/pico-sdk/src/rp2_common/pico_async_context/async_context_threadsafe_background.c.obj
 .text.alarm_pool_create_with_unused_hardware_alarm
                0x10007c54       0x10 CMakeFiles/your_app.dir/C_/Users/zhasanr/Desktop/pico-sdk/src/rp2_common/pico_async_context/async_context_threadsafe_background.c.obj
 .text.low_prio_irq_init
                0x10007c64       0x84 CMakeFiles/your_app.dir/C_/Users/zhasanr/Desktop/pico-sdk/src/rp2_common/pico_async_context/async_context_threadsafe_background.c.obj
 .text.async_context_threadsafe_background_default_config
                0x10007ce8        0xc CMakeFiles/your_app.dir/C_/Users/zhasanr/Desktop/pico-sdk/src/rp2_common/pico_async_context/async_context_threadsafe_background.c.obj
                0x10007ce8                async_context_threadsafe_background_default_config
 .text.async_context_threadsafe_background_init
                0x10007cf4       0x8c CMakeFiles/your_app.dir/C_/Users/zhasanr/Desktop/pico-sdk/src/rp2_common/pico_async_context/async_context_threadsafe_background.c.obj
                0x10007cf4                async_context_threadsafe_background_init
 .text.async_context_base_add_at_time_worker
                0x10007d80       0x20 CMakeFiles/your_app.dir/C_/Users/zhasanr/Desktop/pico-sdk/src/rp2_common/pico_async_context/async_context_base.c.obj
                0x10007d80                async_context_base_add_at_time_worker
 .text.async_context_base_remove_at_time_worker
                0x10007da0       0x20 CMakeFiles/your_app.dir/C_/Users/zhasanr/Desktop/pico-sdk/src/rp2_common/pico_async_context/async_context_base.c.obj
                0x10007da0                async_context_base_remove_at_time_worker
 .text.async_context_base_add_when_pending_worker
                0x10007dc0       0x1e CMakeFiles/your_app.dir/C_/Users/zhasanr/Desktop/pico-sdk/src/rp2_common/pico_async_context/async_context_base.c.obj
                0x10007dc0                async_context_base_add_when_pending_worker
 .text.async_context_base_remove_when_pending_worker
                0x10007dde       0x1e CMakeFiles/your_app.dir/C_/Users/zhasanr/Desktop/pico-sdk/src/rp2_common/pico_async_context/async_context_base.c.obj
                0x10007dde                async_context_base_remove_when_pending_worker
 .text.async_context_base_remove_ready_at_time_worker
                0x10007dfc       0x70 CMakeFiles/your_app.dir/C_/Users/zhasanr/Desktop/pico-sdk/src/rp2_common/pico_async_context/async_context_base.c.obj
                0x10007dfc                async_context_base_remove_ready_at_time_worker
 .text.async_context_base_refresh_next_timeout
                0x10007e6c       0x3c CMakeFiles/your_app.dir/C_/Users/zhasanr/Desktop/pico-sdk/src/rp2_common/pico_async_context/async_context_base.c.obj
                0x10007e6c                async_context_base_refresh_next_timeout
 .text.async_context_base_execute_once
                0x10007ea8       0x40 CMakeFiles/your_app.dir/C_/Users/zhasanr/Desktop/pico-sdk/src/rp2_common/pico_async_context/async_context_base.c.obj
                0x10007ea8                async_context_base_execute_once
 .text.async_context_base_needs_servicing
                0x10007ee8       0x3c CMakeFiles/your_app.dir/C_/Users/zhasanr/Desktop/pico-sdk/src/rp2_common/pico_async_context/async_context_base.c.obj
                0x10007ee8                async_context_base_needs_servicing
 .text.runtime_run_initializers_from
                0x10007f24       0x18 CMakeFiles/your_app.dir/C_/Users/zhasanr/Desktop/pico-sdk/src/rp2_common/pico_runtime/runtime.c.obj
 .text.first_per_core_initializer
                0x10007f3c        0x2 CMakeFiles/your_app.dir/C_/Users/zhasanr/Desktop/pico-sdk/src/rp2_common/pico_runtime/runtime.c.obj
 *fill*         0x10007f3e        0x2 
 .text.runtime_run_initializers
                0x10007f40       0x10 CMakeFiles/your_app.dir/C_/Users/zhasanr/Desktop/pico-sdk/src/rp2_common/pico_runtime/runtime.c.obj
                0x10007f40                runtime_run_initializers
 .text.runtime_run_per_core_initializers
                0x10007f50       0x10 CMakeFiles/your_app.dir/C_/Users/zhasanr/Desktop/pico-sdk/src/rp2_common/pico_runtime/runtime.c.obj
                0x10007f50                runtime_run_per_core_initializers
 .text.runtime_init_early_resets
                0x10007f60       0x2c CMakeFiles/your_app.dir/C_/Users/zhasanr/Desktop/pico-sdk/src/rp2_common/pico_runtime_init/runtime_init.c.obj
                0x10007f60                runtime_init_early_resets
 .text.runtime_init_usb_power_down
                0x10007f8c       0x20 CMakeFiles/your_app.dir/C_/Users/zhasanr/Desktop/pico-sdk/src/rp2_common/pico_runtime_init/runtime_init.c.obj
                0x10007f8c                runtime_init_usb_power_down
 .text.runtime_init_per_core_enable_coprocessors
                0x10007fac       0x1c CMakeFiles/your_app.dir/C_/Users/zhasanr/Desktop/pico-sdk/src/rp2_common/pico_runtime_init/runtime_init.c.obj
                0x10007fac                runtime_init_per_core_enable_coprocessors
 .text.runtime_init_post_clock_resets
                0x10007fc8       0x20 CMakeFiles/your_app.dir/C_/Users/zhasanr/Desktop/pico-sdk/src/rp2_common/pico_runtime_init/runtime_init.c.obj
                0x10007fc8                runtime_init_post_clock_resets
 .text.runtime_init_bootrom_reset
                0x10007fe8       0x12 CMakeFiles/your_app.dir/C_/Users/zhasanr/Desktop/pico-sdk/src/rp2_common/pico_runtime_init/runtime_init.c.obj
                0x10007fe8                runtime_init_bootrom_reset
 .text.runtime_init_per_core_bootrom_reset
                0x10007ffa       0x12 CMakeFiles/your_app.dir/C_/Users/zhasanr/Desktop/pico-sdk/src/rp2_common/pico_runtime_init/runtime_init.c.obj
                0x10007ffa                runtime_init_per_core_bootrom_reset
 .text.runtime_init_spin_locks_reset
                0x1000800c        0x8 CMakeFiles/your_app.dir/C_/Users/zhasanr/Desktop/pico-sdk/src/rp2_common/pico_runtime_init/runtime_init.c.obj
                0x1000800c                runtime_init_spin_locks_reset
 .text.runtime_init_install_ram_vector_table
                0x10008014       0x48 CMakeFiles/your_app.dir/C_/Users/zhasanr/Desktop/pico-sdk/src/rp2_common/pico_runtime_init/runtime_init.c.obj
                0x10008014                runtime_init_install_ram_vector_table
 .text.start_all_ticks
                0x1000805c       0x28 CMakeFiles/your_app.dir/C_/Users/zhasanr/Desktop/pico-sdk/src/rp2_common/pico_runtime_init/runtime_init_clocks.c.obj
 .text.runtime_init_clocks
                0x10008084       0xc4 CMakeFiles/your_app.dir/C_/Users/zhasanr/Desktop/pico-sdk/src/rp2_common/pico_runtime_init/runtime_init_clocks.c.obj
                0x10008084                runtime_init_clocks
 .text.__rp2350_dcp_engaged_state_save_restore
                0x10008148       0x3a CMakeFiles/your_app.dir/C_/Users/zhasanr/Desktop/pico-sdk/src/rp2_common/pico_double/double_aeabi_dcp.S.obj
 *fill*         0x10008182        0x2 
 .text.__wrap___aeabi_dadd
                0x10008184       0x28 CMakeFiles/your_app.dir/C_/Users/zhasanr/Desktop/pico-sdk/src/rp2_common/pico_double/double_aeabi_dcp.S.obj
                0x1000818c                __wrap___aeabi_dadd
 .text.__wrap___aeabi_dsub
                0x100081ac       0x28 CMakeFiles/your_app.dir/C_/Users/zhasanr/Desktop/pico-sdk/src/rp2_common/pico_double/double_aeabi_dcp.S.obj
                0x100081b4                __wrap___aeabi_dsub
 .text.__wrap___aeabi_dmul
                0x100081d4       0x4c CMakeFiles/your_app.dir/C_/Users/zhasanr/Desktop/pico-sdk/src/rp2_common/pico_double/double_aeabi_dcp.S.obj
                0x100081dc                __wrap___aeabi_dmul
 .text.__wrap___aeabi_ddiv
                0x10008220       0x9c CMakeFiles/your_app.dir/C_/Users/zhasanr/Desktop/pico-sdk/src/rp2_common/pico_double/double_aeabi_dcp.S.obj
                0x10008228                __wrap___aeabi_ddiv
 .text.__wrap___aeabi_i2d
                0x100082bc       0x24 CMakeFiles/your_app.dir/C_/Users/zhasanr/Desktop/pico-sdk/src/rp2_common/pico_double/double_aeabi_dcp.S.obj
                0x100082c4                int2double
                0x100082c4                __wrap___aeabi_i2d
 .text.__wrap___aeabi_ui2d
                0x100082e0       0x24 CMakeFiles/your_app.dir/C_/Users/zhasanr/Desktop/pico-sdk/src/rp2_common/pico_double/double_aeabi_dcp.S.obj
                0x100082e8                uint2double
                0x100082e8                __wrap___aeabi_ui2d
 .text.__wrap___aeabi_d2iz
                0x10008304       0x24 CMakeFiles/your_app.dir/C_/Users/zhasanr/Desktop/pico-sdk/src/rp2_common/pico_double/double_aeabi_dcp.S.obj
                0x1000830c                double2int_z
                0x1000830c                __wrap___aeabi_d2iz
 .text.__wrap___aeabi_d2uiz
                0x10008328       0x24 CMakeFiles/your_app.dir/C_/Users/zhasanr/Desktop/pico-sdk/src/rp2_common/pico_double/double_aeabi_dcp.S.obj
                0x10008330                double2uint
                0x10008330                __wrap___aeabi_d2uiz
                0x10008330                double2uint_z
 .text.__wrap___aeabi_dcmpun
                0x1000834c       0x24 CMakeFiles/your_app.dir/C_/Users/zhasanr/Desktop/pico-sdk/src/rp2_common/pico_double/double_aeabi_dcp.S.obj
                0x10008354                __wrap___aeabi_dcmpun
 .text.__wrap___aeabi_dcmplt
                0x10008370       0x28 CMakeFiles/your_app.dir/C_/Users/zhasanr/Desktop/pico-sdk/src/rp2_common/pico_double/double_aeabi_dcp.S.obj
                0x10008378                __wrap___aeabi_dcmplt
 .text.__wrap___aeabi_dcmple
                0x10008398       0x28 CMakeFiles/your_app.dir/C_/Users/zhasanr/Desktop/pico-sdk/src/rp2_common/pico_double/double_aeabi_dcp.S.obj
                0x100083a0                __wrap___aeabi_dcmple
 .text.__wrap___aeabi_dcmpge
                0x100083c0       0x28 CMakeFiles/your_app.dir/C_/Users/zhasanr/Desktop/pico-sdk/src/rp2_common/pico_double/double_aeabi_dcp.S.obj
                0x100083c8                __wrap___aeabi_dcmpge
 .text.__wrap___aeabi_dcmpgt
                0x100083e8       0x28 CMakeFiles/your_app.dir/C_/Users/zhasanr/Desktop/pico-sdk/src/rp2_common/pico_double/double_aeabi_dcp.S.obj
                0x100083f0                __wrap___aeabi_dcmpgt
 .text.check_alloc
                0x10008410       0x20 CMakeFiles/your_app.dir/C_/Users/zhasanr/Desktop/pico-sdk/src/rp2_common/pico_malloc/malloc.c.obj
 .text.__wrap_malloc
                0x10008430       0x2c CMakeFiles/your_app.dir/C_/Users/zhasanr/Desktop/pico-sdk/src/rp2_common/pico_malloc/malloc.c.obj
                0x10008430                __wrap_malloc
 .text.__wrap_calloc
                0x1000845c       0x30 CMakeFiles/your_app.dir/C_/Users/zhasanr/Desktop/pico-sdk/src/rp2_common/pico_malloc/malloc.c.obj
                0x1000845c                __wrap_calloc
 .text.__wrap_free
                0x1000848c       0x20 CMakeFiles/your_app.dir/C_/Users/zhasanr/Desktop/pico-sdk/src/rp2_common/pico_malloc/malloc.c.obj
                0x1000848c                __wrap_free
 .text._out_null
                0x100084ac        0x2 CMakeFiles/your_app.dir/C_/Users/zhasanr/Desktop/pico-sdk/src/rp2_common/pico_printf/printf.c.obj
 .text._out_fct
                0x100084ae        0xe CMakeFiles/your_app.dir/C_/Users/zhasanr/Desktop/pico-sdk/src/rp2_common/pico_printf/printf.c.obj
 .text._atoi    0x100084bc       0x26 CMakeFiles/your_app.dir/C_/Users/zhasanr/Desktop/pico-sdk/src/rp2_common/pico_printf/printf.c.obj
 .text._out_rev
                0x100084e2       0x8e CMakeFiles/your_app.dir/C_/Users/zhasanr/Desktop/pico-sdk/src/rp2_common/pico_printf/printf.c.obj
 .text._ntoa_format
                0x10008570      0x15a CMakeFiles/your_app.dir/C_/Users/zhasanr/Desktop/pico-sdk/src/rp2_common/pico_printf/printf.c.obj
 .text._ntoa_long
                0x100086ca       0xa0 CMakeFiles/your_app.dir/C_/Users/zhasanr/Desktop/pico-sdk/src/rp2_common/pico_printf/printf.c.obj
 .text._ntoa_long_long
                0x1000876a       0xc0 CMakeFiles/your_app.dir/C_/Users/zhasanr/Desktop/pico-sdk/src/rp2_common/pico_printf/printf.c.obj
 *fill*         0x1000882a        0x6 
 .text._etoa    0x10008830      0x440 CMakeFiles/your_app.dir/C_/Users/zhasanr/Desktop/pico-sdk/src/rp2_common/pico_printf/printf.c.obj
 .text._ftoa    0x10008c70      0x394 CMakeFiles/your_app.dir/C_/Users/zhasanr/Desktop/pico-sdk/src/rp2_common/pico_printf/printf.c.obj
 .text._vsnprintf
                0x10009004      0x624 CMakeFiles/your_app.dir/C_/Users/zhasanr/Desktop/pico-sdk/src/rp2_common/pico_printf/printf.c.obj
 .text.vfctprintf
                0x10009628       0x20 CMakeFiles/your_app.dir/C_/Users/zhasanr/Desktop/pico-sdk/src/rp2_common/pico_printf/printf.c.obj
                0x10009628                vfctprintf
 .text._exit    0x10009648        0x4 CMakeFiles/your_app.dir/C_/Users/zhasanr/Desktop/pico-sdk/src/rp2_common/pico_clib_interface/newlib_interface.c.obj
                0x10009648                _exit
 .text._sbrk    0x1000964c       0x34 CMakeFiles/your_app.dir/C_/Users/zhasanr/Desktop/pico-sdk/src/rp2_common/pico_clib_interface/newlib_interface.c.obj
                0x1000964c                _sbrk
 .text.exit     0x10009680        0x6 CMakeFiles/your_app.dir/C_/Users/zhasanr/Desktop/pico-sdk/src/rp2_common/pico_clib_interface/newlib_interface.c.obj
                0x10009680                exit
 *fill*         0x10009686        0x2 
 .text.__assert_func
                0x10009688       0x38 CMakeFiles/your_app.dir/C_/Users/zhasanr/Desktop/pico-sdk/src/rp2_common/pico_clib_interface/newlib_interface.c.obj
                0x10009688                __assert_func
 .text.runtime_init
                0x100096c0       0x2c CMakeFiles/your_app.dir/C_/Users/zhasanr/Desktop/pico-sdk/src/rp2_common/pico_clib_interface/newlib_interface.c.obj
                0x100096c0                runtime_init
 .text.stdio_out_chars_no_crlf
                0x100096ec        0xe CMakeFiles/your_app.dir/C_/Users/zhasanr/Desktop/pico-sdk/src/rp2_common/pico_stdio/stdio.c.obj
 *fill*         0x100096fa        0x2 
 .text.stdio_out_chars_crlf
                0x100096fc       0x7c CMakeFiles/your_app.dir/C_/Users/zhasanr/Desktop/pico-sdk/src/rp2_common/pico_stdio/stdio.c.obj
 .text.stdio_stack_buffer_flush
                0x10009778       0x40 CMakeFiles/your_app.dir/C_/Users/zhasanr/Desktop/pico-sdk/src/rp2_common/pico_stdio/stdio.c.obj
 .text.stdio_buffered_printer
                0x100097b8       0x20 CMakeFiles/your_app.dir/C_/Users/zhasanr/Desktop/pico-sdk/src/rp2_common/pico_stdio/stdio.c.obj
 .text.stdout_serialize_begin
                0x100097d8       0x2c CMakeFiles/your_app.dir/C_/Users/zhasanr/Desktop/pico-sdk/src/rp2_common/pico_stdio/stdio.c.obj
                0x100097d8                stdout_serialize_begin
 .text.stdout_serialize_end
                0x10009804       0x10 CMakeFiles/your_app.dir/C_/Users/zhasanr/Desktop/pico-sdk/src/rp2_common/pico_stdio/stdio.c.obj
                0x10009804                stdout_serialize_end
 .text.stdio_put_string
                0x10009814       0x88 CMakeFiles/your_app.dir/C_/Users/zhasanr/Desktop/pico-sdk/src/rp2_common/pico_stdio/stdio.c.obj
                0x10009814                stdio_put_string
 .text.stdio_set_driver_enabled
                0x1000989c       0x28 CMakeFiles/your_app.dir/C_/Users/zhasanr/Desktop/pico-sdk/src/rp2_common/pico_stdio/stdio.c.obj
                0x1000989c                stdio_set_driver_enabled
 .text.stdio_flush
                0x100098c4       0x1c CMakeFiles/your_app.dir/C_/Users/zhasanr/Desktop/pico-sdk/src/rp2_common/pico_stdio/stdio.c.obj
                0x100098c4                stdio_flush
 .text.stdio_init_all
                0x100098e0        0x8 CMakeFiles/your_app.dir/C_/Users/zhasanr/Desktop/pico-sdk/src/rp2_common/pico_stdio/stdio.c.obj
                0x100098e0                stdio_init_all
 .text.__wrap_puts
                0x100098e8       0x1e CMakeFiles/your_app.dir/C_/Users/zhasanr/Desktop/pico-sdk/src/rp2_common/pico_stdio/stdio.c.obj
                0x100098e8                stdio_puts
                0x100098e8                __wrap_puts
 *fill*         0x10009906        0x2 
 .text.__wrap_vprintf
                0x10009908       0x40 CMakeFiles/your_app.dir/C_/Users/zhasanr/Desktop/pico-sdk/src/rp2_common/pico_stdio/stdio.c.obj
                0x10009908                stdio_vprintf
                0x10009908                __wrap_vprintf
 .text.__wrap_printf
                0x10009948       0x1c CMakeFiles/your_app.dir/C_/Users/zhasanr/Desktop/pico-sdk/src/rp2_common/pico_stdio/stdio.c.obj
                0x10009948                __wrap_printf
                0x10009948                stdio_printf
 .text.resetd_init
                0x10009964        0x2 CMakeFiles/your_app.dir/C_/Users/zhasanr/Desktop/pico-sdk/src/rp2_common/pico_stdio_usb/reset_interface.c.obj
 *fill*         0x10009966        0x2 
 .text.resetd_reset
                0x10009968        0xc CMakeFiles/your_app.dir/C_/Users/zhasanr/Desktop/pico-sdk/src/rp2_common/pico_stdio_usb/reset_interface.c.obj
 .text.resetd_open
                0x10009974       0x34 CMakeFiles/your_app.dir/C_/Users/zhasanr/Desktop/pico-sdk/src/rp2_common/pico_stdio_usb/reset_interface.c.obj
 .text.resetd_xfer_cb
                0x100099a8        0x4 CMakeFiles/your_app.dir/C_/Users/zhasanr/Desktop/pico-sdk/src/rp2_common/pico_stdio_usb/reset_interface.c.obj
 .text.resetd_control_xfer_cb
                0x100099ac       0x54 CMakeFiles/your_app.dir/C_/Users/zhasanr/Desktop/pico-sdk/src/rp2_common/pico_stdio_usb/reset_interface.c.obj
 .text.tud_descriptor_bos_cb