Archive member included to satisfy reference by file (symbol)

C:/Program Files/Arm/GNU Toolchain mingw-w64-x86_64-arm-none-eabi/bin/../lib/gcc/arm-none-eabi/15.2.1/../../../../arm-none-eabi/lib/thumb/v8-m.main+fp/softfp\libm.a(libm_a-wf_sqrt.o)
                              CMakeFiles/your_app.dir/C_/Users/zhasanr/Desktop/pico-sdk/src/rp2_common/pico_float/float_math.c.obj (sqrtf)
C:/Program Files/Arm/GNU Toolchain mingw-w64-x86_64-arm-none-eabi/bin/../lib/gcc/arm-none-eabi/15.2.1/../../../../arm-none-eabi/lib/thumb/v8-m.main+fp/softfp\libm.a(libm_a-ef_sqrt.o)
                              C:/Program Files/Arm/GNU Toolchain mingw-w64-x86_64-arm-none-eabi/bin/../lib/gcc/arm-none-eabi/15.2.1/../../../../arm-none-eabi/lib/thumb/v8-m.main+fp/softfp\libm.a(libm_a-wf_sqrt.o) (__ieee754_sqrtf)
C:/Program Files/Arm/GNU Toolchain mingw-w64-x86_64-arm-none-eabi/bin/../lib/gcc/arm-none-eabi/15.2.1/thumb/v8-m.main+fp/softfp\libgcc.a(_arm_addsubdf3.o)
                              CMakeFiles/your_app.dir/C_/Users/zhasanr/Desktop/pico-sdk/src/rp2_common/pico_float/float_math.c.obj (__aeabi_f2d)
C:/Program Files/Arm/GNU Toolchain mingw-w64-x86_64-arm-none-eabi/bin/../lib/gcc/arm-none-eabi/15.2.1/thumb/v8-m.main+fp/softfp\libgcc.a(_aeabi_ldivmod.o)
                              CMakeFiles/your_app.dir/FreeRTOS-Kernel/portable/ThirdParty/GCC/RP2350_ARM_NTZ/non_secure/port.c.obj (__aeabi_ldivmod)
C:/Program Files/Arm/GNU Toolchain mingw-w64-x86_64-arm-none-eabi/bin/../lib/gcc/arm-none-eabi/15.2.1/thumb/v8-m.main+fp/softfp\libgcc.a(_aeabi_uldivmod.o)
                              CMakeFiles/your_app.dir/C_/Users/zhasanr/Desktop/pico-sdk/src/rp2_common/hardware_clocks/clocks.c.obj (__aeabi_uldivmod)
C:/Program Files/Arm/GNU Toolchain mingw-w64-x86_64-arm-none-eabi/bin/../lib/gcc/arm-none-eabi/15.2.1/thumb/v8-m.main+fp/softfp\libgcc.a(_udivmoddi4.o)
                              C:/Program Files/Arm/GNU Toolchain mingw-w64-x86_64-arm-none-eabi/bin/../lib/gcc/arm-none-eabi/15.2.1/thumb/v8-m.main+fp/softfp\libgcc.a(_aeabi_ldivmod.o) (__udivmoddi4)
C:/Program Files/Arm/GNU Toolchain mingw-w64-x86_64-arm-none-eabi/bin/../lib/gcc/arm-none-eabi/15.2.1/thumb/v8-m.main+fp/softfp\libgcc.a(_dvmd_tls.o)
                              C:/Program Files/Arm/GNU Toolchain mingw-w64-x86_64-arm-none-eabi/bin/../lib/gcc/arm-none-eabi/15.2.1/thumb/v8-m.main+fp/softfp\libgcc.a(_aeabi_ldivmod.o) (__aeabi_ldiv0)
C:/Program Files/Arm/GNU Toolchain mingw-w64-x86_64-arm-none-eabi/bin/../lib/gcc/arm-none-eabi/15.2.1/../../../../arm-none-eabi/lib/thumb/v8-m.main+fp/softfp\libg.a(libc_a-calloc.o)
                              CMakeFiles/your_app.dir/C_/Users/zhasanr/Desktop/pico-sdk/src/rp2_common/pico_malloc/malloc.c.obj (calloc)
C:/Program Files/Arm/GNU Toolchain mingw-w64-x86_64-arm-none-eabi/bin/../lib/gcc/arm-none-eabi/15.2.1/../../../../arm-none-eabi/lib/thumb/v8-m.main+fp/softfp\libg.a(libc_a-callocr.o)
                              C:/Program Files/Arm/GNU Toolchain mingw-w64-x86_64-arm-none-eabi/bin/../lib/gcc/arm-none-eabi/15.2.1/../../../../arm-none-eabi/lib/thumb/v8-m.main+fp/softfp\libg.a(libc_a-calloc.o) (_calloc_r)
C:/Program Files/Arm/GNU Toolchain mingw-w64-x86_64-arm-none-eabi/bin/../lib/gcc/arm-none-eabi/15.2.1/../../../../arm-none-eabi/lib/thumb/v8-m.main+fp/softfp\libg.a(libc_a-malloc.o)
                              CMakeFiles/your_app.dir/C_/Users/zhasanr/Desktop/pico-sdk/src/rp2_common/pico_malloc/malloc.c.obj (malloc)
C:/Program Files/Arm/GNU Toolchain mingw-w64-x86_64-arm-none-eabi/bin/../lib/gcc/arm-none-eabi/15.2.1/../../../../arm-none-eabi/lib/thumb/v8-m.main+fp/softfp\libg.a(libc_a-mallocr.o)
                              C:/Program Files/Arm/GNU Toolchain mingw-w64-x86_64-arm-none-eabi/bin/../lib/gcc/arm-none-eabi/15.2.1/../../../../arm-none-eabi/lib/thumb/v8-m.main+fp/softfp\libg.a(libc_a-callocr.o) (_malloc_r)
C:/Program Files/Arm/GNU Toolchain mingw-w64-x86_64-arm-none-eabi/bin/../lib/gcc/arm-none-eabi/15.2.1/../../../../arm-none-eabi/lib/thumb/v8-m.main+fp/softfp\libg.a(libc_a-mlock.o)
                              C:/Program Files/Arm/GNU Toolchain mingw-w64-x86_64-arm-none-eabi/bin/../lib/gcc/arm-none-eabi/15.2.1/../../../../arm-none-eabi/lib/thumb/v8-m.main+fp/softfp\libg.a(libc_a-mallocr.o) (__malloc_lock)
C:/Program Files/Arm/GNU Toolchain mingw-w64-x86_64-arm-none-eabi/bin/../lib/gcc/arm-none-eabi/15.2.1/../../../../arm-none-eabi/lib/thumb/v8-m.main+fp/softfp\libg.a(libc_a-realloc.o)
                              CMakeFiles/your_app.dir/C_/Users/zhasanr/Desktop/pico-sdk/src/rp2_common/pico_malloc/malloc.c.obj (realloc)
C:/Program Files/Arm/GNU Toolchain mingw-w64-x86_64-arm-none-eabi/bin/../lib/gcc/arm-none-eabi/15.2.1/../../../../arm-none-eabi/lib/thumb/v8-m.main+fp/softfp\libg.a(libc_a-reallocr.o)
[...]
Memory Configuration

Name             Origin             Length             Attributes
FLASH            0x10000000         0x00400000         xr
RAM              0x20000000         0x00080000         xrw
SCRATCH_X        0x20080000         0x00001000         xrw
SCRATCH_Y        0x20081000         0x00001000         xrw
*default*        0x00000000         0xffffffff

Linker script and memory map

LOAD C:/Program Files/Arm/GNU Toolchain mingw-w64-x86_64-arm-none-eabi/bin/../lib/gcc/arm-none-eabi/15.2.1/thumb/v8-m.main+fp/softfp/crti.o
LOAD C:/Program Files/Arm/GNU Toolchain mingw-w64-x86_64-arm-none-eabi/bin/../lib/gcc/arm-none-eabi/15.2.1/thumb/v8-m.main+fp/softfp/crtbegin.o
LOAD C:/Program Files/Arm/GNU Toolchain mingw-w64-x86_64-arm-none-eabi/bin/../lib/gcc/arm-none-eabi/15.2.1/../../../../arm-none-eabi/lib/thumb/v8-m.main+fp/softfp/crt0.o

.flash_begin    0x10000000        0x0
                0x10000000                        __flash_binary_start = .

.text           0x10000000     0x961c
                0x10000000                        __logical_binary_start = .
 *(.vectors)
 .vectors       0x10000000      0x124 CMakeFiles/your_app.dir/C_/Users/zhasanr/Desktop/pico-sdk/src/rp2_common/pico_crt0/crt0.S.obj
                0x10000000                __VECTOR_TABLE
                0x10000000                __vectors
                0x10000110                __unhandled_user_irq
                0x10000110                isr_irq49
                0x10000110                isr_irq13
                0x10000110                isr_irq43
                0x10000110                isr_irq45
                0x10000110                isr_irq27
                0x10000110                isr_irq32
                0x10000110                isr_irq31
                0x10000110                isr_irq12
                0x10000110                isr_irq5
                0x10000110                isr_irq11
                0x10000110                isr_irq3
                0x10000110                isr_irq23
                0x10000110                isr_usagefault
                0x10000110                isr_irq48
                0x10000110                isr_irq30
                0x10000110                isr_irq18
                0x10000110                isr_irq50
                0x10000110                isr_irq33
                0x10000110                isr_irq40
                0x10000110                isr_irq28
                0x10000110                isr_irq19
                0x10000110                isr_irq36
                0x10000110                isr_irq41
                0x10000110                isr_irq0
                0x10000110                isr_irq6
                0x10000110                isr_irq26
                0x10000110                isr_irq29
                0x10000110                isr_memmanage
                0x10000110                isr_irq37
                0x10000110                isr_irq42
                0x10000110                isr_irq22
                0x10000110                isr_irq35
                0x10000110                isr_irq17
                0x10000110                isr_irq38
                0x10000110                isr_irq14
                0x10000110                __vectors_end
                0x10000110                __default_isrs_start
                0x10000110                isr_irq2
                0x10000110                isr_irq10
                0x10000110                isr_irq8
                0x10000110                isr_debugmonitor
                0x10000110                isr_irq24
                0x10000110                isr_irq46
                0x10000110                isr_irq1
                0x10000110                isr_irq47
                0x10000110                isr_irq51
                0x10000110                isr_irq7
                0x10000110                isr_irq21
                0x10000110                isr_irq39
                0x10000110                isr_irq20
                0x10000110                isr_irq15
                0x10000110                isr_irq25
                0x10000110                isr_irq34
                0x10000110                isr_irq44
                0x10000110                isr_securefault
                0x10000110                isr_irq4
                0x10000110                isr_busfault
                0x10000110                isr_irq16
                0x10000110                isr_irq9
                0x10000116                unhandled_user_irq_num_in_r0
                0x10000118                isr_invalid
                0x1000011a                isr_nmi
                0x1000011c                isr_hardfault
                0x1000011e                isr_svcall
                0x10000120                isr_pendsv
                0x10000122                isr_systick
                0x10000124                __default_isrs_end
 *(.binary_info_header)
 .binary_info_header
                0x10000124       0x14 CMakeFiles/your_app.dir/C_/Users/zhasanr/Desktop/pico-sdk/src/rp2_common/pico_crt0/crt0.S.obj
                0x10000138                        __binary_info_header_end = .
 *(.embedded_block)
 .embedded_block
                0x10000138       0x14 CMakeFiles/your_app.dir/C_/Users/zhasanr/Desktop/pico-sdk/src/rp2_common/pico_crt0/crt0.S.obj
                0x1000014c                        __embedded_block_end = .
 *(.reset)
 .reset         0x1000014c       0x98 CMakeFiles/your_app.dir/C_/Users/zhasanr/Desktop/pico-sdk/src/rp2_common/pico_crt0/crt0.S.obj
                0x1000014c                _entry_point
 *(.init)
 .init          0x100001e4        0x4 C:/Program Files/Arm/GNU Toolchain mingw-w64-x86_64-arm-none-eabi/bin/../lib/gcc/arm-none-eabi/15.2.1/thumb/v8-m.main+fp/softfp/crti.o
                0x100001e4                _init
 *libgcc.a:cmse_nonsecure_call.o()
 *(EXCLUDE_FILE(*libm.a: *libc.a:*lib_a-mem*.o *libgcc.a:) .text*)
 .text.register_tm_clones
                0x100001e8       0x28 C:/Program Files/Arm/GNU Toolchain mingw-w64-x86_64-arm-none-eabi/bin/../lib/gcc/arm-none-eabi/15.2.1/thumb/v8-m.main+fp/softfp/crtbegin.o
 .text.frame_dummy
                0x10000210       0x24 C:/Program Files/Arm/GNU Toolchain mingw-w64-x86_64-arm-none-eabi/bin/../lib/gcc/arm-none-eabi/15.2.1/thumb/v8-m.main+fp/softfp/crtbegin.o
 .text.Producer
                0x10000234       0xa0 CMakeFiles/your_app.dir/src/main.c.obj
                0x10000234                Producer
 .text.Consumer
                0x100002d4       0x94 CMakeFiles/your_app.dir/src/main.c.obj
                0x100002d4                Consumer
 .text.startup.main
                0x10000368       0xa0 CMakeFiles/your_app.dir/src/main.c.obj
                0x10000368                main
 .text.pvPortMalloc
                0x10000408      0x148 CMakeFiles/your_app.dir/FreeRTOS-Kernel/portable/MemMang/heap_4.c.obj
                0x10000408                pvPortMalloc
 .text.vPortFree
                0x10000550       0xc0 CMakeFiles/your_app.dir/FreeRTOS-Kernel/portable/MemMang/heap_4.c.obj
                0x10000550                vPortFree
 .text.pvPortCalloc
                0x10000610       0x34 CMakeFiles/your_app.dir/FreeRTOS-Kernel/portable/MemMang/heap_4.c.obj
                0x10000610                pvPortCalloc
 .text.prvDoorbellInterruptHandler
                0x10000644       0x30 CMakeFiles/your_app.dir/FreeRTOS-Kernel/portable/ThirdParty/GCC/RP2350_ARM_NTZ/non_secure/port.c.obj
 .text.prvTaskExitError
                0x10000674       0x18 CMakeFiles/your_app.dir/FreeRTOS-Kernel/portable/ThirdParty/GCC/RP2350_ARM_NTZ/non_secure/port.c.obj
 .text.SysTick_Handler
                0x1000068c       0x24 CMakeFiles/your_app.dir/FreeRTOS-Kernel/portable/ThirdParty/GCC/RP2350_ARM_NTZ/non_secure/port.c.obj
                0x1000068c                SysTick_Handler
 .text.vPortSetupTimerInterrupt
                0x100006b0       0x2c CMakeFiles/your_app.dir/FreeRTOS-Kernel/portable/ThirdParty/GCC/RP2350_ARM_NTZ/non_secure/port.c.obj
                0x100006b0                vPortSetupTimerInterrupt
 .text.xPortStartSchedulerOnCore.isra.0
                0x100006dc      0x108 CMakeFiles/your_app.dir/FreeRTOS-Kernel/portable/ThirdParty/GCC/RP2350_ARM_NTZ/non_secure/port.c.obj
 .text.prvDisableInterruptsAndPortStartSchedulerOnCore
                0x100007e4       0x10 CMakeFiles/your_app.dir/FreeRTOS-Kernel/portable/ThirdParty/GCC/RP2350_ARM_NTZ/non_secure/port.c.obj
 .text.vPortYield
                0x100007f4       0x18 CMakeFiles/your_app.dir/FreeRTOS-Kernel/portable/ThirdParty/GCC/RP2350_ARM_NTZ/non_secure/port.c.obj
                0x100007f4                vPortYield
 .text.vPortSVCHandler_C
                0x1000080c       0x2c CMakeFiles/your_app.dir/FreeRTOS-Kernel/portable/ThirdParty/GCC/RP2350_ARM_NTZ/non_secure/port.c.obj
                0x1000080c                vPortSVCHandler_C
 .text.pxPortInitialiseStack
                0x10000838       0x7c CMakeFiles/your_app.dir/FreeRTOS-Kernel/portable/ThirdParty/GCC/RP2350_ARM_NTZ/non_secure/port.c.obj
                0x10000838                pxPortInitialiseStack
 .text.xPortStartScheduler
                0x100008b4       0x50 CMakeFiles/your_app.dir/FreeRTOS-Kernel/portable/ThirdParty/GCC/RP2350_ARM_NTZ/non_secure/port.c.obj
                0x100008b4                xPortStartScheduler
 .text.vPortValidateInterruptPriority
                0x10000904       0x14 CMakeFiles/your_app.dir/FreeRTOS-Kernel/portable/ThirdParty/GCC/RP2350_ARM_NTZ/non_secure/port.c.obj
                0x10000904                vPortValidateInterruptPriority
 .text.ulPortLockGetCurrentOwnerId
                0x10000918       0x2c CMakeFiles/your_app.dir/FreeRTOS-Kernel/portable/ThirdParty/GCC/RP2350_ARM_NTZ/non_secure/port.c.obj
                0x10000918                ulPortLockGetCurrentOwnerId
 .text.vPortLockInternalSpinUnlockWithNotify
                0x10000944       0x90 CMakeFiles/your_app.dir/FreeRTOS-Kernel/portable/ThirdParty/GCC/RP2350_ARM_NTZ/non_secure/port.c.obj
                0x10000944                vPortLockInternalSpinUnlockWithNotify
 .text.xPortLockInternalSpinUnlockWithBestEffortWaitOrTimeout
                0x100009d4       0xf8 CMakeFiles/your_app.dir/FreeRTOS-Kernel/portable/ThirdParty/GCC/RP2350_ARM_NTZ/non_secure/port.c.obj
                0x100009d4                xPortLockInternalSpinUnlockWithBestEffortWaitOrTimeout
 .text.startup.prvRuntimeInitializer
                0x10000acc       0x10 CMakeFiles/your_app.dir/FreeRTOS-Kernel/portable/ThirdParty/GCC/RP2350_ARM_NTZ/non_secure/port.c.obj
 .text.vYieldCore
                0x10000adc       0x18 CMakeFiles/your_app.dir/FreeRTOS-Kernel/portable/ThirdParty/GCC/RP2350_ARM_NTZ/non_secure/port.c.obj
                0x10000adc                vYieldCore
 *fill*         0x10000af4        0xc 
 .text.vRestoreContextOfFirstTask
                0x10000b00       0x38 CMakeFiles/your_app.dir/FreeRTOS-Kernel/portable/ThirdParty/GCC/RP2350_ARM_NTZ/non_secure/portasm.c.obj
                0x10000b00                vRestoreContextOfFirstTask
 .text.vStartFirstTask
                0x10000b38       0x10 CMakeFiles/your_app.dir/FreeRTOS-Kernel/portable/ThirdParty/GCC/RP2350_ARM_NTZ/non_secure/portasm.c.obj
                0x10000b38                vStartFirstTask
 .text.ulSetInterruptMask
                0x10000b48       0x18 CMakeFiles/your_app.dir/FreeRTOS-Kernel/portable/ThirdParty/GCC/RP2350_ARM_NTZ/non_secure/portasm.c.obj
                0x10000b48                ulSetInterruptMask
 .text.vClearInterruptMask
                0x10000b60       0x10 CMakeFiles/your_app.dir/FreeRTOS-Kernel/portable/ThirdParty/GCC/RP2350_ARM_NTZ/non_secure/portasm.c.obj
                0x10000b60                vClearInterruptMask
 .text.PendSV_Handler
                0x10000b70       0x98 CMakeFiles/your_app.dir/FreeRTOS-Kernel/portable/ThirdParty/GCC/RP2350_ARM_NTZ/non_secure/portasm.c.obj
                0x10000b70                PendSV_Handler
 .text.SVC_Handler
                0x10000c08       0x18 CMakeFiles/your_app.dir/FreeRTOS-Kernel/portable/ThirdParty/GCC/RP2350_ARM_NTZ/non_secure/portasm.c.obj
                0x10000c08                SVC_Handler
 .text.vEventGroupSetBitsCallback
                0x10000c20       0x6c CMakeFiles/your_app.dir/FreeRTOS-Kernel/event_groups.c.obj
                0x10000c20                vEventGroupSetBitsCallback
 .text.xEventGroupCreate
                0x10000c8c       0x24 CMakeFiles/your_app.dir/FreeRTOS-Kernel/event_groups.c.obj
                0x10000c8c                xEventGroupCreate
 .text.xEventGroupWaitBits
                0x10000cb0       0xac CMakeFiles/your_app.dir/FreeRTOS-Kernel/event_groups.c.obj
                0x10000cb0                xEventGroupWaitBits
 .text.xEventGroupSetBits
                0x10000d5c       0x6c CMakeFiles/your_app.dir/FreeRTOS-Kernel/event_groups.c.obj
                0x10000d5c                xEventGroupSetBits
 .text.xEventGroupSetBitsFromISR
                0x10000dc8       0x18 CMakeFiles/your_app.dir/FreeRTOS-Kernel/event_groups.c.obj
                0x10000dc8                xEventGroupSetBitsFromISR
 .text.vListInitialise
                0x10000de0       0x18 CMakeFiles/your_app.dir/FreeRTOS-Kernel/list.c.obj
                0x10000de0                vListInitialise
 .text.vListInitialiseItem
                0x10000df8        0x8 CMakeFiles/your_app.dir/FreeRTOS-Kernel/list.c.obj
                0x10000df8                vListInitialiseItem
 .text.vListInsertEnd
                0x10000e00       0x1c CMakeFiles/your_app.dir/FreeRTOS-Kernel/list.c.obj
                0x10000e00                vListInsertEnd
 .text.vListInsert
                0x10000e1c       0x38 CMakeFiles/your_app.dir/FreeRTOS-Kernel/list.c.obj
                0x10000e1c                vListInsert
 .text.uxListRemove
                0x10000e54       0x24 CMakeFiles/your_app.dir/FreeRTOS-Kernel/list.c.obj
                0x10000e54                uxListRemove
 .text.prvCopyDataToQueue
                0x10000e78       0x7c CMakeFiles/your_app.dir/FreeRTOS-Kernel/queue.c.obj
 .text.prvUnlockQueue
                0x10000ef4      0x17c CMakeFiles/your_app.dir/FreeRTOS-Kernel/queue.c.obj
 .text.prvNotifyQueueSetContainer
                0x10001070       0x9c CMakeFiles/your_app.dir/FreeRTOS-Kernel/queue.c.obj
 .text.xQueueGenericCreate
                0x1000110c       0xa0 CMakeFiles/your_app.dir/FreeRTOS-Kernel/queue.c.obj
                0x1000110c                xQueueGenericCreate
 .text.xQueueCreateCountingSemaphore
                0x100011ac       0x7c CMakeFiles/your_app.dir/FreeRTOS-Kernel/queue.c.obj
                0x100011ac                xQueueCreateCountingSemaphore
 .text.xQueueGenericSend
                0x10001228      0x114 CMakeFiles/your_app.dir/FreeRTOS-Kernel/queue.c.obj
                0x10001228                xQueueGenericSend
 .text.xQueueGenericSendFromISR
                0x1000133c       0x98 CMakeFiles/your_app.dir/FreeRTOS-Kernel/queue.c.obj
                0x1000133c                xQueueGenericSendFromISR
 .text.xQueueReceive
                0x100013d4       0xfc CMakeFiles/your_app.dir/FreeRTOS-Kernel/queue.c.obj
                0x100013d4                xQueueReceive
 .text.xQueueSemaphoreTake
                0x100014d0      0x12c CMakeFiles/your_app.dir/FreeRTOS-Kernel/queue.c.obj
                0x100014d0                xQueueSemaphoreTake
 .text.vQueueAddToRegistry
                0x100015fc      0x12c CMakeFiles/your_app.dir/FreeRTOS-Kernel/queue.c.obj
                0x100015fc                vQueueAddToRegistry
 .text.vQueueWaitForMessageRestricted
                0x10001728       0x50 CMakeFiles/your_app.dir/FreeRTOS-Kernel/queue.c.obj
                0x10001728                vQueueWaitForMessageRestricted
 .text.prvPassiveIdleTask
                0x10001778       0x20 CMakeFiles/your_app.dir/FreeRTOS-Kernel/tasks.c.obj
 .text.prvYieldForTask
                0x10001798      0x10c CMakeFiles/your_app.dir/FreeRTOS-Kernel/tasks.c.obj
 .text.vTaskExitCritical.part.0
                0x100018a4       0x8c CMakeFiles/your_app.dir/FreeRTOS-Kernel/tasks.c.obj
 .text.prvCreateTask
                0x10001930      0x13c CMakeFiles/your_app.dir/FreeRTOS-Kernel/tasks.c.obj
 .text.prvCheckForRunStateChange
                0x10001a6c      0x15c CMakeFiles/your_app.dir/FreeRTOS-Kernel/tasks.c.obj
 .text.vTaskSuspendAll.part.0
                0x10001bc8      0x124 CMakeFiles/your_app.dir/FreeRTOS-Kernel/tasks.c.obj
 .text.prvCheckTasksWaitingTermination
                0x10001cec      0x190 CMakeFiles/your_app.dir/FreeRTOS-Kernel/tasks.c.obj
 .text.prvIdleTask
                0x10001e7c       0x1c CMakeFiles/your_app.dir/FreeRTOS-Kernel/tasks.c.obj
 .text.prvAddCurrentTaskToDelayedList
                0x10001e98      0x150 CMakeFiles/your_app.dir/FreeRTOS-Kernel/tasks.c.obj
 .text.vTaskSuspendAll
                0x10001fe8       0x10 CMakeFiles/your_app.dir/FreeRTOS-Kernel/tasks.c.obj
                0x10001fe8                vTaskSuspendAll
 .text.xTaskGetTickCount
                0x10001ff8        0xc CMakeFiles/your_app.dir/FreeRTOS-Kernel/tasks.c.obj
                0x10001ff8                xTaskGetTickCount
 .text.uxTaskGetNumberOfTasks
                0x10002004        0xc CMakeFiles/your_app.dir/FreeRTOS-Kernel/tasks.c.obj
                0x10002004                uxTaskGetNumberOfTasks
 .text.xTaskIncrementTick
                0x10002010      0x23c CMakeFiles/your_app.dir/FreeRTOS-Kernel/tasks.c.obj
                0x10002010                xTaskIncrementTick
 .text.vTaskSwitchContext
                0x1000224c      0x370 CMakeFiles/your_app.dir/FreeRTOS-Kernel/tasks.c.obj
                0x1000224c                vTaskSwitchContext
 .text.vTaskPlaceOnEventList
                0x100025bc       0x34 CMakeFiles/your_app.dir/FreeRTOS-Kernel/tasks.c.obj
                0x100025bc                vTaskPlaceOnEventList
 .text.vTaskPlaceOnUnorderedEventList
                0x100025f0       0xac CMakeFiles/your_app.dir/FreeRTOS-Kernel/tasks.c.obj
                0x100025f0                vTaskPlaceOnUnorderedEventList
 .text.vTaskPlaceOnEventListRestricted
                0x1000269c       0xa0 CMakeFiles/your_app.dir/FreeRTOS-Kernel/tasks.c.obj
                0x1000269c                vTaskPlaceOnEventListRestricted
 .text.xTaskRemoveFromEventList
                0x1000273c       0xe4 CMakeFiles/your_app.dir/FreeRTOS-Kernel/tasks.c.obj
                0x1000273c                xTaskRemoveFromEventList
 .text.vTaskInternalSetTimeOutState
                0x10002820       0x18 CMakeFiles/your_app.dir/FreeRTOS-Kernel/tasks.c.obj
                0x10002820                vTaskInternalSetTimeOutState
 .text.vTaskMissedYield
                0x10002838       0x14 CMakeFiles/your_app.dir/FreeRTOS-Kernel/tasks.c.obj
                0x10002838                vTaskMissedYield
 .text.xTaskGetCurrentTaskHandle
                0x1000284c       0x20 CMakeFiles/your_app.dir/FreeRTOS-Kernel/tasks.c.obj
                0x1000284c                xTaskGetCurrentTaskHandle
 .text.xTaskPriorityInherit
                0x1000286c      0x12c CMakeFiles/your_app.dir/FreeRTOS-Kernel/tasks.c.obj
                0x1000286c                xTaskPriorityInherit
 .text.xTaskPriorityDisinherit
                0x10002998       0xd0 CMakeFiles/your_app.dir/FreeRTOS-Kernel/tasks.c.obj
                0x10002998                xTaskPriorityDisinherit
 .text.vTaskPriorityDisinheritAfterTimeout
                0x10002a68       0xe8 CMakeFiles/your_app.dir/FreeRTOS-Kernel/tasks.c.obj
                0x10002a68                vTaskPriorityDisinheritAfterTimeout
 .text.vTaskYieldWithinAPI
                0x10002b50       0x24 CMakeFiles/your_app.dir/FreeRTOS-Kernel/tasks.c.obj
                0x10002b50                vTaskYieldWithinAPI
 .text.vTaskEnterCritical
                0x10002b74      0x11c CMakeFiles/your_app.dir/FreeRTOS-Kernel/tasks.c.obj
                0x10002b74                vTaskEnterCritical
 .text.prvAddNewTaskToReadyList
                0x10002c90       0xf8 CMakeFiles/your_app.dir/FreeRTOS-Kernel/tasks.c.obj
 .text.xTaskCreate
                0x10002d88       0x2c CMakeFiles/your_app.dir/FreeRTOS-Kernel/tasks.c.obj
                0x10002d88                xTaskCreate
 .text.xTaskCreateAffinitySet
                0x10002db4       0x28 CMakeFiles/your_app.dir/FreeRTOS-Kernel/tasks.c.obj
                0x10002db4                xTaskCreateAffinitySet
 .text.vTaskStartScheduler
                0x10002ddc       0xc4 CMakeFiles/your_app.dir/FreeRTOS-Kernel/tasks.c.obj
                0x10002ddc                vTaskStartScheduler
 .text.xTaskResumeAll.part.0
                0x10002ea0      0x1a4 CMakeFiles/your_app.dir/FreeRTOS-Kernel/tasks.c.obj
 .text.xTaskResumeAll
                0x10003044       0x10 CMakeFiles/your_app.dir/FreeRTOS-Kernel/tasks.c.obj
                0x10003044                xTaskResumeAll
 .text.vTaskDelay
                0x10003054       0x5c CMakeFiles/your_app.dir/FreeRTOS-Kernel/tasks.c.obj
                0x10003054                vTaskDelay
 .text.vTaskRemoveFromUnorderedEventList
                0x100030b0       0xa0 CMakeFiles/your_app.dir/FreeRTOS-Kernel/tasks.c.obj
                0x100030b0                vTaskRemoveFromUnorderedEventList
 .text.xTaskCheckForTimeOut
                0x10003150       0xa8 CMakeFiles/your_app.dir/FreeRTOS-Kernel/tasks.c.obj
                0x10003150                xTaskCheckForTimeOut
 .text.vTaskEnterCriticalFromISR
                0x100031f8       0xa0 CMakeFiles/your_app.dir/FreeRTOS-Kernel/tasks.c.obj
                0x100031f8                vTaskEnterCriticalFromISR
 .text.vTaskExitCritical
                0x10003298       0x98 CMakeFiles/your_app.dir/FreeRTOS-Kernel/tasks.c.obj
                0x10003298                vTaskExitCritical
 .text.vTaskExitCriticalFromISR
                0x10003330       0x60 CMakeFiles/your_app.dir/FreeRTOS-Kernel/tasks.c.obj
                0x10003330                vTaskExitCriticalFromISR
 .text.uxTaskResetEventItemValue
                0x10003390       0x44 CMakeFiles/your_app.dir/FreeRTOS-Kernel/tasks.c.obj
                0x10003390                uxTaskResetEventItemValue
 .text.pvTaskIncrementMutexHeldCount
                0x100033d4       0x28 CMakeFiles/your_app.dir/FreeRTOS-Kernel/tasks.c.obj
                0x100033d4                pvTaskIncrementMutexHeldCount
 .text.prvTimerTask
                0x100033fc      0x350 CMakeFiles/your_app.dir/FreeRTOS-Kernel/timers.c.obj
 .text.xTimerCreateTimerTask
                0x1000374c       0x8c CMakeFiles/your_app.dir/FreeRTOS-Kernel/timers.c.obj
                0x1000374c                xTimerCreateTimerTask
 .text.xTimerPendFunctionCallFromISR
                0x100037d8       0x30 CMakeFiles/your_app.dir/FreeRTOS-Kernel/timers.c.obj
                0x100037d8                xTimerPendFunctionCallFromISR
 .text.clock_configure_undivided
                0x10003808       0xdc CMakeFiles/your_app.dir/C_/Users/zhasanr/Desktop/pico-sdk/src/rp2_common/hardware_clocks/clocks.c.obj
                0x10003808                clock_configure_undivided
 .text.clock_get_hz
                0x100038e4        0xc CMakeFiles/your_app.dir/C_/Users/zhasanr/Desktop/pico-sdk/src/rp2_common/hardware_clocks/clocks.c.obj
                0x100038e4                clock_get_hz
 .text.panic    0x100038f0       0x30 CMakeFiles/your_app.dir/C_/Users/zhasanr/Desktop/pico-sdk/src/rp2_common/pico_platform_panic/panic.c.obj
                0x100038f0                panic
 .text.hw_claim_lock
                0x10003920       0x24 CMakeFiles/your_app.dir/C_/Users/zhasanr/Desktop/pico-sdk/src/common/hardware_claim/claim.c.obj
                0x10003920                hw_claim_lock
 .text.hw_claim_unlock
                0x10003944       0x14 CMakeFiles/your_app.dir/C_/Users/zhasanr/Desktop/pico-sdk/src/common/hardware_claim/claim.c.obj
                0x10003944                hw_claim_unlock
 .text.hw_claim_or_assert
                0x10003958       0x58 CMakeFiles/your_app.dir/C_/Users/zhasanr/Desktop/pico-sdk/src/common/hardware_claim/claim.c.obj
                0x10003958                hw_claim_or_assert
 .text.hw_claim_unused_from_range
                0x100039b0       0x84 CMakeFiles/your_app.dir/C_/Users/zhasanr/Desktop/pico-sdk/src/common/hardware_claim/claim.c.obj
                0x100039b0                hw_claim_unused_from_range
 .text.next_striped_spin_lock_num
                0x10003a34       0x18 CMakeFiles/your_app.dir/C_/Users/zhasanr/Desktop/pico-sdk/src/rp2_common/hardware_sync/sync.c.obj
                0x10003a34                next_striped_spin_lock_num
 .text.spin_lock_claim
                0x10003a4c       0x14 CMakeFiles/your_app.dir/C_/Users/zhasanr/Desktop/pico-sdk/src/rp2_common/hardware_sync/sync.c.obj
                0x10003a4c                spin_lock_claim
 .text.spin_lock_claim_unused
                0x10003a60       0x24 CMakeFiles/your_app.dir/C_/Users/zhasanr/Desktop/pico-sdk/src/rp2_common/hardware_sync/sync.c.obj
                0x10003a60                spin_lock_claim_unused
 .text.spinlock_set_extexclall
                0x10003a84       0x10 CMakeFiles/your_app.dir/C_/Users/zhasanr/Desktop/pico-sdk/src/rp2_common/hardware_sync_spin_lock/sync_spin_lock.c.obj
 .text.spin_locks_reset
                0x10003a94       0x18 CMakeFiles/your_app.dir/C_/Users/zhasanr/Desktop/pico-sdk/src/rp2_common/hardware_sync_spin_lock/sync_spin_lock.c.obj
                0x10003a94                spin_locks_reset
 .text.runtime_init_per_core_irq_priorities
                0x10003aac       0x40 CMakeFiles/your_app.dir/C_/Users/zhasanr/Desktop/pico-sdk/src/rp2_common/hardware_irq/irq.c.obj
                0x10003aac                runtime_init_per_core_irq_priorities
 .text.irq_set_enabled
                0x10003aec       0x2c CMakeFiles/your_app.dir/C_/Users/zhasanr/Desktop/pico-sdk/src/rp2_common/hardware_irq/irq.c.obj
                0x10003aec                irq_set_enabled
 .text.irq_is_enabled
                0x10003b18       0x20 CMakeFiles/your_app.dir/C_/Users/zhasanr/Desktop/pico-sdk/src/rp2_common/hardware_irq/irq.c.obj
                0x10003b18                irq_is_enabled
 .text.irq_set_pending
                0x10003b38       0x18 CMakeFiles/your_app.dir/C_/Users/zhasanr/Desktop/pico-sdk/src/rp2_common/hardware_irq/irq.c.obj
                0x10003b38                irq_set_pending
 .text.irq_has_shared_handler
                0x10003b50       0x20 CMakeFiles/your_app.dir/C_/Users/zhasanr/Desktop/pico-sdk/src/rp2_common/hardware_irq/irq.c.obj
                0x10003b50                irq_has_shared_handler
 .text.irq_set_exclusive_handler
                0x10003b70       0x70 CMakeFiles/your_app.dir/C_/Users/zhasanr/Desktop/pico-sdk/src/rp2_common/hardware_irq/irq.c.obj
                0x10003b70                irq_set_exclusive_handler
 .text.irq_add_shared_handler
                0x10003be0      0x1f4 CMakeFiles/your_app.dir/C_/Users/zhasanr/Desktop/pico-sdk/src/rp2_common/hardware_irq/irq.c.obj
                0x10003be0                irq_add_shared_handler
 .text.irq_set_priority
                0x10003dd4       0x28 CMakeFiles/your_app.dir/C_/Users/zhasanr/Desktop/pico-sdk/src/rp2_common/hardware_irq/irq.c.obj
                0x10003dd4                irq_set_priority
 .text.irq_add_tail_to_free_list
                0x10003dfc       0xcc CMakeFiles/your_app.dir/C_/Users/zhasanr/Desktop/pico-sdk/src/rp2_common/hardware_irq/irq.c.obj
                0x10003dfc                irq_add_tail_to_free_list
 .text.user_irq_claim_unused
                0x10003ec8       0x2c CMakeFiles/your_app.dir/C_/Users/zhasanr/Desktop/pico-sdk/src/rp2_common/hardware_irq/irq.c.obj
                0x10003ec8                user_irq_claim_unused
 .text.lock_init
                0x10003ef4        0xc CMakeFiles/your_app.dir/C_/Users/zhasanr/Desktop/pico-sdk/src/common/pico_sync/lock_core.c.obj
                0x10003ef4                lock_init
 .text.runtime_init_mutex
                0x10003f00       0x54 CMakeFiles/your_app.dir/C_/Users/zhasanr/Desktop/pico-sdk/src/common/pico_sync/mutex.c.obj
                0x10003f00                runtime_init_mutex
 .text.mutex_init
                0x10003f54       0x1c CMakeFiles/your_app.dir/C_/Users/zhasanr/Desktop/pico-sdk/src/common/pico_sync/mutex.c.obj
                0x10003f54                mutex_init
 .text.critical_section_init
                0x10003f70       0x1c CMakeFiles/your_app.dir/C_/Users/zhasanr/Desktop/pico-sdk/src/common/pico_sync/critical_section.c.obj
                0x10003f70                critical_section_init
 .text.critical_section_init_with_lock_num
                0x10003f8c       0x10 CMakeFiles/your_app.dir/C_/Users/zhasanr/Desktop/pico-sdk/src/common/pico_sync/critical_section.c.obj
                0x10003f8c                critical_section_init_with_lock_num
 *fill*         0x10003f9c        0x4 
 .text.alarm_pool_irq_handler
                0x10003fa0      0x2ec CMakeFiles/your_app.dir/C_/Users/zhasanr/Desktop/pico-sdk/src/common/pico_time/time.c.obj
 .text.sleep_until_callback
                0x1000428c       0x34 CMakeFiles/your_app.dir/C_/Users/zhasanr/Desktop/pico-sdk/src/common/pico_time/time.c.obj
 .text.runtime_init_default_alarm_pool
                0x100042c0      0x104 CMakeFiles/your_app.dir/C_/Users/zhasanr/Desktop/pico-sdk/src/common/pico_time/time.c.obj
                0x100042c0                runtime_init_default_alarm_pool
 .text.alarm_pool_get_default
                0x100043c4        0x8 CMakeFiles/your_app.dir/C_/Users/zhasanr/Desktop/pico-sdk/src/common/pico_time/time.c.obj
                0x100043c4                alarm_pool_get_default
 .text.alarm_pool_add_alarm_at
                0x100043cc       0xe4 CMakeFiles/your_app.dir/C_/Users/zhasanr/Desktop/pico-sdk/src/common/pico_time/time.c.obj
                0x100043cc                alarm_pool_add_alarm_at
 .text.alarm_pool_add_alarm_at_force_in_context
                0x100044b0       0xcc CMakeFiles/your_app.dir/C_/Users/zhasanr/Desktop/pico-sdk/src/common/pico_time/time.c.obj
                0x100044b0                alarm_pool_add_alarm_at_force_in_context
 .text.alarm_pool_cancel_alarm
                0x1000457c       0x84 CMakeFiles/your_app.dir/C_/Users/zhasanr/Desktop/pico-sdk/src/common/pico_time/time.c.obj
                0x1000457c                alarm_pool_cancel_alarm
 .text.alarm_pool_core_num
                0x10004600        0x4 CMakeFiles/your_app.dir/C_/Users/zhasanr/Desktop/pico-sdk/src/common/pico_time/time.c.obj
                0x10004600                alarm_pool_core_num
 .text.best_effort_wfe_or_timeout
                0x10004604       0xf8 CMakeFiles/your_app.dir/C_/Users/zhasanr/Desktop/pico-sdk/src/common/pico_time/time.c.obj
                0x10004604                best_effort_wfe_or_timeout
 .text.timer_hardware_alarm_claim
                0x100046fc       0x24 CMakeFiles/your_app.dir/C_/Users/zhasanr/Desktop/pico-sdk/src/rp2_common/hardware_timer/timer.c.obj
                0x100046fc                timer_hardware_alarm_claim
 .text.timer_time_us_64
                0x10004720       0x10 CMakeFiles/your_app.dir/C_/Users/zhasanr/Desktop/pico-sdk/src/rp2_common/hardware_timer/timer.c.obj
                0x10004720                timer_time_us_64
 .text.time_us_64
                0x10004730       0x14 CMakeFiles/your_app.dir/C_/Users/zhasanr/Desktop/pico-sdk/src/rp2_common/hardware_timer/timer.c.obj
                0x10004730                time_us_64
 .text.pll_init
                0x10004744       0x90 CMakeFiles/your_app.dir/C_/Users/zhasanr/Desktop/pico-sdk/src/rp2_common/hardware_pll/pll.c.obj
                0x10004744                pll_init
 .text.watchdog_reboot
                0x100047d4       0xac CMakeFiles/your_app.dir/C_/Users/zhasanr/Desktop/pico-sdk/src/rp2_common/hardware_watchdog/watchdog.c.obj
                0x100047d4                watchdog_reboot
 .text.tick_start
                0x10004880       0x18 CMakeFiles/your_app.dir/C_/Users/zhasanr/Desktop/pico-sdk/src/rp2_common/hardware_ticks/ticks.c.obj
                0x10004880                tick_start
 .text.rom_reboot.constprop.0.isra.0
                0x10004898       0x38 CMakeFiles/your_app.dir/C_/Users/zhasanr/Desktop/pico-sdk/src/rp2_common/pico_bootrom/bootrom.c.obj
 .text.rom_func_lookup
                0x100048d0       0x18 CMakeFiles/your_app.dir/C_/Users/zhasanr/Desktop/pico-sdk/src/rp2_common/pico_bootrom/bootrom.c.obj
                0x100048d0                rom_func_lookup
 .text.rom_reset_usb_boot_extra
                0x100048e8       0x1c CMakeFiles/your_app.dir/C_/Users/zhasanr/Desktop/pico-sdk/src/rp2_common/pico_bootrom/bootrom.c.obj
                0x100048e8                rom_reset_usb_boot_extra
 .text.runtime_init_bootrom_locking_enable
                0x10004904       0x14 CMakeFiles/your_app.dir/C_/Users/zhasanr/Desktop/pico-sdk/src/rp2_common/pico_bootrom/bootrom_lock.c.obj
                0x10004904                runtime_init_bootrom_locking_enable
 .text.runtime_init_boot_locks_reset
                0x10004918       0x1c CMakeFiles/your_app.dir/C_/Users/zhasanr/Desktop/pico-sdk/src/rp2_common/hardware_boot_lock/boot_lock.c.obj
                0x10004918                runtime_init_boot_locks_reset
 .text.xosc_init
                0x10004934       0x2c CMakeFiles/your_app.dir/C_/Users/zhasanr/Desktop/pico-sdk/src/rp2_common/hardware_xosc/xosc.c.obj
                0x10004934                xosc_init
 .text.exception_set_exclusive_handler
                0x10004960       0x64 CMakeFiles/your_app.dir/C_/Users/zhasanr/Desktop/pico-sdk/src/rp2_common/hardware_exception/exception.c.obj
                0x10004960                exception_set_exclusive_handler
 .text.core1_trampoline
                0x100049c4        0x4 CMakeFiles/your_app.dir/C_/Users/zhasanr/Desktop/pico-sdk/src/rp2_common/pico_multicore/multicore.c.obj
 .text.core1_wrapper
                0x100049c8       0x14 CMakeFiles/your_app.dir/C_/Users/zhasanr/Desktop/pico-sdk/src/rp2_common/pico_multicore/multicore.c.obj
                0x100049c8                core1_wrapper
 .text.multicore_launch_core1_raw
                0x100049dc       0x80 CMakeFiles/your_app.dir/C_/Users/zhasanr/Desktop/pico-sdk/src/rp2_common/pico_multicore/multicore.c.obj
                0x100049dc                multicore_launch_core1_raw
 .text.multicore_launch_core1
                0x10004a5c       0x48 CMakeFiles/your_app.dir/C_/Users/zhasanr/Desktop/pico-sdk/src/rp2_common/pico_multicore/multicore.c.obj
                0x10004a5c                multicore_launch_core1
 .text.multicore_doorbell_claim_unused
                0x10004aa4       0xf8 CMakeFiles/your_app.dir/C_/Users/zhasanr/Desktop/pico-sdk/src/rp2_common/pico_multicore/multicore.c.obj
                0x10004aa4                multicore_doorbell_claim_unused
 .text.first_per_core_initializer
                0x10004b9c        0x4 CMakeFiles/your_app.dir/C_/Users/zhasanr/Desktop/pico-sdk/src/rp2_common/pico_runtime/runtime.c.obj
 .text.hard_assertion_failure
                0x10004ba0        0xc CMakeFiles/your_app.dir/C_/Users/zhasanr/Desktop/pico-sdk/src/rp2_common/pico_runtime/runtime.c.obj
                0x10004ba0                hard_assertion_failure
 .text.runtime_run_initializers
                0x10004bac       0x20 CMakeFiles/your_app.dir/C_/Users/zhasanr/Desktop/pico-sdk/src/rp2_common/pico_runtime/runtime.c.obj
                0x10004bac                runtime_run_initializers
 .text.runtime_run_per_core_initializers
                0x10004bcc       0x20 CMakeFiles/your_app.dir/C_/Users/zhasanr/Desktop/pico-sdk/src/rp2_common/pico_runtime/runtime.c.obj
                0x10004bcc                runtime_run_per_core_initializers
 .text.runtime_init_early_resets
                0x10004bec       0x30 CMakeFiles/your_app.dir/C_/Users/zhasanr/Desktop/pico-sdk/src/rp2_common/pico_runtime_init/runtime_init.c.obj
                0x10004bec                runtime_init_early_resets
 .text.runtime_init_usb_power_down
                0x10004c1c       0x1c CMakeFiles/your_app.dir/C_/Users/zhasanr/Desktop/pico-sdk/src/rp2_common/pico_runtime_init/runtime_init.c.obj
                0x10004c1c                runtime_init_usb_power_down
 .text.runtime_init_per_core_enable_coprocessors
                0x10004c38       0x1c CMakeFiles/your_app.dir/C_/Users/zhasanr/Desktop/pico-sdk/src/rp2_common/pico_runtime_init/runtime_init.c.obj
                0x10004c38                runtime_init_per_core_enable_coprocessors
 .text.runtime_init_post_clock_resets
                0x10004c54       0x20 CMakeFiles/your_app.dir/C_/Users/zhasanr/Desktop/pico-sdk/src/rp2_common/pico_runtime_init/runtime_init.c.obj
                0x10004c54                runtime_init_post_clock_resets
 .text.runtime_init_bootrom_reset
                0x10004c74       0x14 CMakeFiles/your_app.dir/C_/Users/zhasanr/Desktop/pico-sdk/src/rp2_common/pico_runtime_init/runtime_init.c.obj
                0x10004c74                runtime_init_bootrom_reset
 .text.runtime_init_per_core_bootrom_reset
                0x10004c88       0x14 CMakeFiles/your_app.dir/C_/Users/zhasanr/Desktop/pico-sdk/src/rp2_common/pico_runtime_init/runtime_init.c.obj
                0x10004c88                runtime_init_per_core_bootrom_reset
 .text.runtime_init_spin_locks_reset
                0x10004c9c        0x4 CMakeFiles/your_app.dir/C_/Users/zhasanr/Desktop/pico-sdk/src/rp2_common/pico_runtime_init/runtime_init.c.obj
                0x10004c9c                runtime_init_spin_locks_reset
 .text.runtime_init_install_ram_vector_table
                0x10004ca0       0x68 CMakeFiles/your_app.dir/C_/Users/zhasanr/Desktop/pico-sdk/src/rp2_common/pico_runtime_init/runtime_init.c.obj
                0x10004ca0                runtime_init_install_ram_vector_table
 .text.runtime_init_clocks
                0x10004d08       0xdc CMakeFiles/your_app.dir/C_/Users/zhasanr/Desktop/pico-sdk/src/rp2_common/pico_runtime_init/runtime_init_clocks.c.obj
                0x10004d08                runtime_init_clocks
 .text.__rp2350_dcp_engaged_state_save_restore
                0x10004de4       0x3a CMakeFiles/your_app.dir/C_/Users/zhasanr/Desktop/pico-sdk/src/rp2_common/pico_double/double_aeabi_dcp.S.obj
 *fill*         0x10004e1e        0x2 
 .text.__wrap___aeabi_dadd
                0x10004e20       0x28 CMakeFiles/your_app.dir/C_/Users/zhasanr/Desktop/pico-sdk/src/rp2_common/pico_double/double_aeabi_dcp.S.obj
                0x10004e28                __wrap___aeabi_dadd
 .text.__wrap___aeabi_dsub
                0x10004e48       0x28 CMakeFiles/your_app.dir/C_/Users/zhasanr/Desktop/pico-sdk/src/rp2_common/pico_double/double_aeabi_dcp.S.obj
                0x10004e50                __wrap___aeabi_dsub
 .text.__wrap___aeabi_dmul
                0x10004e70       0x4c CMakeFiles/your_app.dir/C_/Users/zhasanr/Desktop/pico-sdk/src/rp2_common/pico_double/double_aeabi_dcp.S.obj
                0x10004e78                __wrap___aeabi_dmul
 .text.__wrap___aeabi_ddiv
                0x10004ebc       0x9c CMakeFiles/your_app.dir/C_/Users/zhasanr/Desktop/pico-sdk/src/rp2_common/pico_double/double_aeabi_dcp.S.obj
                0x10004ec4                __wrap___aeabi_ddiv
 .text.__wrap___aeabi_i2d
                0x10004f58       0x24 CMakeFiles/your_app.dir/C_/Users/zhasanr/Desktop/pico-sdk/src/rp2_common/pico_double/double_aeabi_dcp.S.obj
                0x10004f60                int2double
                0x10004f60                __wrap___aeabi_i2d
 .text.__wrap___aeabi_ui2d
                0x10004f7c       0x24 CMakeFiles/your_app.dir/C_/Users/zhasanr/Desktop/pico-sdk/src/rp2_common/pico_double/double_aeabi_dcp.S.obj
                0x10004f84                uint2double
                0x10004f84                __wrap___aeabi_ui2d
 .text.__wrap___aeabi_d2iz
                0x10004fa0       0x24 CMakeFiles/your_app.dir/C_/Users/zhasanr/Desktop/pico-sdk/src/rp2_common/pico_double/double_aeabi_dcp.S.obj
                0x10004fa8                double2int_z
                0x10004fa8                __wrap___aeabi_d2iz
 .text.__wrap___aeabi_d2uiz
                0x10004fc4       0x24 CMakeFiles/your_app.dir/C_/Users/zhasanr/Desktop/pico-sdk/src/rp2_common/pico_double/double_aeabi_dcp.S.obj
                0x10004fcc                double2uint
                0x10004fcc                __wrap___aeabi_d2uiz
                0x10004fcc                double2uint_z
 .text.__wrap___aeabi_dcmpun
                0x10004fe8       0x24 CMakeFiles/your_app.dir/C_/Users/zhasanr/Desktop/pico-sdk/src/rp2_common/pico_double/double_aeabi_dcp.S.obj
                0x10004ff0                __wrap___aeabi_dcmpun
 .text.__wrap___aeabi_dcmplt
                0x1000500c       0x28 CMakeFiles/your_app.dir/C_/Users/zhasanr/Desktop/pico-sdk/src/rp2_common/pico_double/double_aeabi_dcp.S.obj
                0x10005014                __wrap___aeabi_dcmplt
 .text.__wrap___aeabi_dcmple
                0x10005034       0x28 CMakeFiles/your_app.dir/C_/Users/zhasanr/Desktop/pico-sdk/src/rp2_common/pico_double/double_aeabi_dcp.S.obj
                0x1000503c                __wrap___aeabi_dcmple
 .text.__wrap___aeabi_dcmpge
                0x1000505c       0x28 CMakeFiles/your_app.dir/C_/Users/zhasanr/Desktop/pico-sdk/src/rp2_common/pico_double/double_aeabi_dcp.S.obj
                0x10005064                __wrap___aeabi_dcmpge
 .text.__wrap___aeabi_dcmpgt
                0x10005084       0x28 CMakeFiles/your_app.dir/C_/Users/zhasanr/Desktop/pico-sdk/src/rp2_common/pico_double/double_aeabi_dcp.S.obj
                0x1000508c                __wrap___aeabi_dcmpgt
 .text._out_null
                0x100050ac        0x4 CMakeFiles/your_app.dir/C_/Users/zhasanr/Desktop/pico-sdk/src/rp2_common/pico_printf/printf.c.obj
 .text._out_rev
                0x100050b0       0xa8 CMakeFiles/your_app.dir/C_/Users/zhasanr/Desktop/pico-sdk/src/rp2_common/pico_printf/printf.c.obj
 .text._ntoa_format
                0x10005158      0x1dc CMakeFiles/your_app.dir/C_/Users/zhasanr/Desktop/pico-sdk/src/rp2_common/pico_printf/printf.c.obj
 .text._out_char
                0x10005334        0x8 CMakeFiles/your_app.dir/C_/Users/zhasanr/Desktop/pico-sdk/src/rp2_common/pico_printf/printf.c.obj
 .text._out_fct
                0x1000533c        0xc CMakeFiles/your_app.dir/C_/Users/zhasanr/Desktop/pico-sdk/src/rp2_common/pico_printf/printf.c.obj
 .text._ftoa    0x10005348      0x494 CMakeFiles/your_app.dir/C_/Users/zhasanr/Desktop/pico-sdk/src/rp2_common/pico_printf/printf.c.obj
 *fill*         0x100057dc        0x4 
 .text._etoa    0x100057e0      0x584 CMakeFiles/your_app.dir/C_/Users/zhasanr/Desktop/pico-sdk/src/rp2_common/pico_printf/printf.c.obj
 .text._vsnprintf
                0x10005d64      0x9d8 CMakeFiles/your_app.dir/C_/Users/zhasanr/Desktop/pico-sdk/src/rp2_common/pico_printf/printf.c.obj
 .text.vfctprintf
                0x1000673c       0x24 CMakeFiles/your_app.dir/C_/Users/zhasanr/Desktop/pico-sdk/src/rp2_common/pico_printf/printf.c.obj
                0x1000673c                vfctprintf
 .text.weak_raw_vprintf
                0x10006760       0x30 CMakeFiles/your_app.dir/C_/Users/zhasanr/Desktop/pico-sdk/src/rp2_common/pico_printf/printf.c.obj
                0x10006760                weak_raw_vprintf
 .text._exit    0x10006790        0x4 CMakeFiles/your_app.dir/C_/Users/zhasanr/Desktop/pico-sdk/src/rp2_common/pico_clib_interface/newlib_interface.c.obj
                0x10006790                _exit
 .text.exit     0x10006794        0x8 CMakeFiles/your_app.dir/C_/Users/zhasanr/Desktop/pico-sdk/src/rp2_common/pico_clib_interface/newlib_interface.c.obj
                0x10006794                exit
 .text.runtime_init
                0x1000679c       0x24 CMakeFiles/your_app.dir/C_/Users/zhasanr/Desktop/pico-sdk/src/rp2_common/pico_clib_interface/newlib_interface.c.obj
                0x1000679c                runtime_init
 .text.stdio_out_chars_no_crlf
                0x100067c0        0x8 CMakeFiles/your_app.dir/C_/Users/zhasanr/Desktop/pico-sdk/src/rp2_common/pico_stdio/stdio.c.obj
 .text.stdio_out_chars_crlf
                0x100067c8       0xc0 CMakeFiles/your_app.dir/C_/Users/zhasanr/Desktop/pico-sdk/src/rp2_common/pico_stdio/stdio.c.obj
 .text.stdio_buffered_printer
                0x10006888       0x5c CMakeFiles/your_app.dir/C_/Users/zhasanr/Desktop/pico-sdk/src/rp2_common/pico_stdio/stdio.c.obj
 .text.stdio_put_string
                0x100068e4       0xec CMakeFiles/your_app.dir/C_/Users/zhasanr/Desktop/pico-sdk/src/rp2_common/pico_stdio/stdio.c.obj
                0x100068e4                stdio_put_string
 .text.stdio_set_driver_enabled
                0x100069d0       0x28 CMakeFiles/your_app.dir/C_/Users/zhasanr/Desktop/pico-sdk/src/rp2_common/pico_stdio/stdio.c.obj
                0x100069d0                stdio_set_driver_enabled
 .text.stdio_init_all
                0x100069f8        0x4 CMakeFiles/your_app.dir/C_/Users/zhasanr/Desktop/pico-sdk/src/rp2_common/pico_stdio/stdio.c.obj
                0x100069f8                stdio_init_all
 .text.__wrap_putchar
                0x100069fc       0x84 CMakeFiles/your_app.dir/C_/Users/zhasanr/Desktop/pico-sdk/src/rp2_common/pico_stdio/stdio.c.obj
                0x100069fc                __wrap_putchar
                0x100069fc                stdio_putchar
 .text.__wrap_puts
                0x10006a80       0x3c CMakeFiles/your_app.dir/C_/Users/zhasanr/Desktop/pico-sdk/src/rp2_common/pico_stdio/stdio.c.obj
                0x10006a80                stdio_puts
                0x10006a80                __wrap_puts
 .text.__wrap_vprintf
                0x10006abc       0xc0 CMakeFiles/your_app.dir/C_/Users/zhasanr/Desktop/pico-sdk/src/rp2_common/pico_stdio/stdio.c.obj
                0x10006abc                stdio_vprintf
                0x10006abc                __wrap_vprintf
 .text.__wrap_printf
                0x10006b7c       0x1c CMakeFiles/your_app.dir/C_/Users/zhasanr/Desktop/pico-sdk/src/rp2_common/pico_stdio/stdio.c.obj
                0x10006b7c                __wrap_printf
                0x10006b7c                stdio_printf
 .text.resetd_init
                0x10006b98        0x4 CMakeFiles/your_app.dir/C_/Users/zhasanr/Desktop/pico-sdk/src/rp2_common/pico_stdio_usb/reset_interface.c.obj
 .text.resetd_reset
                0x10006b9c        0xc CMakeFiles/your_app.dir/C_/Users/zhasanr/Desktop/pico-sdk/src/rp2_common/pico_stdio_usb/reset_interface.c.obj
 .text.resetd_open
                0x10006ba8       0x28 CMakeFiles/your_app.dir/C_/Users/zhasanr/Desktop/pico-sdk/src/rp2_common/pico_stdio_usb/reset_interface.c.obj
 .text.resetd_xfer_cb
                0x10006bd0        0x4 CMakeFiles/your_app.dir/C_/Users/zhasanr/Desktop/pico-sdk/src/rp2_common/pico_stdio_usb/reset_interface.c.obj
 .text.resetd_control_xfer_cb
                0x10006bd4       0x50 CMakeFiles/your_app.dir/C_/Users/zhasanr/Desktop/pico-sdk/src/rp2_common/pico_stdio_usb/reset_interface.c.obj
 .text.tud_descriptor_bos_cb
                0x10006c24        0x8 CMakeFiles/your_app.dir/C_/Users/zhasanr/Desktop/pico-sdk/src/rp2_common/pico_stdio_usb/reset_interface.c.obj
                0x10006c24                tud_descriptor_bos_cb
 .text.tud_vendor_control_xfer_cb
                0x10006c2c       0x28 CMakeFiles/your_app.dir/C_/Users/zhasanr/Desktop/pico-sdk/src/rp2_common/pico_stdio_usb/reset_interface.c.obj
                0x10006c2c                tud_vendor_control_xfer_cb
 .text.usbd_app_driver_get_cb
                0x10006c54       0x10 CMakeFiles/your_app.dir/C_/Users/zhasanr/Desktop/pico-sdk/src/rp2_common/pico_stdio_usb/reset_interface.c.obj
                0x10006c54                usbd_app_driver_get_cb
 .text.tud_cdc_line_coding_cb
                0x10006c64       0x18 CMakeFiles/your_app.dir/C_/Users/zhasanr/Desktop/pico-sdk/src/rp2_common/pico_stdio_usb/reset_interface.c.obj
                0x10006c64                tud_cdc_line_coding_cb
 .text.stdio_usb_set_chars_available_callback
                0x10006c7c       0x14 CMakeFiles/your_app.dir/C_/Users/zhasanr/Desktop/pico-sdk/src/rp2_common/pico_stdio_usb/stdio_usb.c.obj
                0x10006c7c                stdio_usb_set_chars_available_callback
 .text.timer_task
                0x10006c90       0x70 CMakeFiles/your_app.dir/C_/Users/zhasanr/Desktop/pico-sdk/src/rp2_common/pico_stdio_usb/stdio_usb.c.obj
 .text.usb_irq  0x10006d00        0xc CMakeFiles/your_app.dir/C_/Users/zhasanr/Desktop/pico-sdk/src/rp2_common/pico_stdio_usb/stdio_usb.c.obj
 .text.stdio_usb_in_chars
                0x10006d0c       0x88 CMakeFiles/your_app.dir/C_/Users/zhasanr/Desktop/pico-sdk/src/rp2_common/pico_stdio_usb/stdio_usb.c.obj
                0x10006d0c                stdio_usb_in_chars
 .text.stdio_usb_out_flush
                0x10006d94       0x54 CMakeFiles/your_app.dir/C_/Users/zhasanr/Desktop/pico-sdk/src/rp2_common/pico_stdio_usb/stdio_usb.c.obj
 .text.stdio_usb_out_chars
                0x10006de8       0xf0 CMakeFiles/your_app.dir/C_/Users/zhasanr/Desktop/pico-sdk/src/rp2_common/pico_stdio_usb/stdio_usb.c.obj
 .text.low_priority_worker_irq
                0x10006ed8       0xe8 CMakeFiles/your_app.dir/C_/Users/zhasanr/Desktop/pico-sdk/src/rp2_common/pico_stdio_usb/stdio_usb.c.obj
 .text.stdio_usb_init
                0x10006fc0       0xf0 CMakeFiles/your_app.dir/C_/Users/zhasanr/Desktop/pico-sdk/src/rp2_common/pico_stdio_usb/stdio_usb.c.obj
                0x10006fc0                stdio_usb_init
 .text.tud_descriptor_device_cb
                0x100070b0        0x8 CMakeFiles/your_app.dir/C_/Users/zhasanr/Desktop/pico-sdk/src/rp2_common/pico_stdio_usb/stdio_usb_descriptors.c.obj
                0x100070b0                tud_descriptor_device_cb
 .text.tud_descriptor_configuration_cb
                0x100070b8        0x8 CMakeFiles/your_app.dir/C_/Users/zhasanr/Desktop/pico-sdk/src/rp2_common/pico_stdio_usb/stdio_usb_descriptors.c.obj
                0x100070b8                tud_descriptor_configuration_cb
 .text.tud_descriptor_string_cb
                0x100070c0       0x80 CMakeFiles/your_app.dir/C_/Users/zhasanr/Desktop/pico-sdk/src/rp2_common/pico_stdio_usb/stdio_usb_descriptors.c.obj
                0x100070c0                tud_descriptor_string_cb
 .text.startup._retrieve_unique_id_on_boot
                0x10007140       0x2c CMakeFiles/your_app.dir/C_/Users/zhasanr/Desktop/pico-sdk/src/rp2_common/pico_unique_id/unique_id.c.obj
 .text.pico_get_unique_board_id_string
                0x1000716c      0x190 CMakeFiles/your_app.dir/C_/Users/zhasanr/Desktop/pico-sdk/src/rp2_common/pico_unique_id/unique_id.c.obj
                0x1000716c                pico_get_unique_board_id_string
 .text.dcd_init
                0x100072fc       0x9c CMakeFiles/your_app.dir/C_/Users/zhasanr/Desktop/pico-sdk/lib/tinyusb/src/portable/raspberrypi/rp2040/dcd_rp2040.c.obj
                0x100072fc                dcd_init
 .text.dcd_int_enable
                0x10007398        0x8 CMakeFiles/your_app.dir/C_/Users/zhasanr/Desktop/pico-sdk/lib/tinyusb/src/portable/raspberrypi/rp2040/dcd_rp2040.c.obj
                0x10007398                dcd_int_enable
 .text.dcd_set_address
                0x100073a0       0x10 CMakeFiles/your_app.dir/C_/Users/zhasanr/Desktop/pico-sdk/lib/tinyusb/src/portable/raspberrypi/rp2040/dcd_rp2040.c.obj
                0x100073a0                dcd_set_address
 .text.dcd_sof_enable
                0x100073b0       0x1c CMakeFiles/your_app.dir/C_/Users/zhasanr/Desktop/pico-sdk/lib/tinyusb/src/portable/raspberrypi/rp2040/dcd_rp2040.c.obj
                0x100073b0                dcd_sof_enable
 .text.dcd_edpt0_status_complete
                0x100073cc       0x1c CMakeFiles/your_app.dir/C_/Users/zhasanr/Desktop/pico-sdk/lib/tinyusb/src/portable/raspberrypi/rp2040/dcd_rp2040.c.obj
                0x100073cc                dcd_edpt0_status_complete
 .text.dcd_edpt_open
                0x100073e8      0x10c CMakeFiles/your_app.dir/C_/Users/zhasanr/Desktop/pico-sdk/lib/tinyusb/src/portable/raspberrypi/rp2040/dcd_rp2040.c.obj
                0x100073e8                dcd_edpt_open
 .text.dcd_edpt_close_all
                0x100074f4        0x4 CMakeFiles/your_app.dir/C_/Users/zhasanr/Desktop/pico-sdk/lib/tinyusb/src/portable/raspberrypi/rp2040/dcd_rp2040.c.obj
                0x100074f4                dcd_edpt_close_all
 .text.dcd_edpt_xfer
                0x100074f8       0x28 CMakeFiles/your_app.dir/C_/Users/zhasanr/Desktop/pico-sdk/lib/tinyusb/src/portable/raspberrypi/rp2040/dcd_rp2040.c.obj
                0x100074f8                dcd_edpt_xfer
 .text.dcd_edpt_stall
                0x10007520       0x30 CMakeFiles/your_app.dir/C_/Users/zhasanr/Desktop/pico-sdk/lib/tinyusb/src/portable/raspberrypi/rp2040/dcd_rp2040.c.obj
                0x10007520                dcd_edpt_stall
 .text.dcd_edpt_clear_stall
                0x10007550       0x24 CMakeFiles/your_app.dir/C_/Users/zhasanr/Desktop/pico-sdk/lib/tinyusb/src/portable/raspberrypi/rp2040/dcd_rp2040.c.obj
                0x10007550                dcd_edpt_clear_stall
 .text.rp2040_usb_init
                0x10007574       0x40 CMakeFiles/your_app.dir/C_/Users/zhasanr/Desktop/pico-sdk/lib/tinyusb/src/portable/raspberrypi/rp2040/rp2040_usb.c.obj
                0x10007574                rp2040_usb_init
 .text.hw_endpoint_xfer_start
                0x100075b4       0x40 CMakeFiles/your_app.dir/C_/Users/zhasanr/Desktop/pico-sdk/lib/tinyusb/src/portable/raspberrypi/rp2040/rp2040_usb.c.obj
                0x100075b4                hw_endpoint_xfer_start
 .text.configuration_reset
                0x100075f4       0x8c CMakeFiles/your_app.dir/C_/Users/zhasanr/Desktop/pico-sdk/lib/tinyusb/src/device/usbd.c.obj
 .text.tud_event_hook_cb
                0x10007680        0x4 CMakeFiles/your_app.dir/C_/Users/zhasanr/Desktop/pico-sdk/lib/tinyusb/src/device/usbd.c.obj
                0x10007680                tud_event_hook_cb
 .text.tud_sof_cb
                0x10007684        0x4 CMakeFiles/your_app.dir/C_/Users/zhasanr/Desktop/pico-sdk/lib/tinyusb/src/device/usbd.c.obj
                0x10007684                tud_sof_cb
 .text.tud_descriptor_device_qualifier_cb
                0x10007688        0x4 CMakeFiles/your_app.dir/C_/Users/zhasanr/Desktop/pico-sdk/lib/tinyusb/src/device/usbd.c.obj
                0x10007688                tud_descriptor_device_qualifier_cb
 .text.tud_descriptor_other_speed_configuration_cb
                0x1000768c        0x4 CMakeFiles/your_app.dir/C_/Users/zhasanr/Desktop/pico-sdk/lib/tinyusb/src/device/usbd.c.obj
                0x1000768c                tud_descriptor_other_speed_configuration_cb
 .text.tud_mount_cb
                0x10007690        0x4 CMakeFiles/your_app.dir/C_/Users/zhasanr/Desktop/pico-sdk/lib/tinyusb/src/device/usbd.c.obj
                0x10007690                tud_mount_cb
 .text.tud_umount_cb
                0x10007694        0x4 CMakeFiles/your_app.dir/C_/Users/zhasanr/Desktop/pico-sdk/lib/tinyusb/src/device/usbd.c.obj
                0x10007694                tud_umount_cb
 .text.tud_suspend_cb
                0x10007698        0x4 CMakeFiles/your_app.dir/C_/Users/zhasanr/Desktop/pico-sdk/lib/tinyusb/src/device/usbd.c.obj
                0x10007698                tud_suspend_cb
 .text.tud_resume_cb
                0x1000769c        0x4 CMakeFiles/your_app.dir/C_/Users/zhasanr/Desktop/pico-sdk/lib/tinyusb/src/device/usbd.c.obj
                0x1000769c                tud_resume_cb
 .text.tud_mounted
                0x100076a0       0x10 CMakeFiles/your_app.dir/C_/Users/zhasanr/Desktop/pico-sdk/lib/tinyusb/src/device/usbd.c.obj
                0x100076a0                tud_mounted
 .text.tud_suspended
                0x100076b0       0x10 CMakeFiles/your_app.dir/C_/Users/zhasanr/Desktop/pico-sdk/lib/tinyusb/src/device/usbd.c.obj
                0x100076b0                tud_suspended
 .text.tud_rhport_init
                0x100076c0       0xf0 CMakeFiles/your_app.dir/C_/Users/zhasanr/Desktop/pico-sdk/lib/tinyusb/src/device/usbd.c.obj
                0x100076c0                tud_rhport_init
 .text.tud_task_ext
                0x100077b0      0x7cc CMakeFiles/your_app.dir/C_/Users/zhasanr/Desktop/pico-sdk/lib/tinyusb/src/device/usbd.c.obj
                0x100077b0                tud_task_ext
 .text.usbd_open_edpt_pair
                0x10007f7c       0xa0 CMakeFiles/your_app.dir/C_/Users/zhasanr/Desktop/pico-sdk/lib/tinyusb/src/device/usbd.c.obj
                0x10007f7c                usbd_open_edpt_pair
 .text.usbd_edpt_open
                0x1000801c       0x5c CMakeFiles/your_app.dir/C_/Users/zhasanr/Desktop/pico-sdk/lib/tinyusb/src/device/usbd.c.obj
                0x1000801c                usbd_edpt_open
 .text.usbd_edpt_claim
                0x10008078       0x24 CMakeFiles/your_app.dir/C_/Users/zhasanr/Desktop/pico-sdk/lib/tinyusb/src/device/usbd.c.obj
                0x10008078                usbd_edpt_claim
 .text.usbd_edpt_release
                0x1000809c       0x24 CMakeFiles/your_app.dir/C_/Users/zhasanr/Desktop/pico-sdk/lib/tinyusb/src/device/usbd.c.obj
                0x1000809c                usbd_edpt_release
 .text.usbd_edpt_xfer
                0x100080c0       0x70 CMakeFiles/your_app.dir/C_/Users/zhasanr/Desktop/pico-sdk/lib/tinyusb/src/device/usbd.c.obj
                0x100080c0                usbd_edpt_xfer
 .text.tud_control_status
                0x10008130       0x38 CMakeFiles/your_app.dir/C_/Users/zhasanr/Desktop/pico-sdk/lib/tinyusb/src/device/usbd_control.c.obj
                0x10008130                tud_control_status
 .text.tud_control_xfer
                0x10008168       0xb4 CMakeFiles/your_app.dir/C_/Users/zhasanr/Desktop/pico-sdk/lib/tinyusb/src/device/usbd_control.c.obj
                0x10008168                tud_control_xfer
 .text.usbd_control_reset
                0x1000821c       0x14 CMakeFiles/your_app.dir/C_/Users/zhasanr/Desktop/pico-sdk/lib/tinyusb/src/device/usbd_control.c.obj
                0x1000821c                usbd_control_reset
 .text.usbd_control_set_complete_callback
                0x10008230        0xc CMakeFiles/your_app.dir/C_/Users/zhasanr/Desktop/pico-sdk/lib/tinyusb/src/device/usbd_control.c.obj
                0x10008230                usbd_control_set_complete_callback
 .text.usbd_control_set_request
                0x1000823c       0x1c CMakeFiles/your_app.dir/C_/Users/zhasanr/Desktop/pico-sdk/lib/tinyusb/src/device/usbd_control.c.obj
                0x1000823c                usbd_control_set_request
 .text.usbd_control_xfer_cb
                0x10008258      0x104 CMakeFiles/your_app.dir/C_/Users/zhasanr/Desktop/pico-sdk/lib/tinyusb/src/device/usbd_control.c.obj
                0x10008258                usbd_control_xfer_cb
 .text._prep_out_transaction.isra.0
                0x1000835c       0x80 CMakeFiles/your_app.dir/C_/Users/zhasanr/Desktop/pico-sdk/lib/tinyusb/src/class/cdc/cdc_device.c.obj
 .text.tud_cdc_n_connected
                0x100083dc       0x2c CMakeFiles/your_app.dir/C_/Users/zhasanr/Desktop/pico-sdk/lib/tinyusb/src/class/cdc/cdc_device.c.obj
                0x100083dc                tud_cdc_n_connected
 .text.tud_cdc_n_available
                0x10008408       0x14 CMakeFiles/your_app.dir/C_/Users/zhasanr/Desktop/pico-sdk/lib/tinyusb/src/class/cdc/cdc_device.c.obj
                0x10008408                tud_cdc_n_available
 .text.tud_cdc_n_read
                0x1000841c       0x8c CMakeFiles/your_app.dir/C_/Users/zhasanr/Desktop/pico-sdk/lib/tinyusb/src/class/cdc/cdc_device.c.obj
                0x1000841c                tud_cdc_n_read
 .text.tud_cdc_n_write_flush
                0x100084a8       0x94 CMakeFiles/your_app.dir/C_/Users/zhasanr/Desktop/pico-sdk/lib/tinyusb/src/class/cdc/cdc_device.c.obj
                0x100084a8                tud_cdc_n_write_flush
 .text.tud_cdc_n_write
                0x1000853c       0x3c CMakeFiles/your_app.dir/C_/Users/zhasanr/Desktop/pico-sdk/lib/tinyusb/src/class/cdc/cdc_device.c.obj
                0x1000853c                tud_cdc_n_write
 .text.tud_cdc_n_write_available
                0x10008578       0x14 CMakeFiles/your_app.dir/C_/Users/zhasanr/Desktop/pico-sdk/lib/tinyusb/src/class/cdc/cdc_device.c.obj
                0x10008578                tud_cdc_n_write_available
 .text.cdcd_init
                0x1000858c       0x74 CMakeFiles/your_app.dir/C_/Users/zhasanr/Desktop/pico-sdk/lib/tinyusb/src/class/cdc/cdc_device.c.obj
                0x1000858c                cdcd_init
 .text.cdcd_deinit
                0x10008600       0x30 CMakeFiles/your_app.dir/C_/Users/zhasanr/Desktop/pico-sdk/lib/tinyusb/src/class/cdc/cdc_device.c.obj
                0x10008600                cdcd_deinit
 .text.cdcd_reset
                0x10008630       0x50 CMakeFiles/your_app.dir/C_/Users/zhasanr/Desktop/pico-sdk/lib/tinyusb/src/class/cdc/cdc_device.c.obj
                0x10008630                cdcd_reset
 .text.cdcd_open
                0x10008680       0xd0 CMakeFiles/your_app.dir/C_/Users/zhasanr/Desktop/pico-sdk/lib/tinyusb/src/class/cdc/cdc_device.c.obj
                0x10008680                cdcd_open
 .text.cdcd_control_xfer_cb
                0x10008750       0xd0 CMakeFiles/your_app.dir/C_/Users/zhasanr/Desktop/pico-sdk/lib/tinyusb/src/class/cdc/cdc_device.c.obj
                0x10008750                cdcd_control_xfer_cb
 .text.cdcd_xfer_cb
                0x10008820       0xf8 CMakeFiles/your_app.dir/C_/Users/zhasanr/Desktop/pico-sdk/lib/tinyusb/src/class/cdc/cdc_device.c.obj
                0x10008820                cdcd_xfer_cb
 .text.vendord_init
                0x10008918       0x5c CMakeFiles/your_app.dir/C_/Users/zhasanr/Desktop/pico-sdk/lib/tinyusb/src/class/vendor/vendor_device.c.obj
                0x10008918                vendord_init
 .text.vendord_deinit
                0x10008974       0x1c CMakeFiles/your_app.dir/C_/Users/zhasanr/Desktop/pico-sdk/lib/tinyusb/src/class/vendor/vendor_device.c.obj
                0x10008974                vendord_deinit
 .text.vendord_reset
                0x10008990       0x24 CMakeFiles/your_app.dir/C_/Users/zhasanr/Desktop/pico-sdk/lib/tinyusb/src/class/vendor/vendor_device.c.obj
                0x10008990                vendord_reset
 .text.vendord_open
                0x100089b4       0xf4 CMakeFiles/your_app.dir/C_/Users/zhasanr/Desktop/pico-sdk/lib/tinyusb/src/class/vendor/vendor_device.c.obj
                0x100089b4                vendord_open
 .text.vendord_xfer_cb
                0x10008aa8       0x98 CMakeFiles/your_app.dir/C_/Users/zhasanr/Desktop/pico-sdk/lib/tinyusb/src/class/vendor/vendor_device.c.obj
                0x10008aa8                vendord_xfer_cb
 .text.tusb_rhport_init
                0x10008b40       0x6c CMakeFiles/your_app.dir/C_/Users/zhasanr/Desktop/pico-sdk/lib/tinyusb/src/tusb.c.obj
                0x10008b40                tusb_rhport_init
 .text.tu_edpt_claim
                0x10008bac       0x60 CMakeFiles/your_app.dir/C_/Users/zhasanr/Desktop/pico-sdk/lib/tinyusb/src/tusb.c.obj
                0x10008bac                tu_edpt_claim
 .text.tu_edpt_release
                0x10008c0c       0x38 CMakeFiles/your_app.dir/C_/Users/zhasanr/Desktop/pico-sdk/lib/tinyusb/src/tusb.c.obj
                0x10008c0c                tu_edpt_release
 .text.tu_edpt_validate
                0x10008c44       0x60 CMakeFiles/your_app.dir/C_/Users/zhasanr/Desktop/pico-sdk/lib/tinyusb/src/tusb.c.obj
                0x10008c44                tu_edpt_validate
 .text.tu_edpt_bind_driver
                0x10008ca4       0x54 CMakeFiles/your_app.dir/C_/Users/zhasanr/Desktop/pico-sdk/lib/tinyusb/src/tusb.c.obj
                0x10008ca4                tu_edpt_bind_driver
 .text.tu_edpt_stream_init
                0x10008cf8       0x58 CMakeFiles/your_app.dir/C_/Users/zhasanr/Desktop/pico-sdk/lib/tinyusb/src/tusb.c.obj
                0x10008cf8                tu_edpt_stream_init
 .text.tu_edpt_stream_deinit
                0x10008d50        0x4 CMakeFiles/your_app.dir/C_/Users/zhasanr/Desktop/pico-sdk/lib/tinyusb/src/tusb.c.obj
                0x10008d50                tu_edpt_stream_deinit
 .text.tu_edpt_stream_write_zlp_if_needed
                0x10008d54       0x6c CMakeFiles/your_app.dir/C_/Users/zhasanr/Desktop/pico-sdk/lib/tinyusb/src/tusb.c.obj
                0x10008d54                tu_edpt_stream_write_zlp_if_needed
 .text.tu_edpt_stream_write_xfer
                0x10008dc0       0x74 CMakeFiles/your_app.dir/C_/Users/zhasanr/Desktop/pico-sdk/lib/tinyusb/src/tusb.c.obj
                0x10008dc0                tu_edpt_stream_write_xfer
 .text.tu_edpt_stream_read_xfer
                0x10008e34       0xd0 CMakeFiles/your_app.dir/C_/Users/zhasanr/Desktop/pico-sdk/lib/tinyusb/src/tusb.c.obj
                0x10008e34                tu_edpt_stream_read_xfer
 .text.tu_fifo_config
                0x10008f04       0x60 CMakeFiles/your_app.dir/C_/Users/zhasanr/Desktop/pico-sdk/lib/tinyusb/src/common/tusb_fifo.c.obj
                0x10008f04                tu_fifo_config
 .text.tu_fifo_count
                0x10008f64       0x20 CMakeFiles/your_app.dir/C_/Users/zhasanr/Desktop/pico-sdk/lib/tinyusb/src/common/tusb_fifo.c.obj
                0x10008f64                tu_fifo_count
 .text.tu_fifo_empty
                0x10008f84       0x14 CMakeFiles/your_app.dir/C_/Users/zhasanr/Desktop/pico-sdk/lib/tinyusb/src/common/tusb_fifo.c.obj
                0x10008f84                tu_fifo_empty
 .text.tu_fifo_remaining
                0x10008f98       0x24 CMakeFiles/your_app.dir/C_/Users/zhasanr/Desktop/pico-sdk/lib/tinyusb/src/common/tusb_fifo.c.obj
                0x10008f98                tu_fifo_remaining
 .text.tu_fifo_read
                0x10008fbc       0x9c CMakeFiles/your_app.dir/C_/Users/zhasanr/Desktop/pico-sdk/lib/tinyusb/src/common/tusb_fifo.c.obj
                0x10008fbc                tu_fifo_read
 .text.tu_fifo_read_n
                0x10009058       0xe0 CMakeFiles/your_app.dir/C_/Users/zhasanr/Desktop/pico-sdk/lib/tinyusb/src/common/tusb_fifo.c.obj
                0x10009058                tu_fifo_read_n
 .text.tu_fifo_write
                0x10009138       0xa8 CMakeFiles/your_app.dir/C_/Users/zhasanr/Desktop/pico-sdk/lib/tinyusb/src/common/tusb_fifo.c.obj
                0x10009138                tu_fifo_write
 .text.tu_fifo_write_n
                0x100091e0      0x150 CMakeFiles/your_app.dir/C_/Users/zhasanr/Desktop/pico-sdk/lib/tinyusb/src/common/tusb_fifo.c.obj
                0x100091e0                tu_fifo_write_n
 .text.tu_fifo_clear
                0x10009330       0x38 CMakeFiles/your_app.dir/C_/Users/zhasanr/Desktop/pico-sdk/lib/tinyusb/src/common/tusb_fifo.c.obj
                0x10009330                tu_fifo_clear
 .text.tu_fifo_set_overwritable
                0x10009368       0x3c CMakeFiles/your_app.dir/C_/Users/zhasanr/Desktop/pico-sdk/lib/tinyusb/src/common/tusb_fifo.c.obj
                0x10009368                tu_fifo_set_overwritable
 .text.memset   0x100093a4       0x88 C:/Program Files/Arm/GNU Toolchain mingw-w64-x86_64-arm-none-eabi/bin/../lib/gcc/arm-none-eabi/15.2.1/../../../../arm-none-eabi/lib/thumb/v8-m.main+fp/softfp\libg.a(libc_a-memset.o)
                0x100093a4                memset
 .text          0x1000942c       0xec C:/Program Files/Arm/GNU Toolchain mingw-w64-x86_64-arm-none-eabi/bin/../lib/gcc/arm-none-eabi/15.2.1/../../../../arm-none-eabi/lib/thumb/v8-m.main+fp/softfp\libg.a(libc_a-memcpy.o)
                0x1000942c                memcpy
 .text.strlen   0x10009518       0x5c C:/Program Files/Arm/GNU Toolchain mingw-w64-x86_64-arm-none-eabi/bin/../lib/gcc/arm-none-eabi/15.2.1/../../../../arm-none-eabi/lib/thumb/v8-m.main+fp/softfp\libg.a(libc_a-strlen-stub.o)
                0x10009518                strlen
 *(.fini)
 .fini          0x10009574        0x4 C:/Program Files/Arm/GNU Toolchain mingw-w64-x86_64-arm-none-eabi/bin/../lib/gcc/arm-none-eabi/15.2.1/thumb/v8-m.main+fp/softfp/crti.o
                0x10009574                _fini
 .fini.__stub   0x10009578       0x58 linker stubs
 *crtbegin.o(.ctors)
 *crtbegin?.o(.ctors)
 *(EXCLUDE_FILE(*crtend.o *crtend?.o) .ctors)
 *(SORT_BY_NAME(.ctors.*))
 *(.ctors)
 *crtbegin.o(.dtors)
 *crtbegin?.o(.dtors)
 *(EXCLUDE_FILE(*crtend.o *crtend?.o) .dtors)
 *(SORT_BY_NAME(.dtors.*))
 *(.dtors)
                0x100095d0                        . = ALIGN (0x4)
                0x100095d0                        PROVIDE (__preinit_array_start = .)
 *(SORT_BY_NAME(.preinit_array.*))
 .preinit_array.00050
                0x100095d0        0x4 CMakeFiles/your_app.dir/C_/Users/zhasanr/Desktop/pico-sdk/src/rp2_common/pico_runtime_init/runtime_init.c.obj
                0x100095d0                __pre_init_runtime_init_bootrom_reset
 .preinit_array.00100
                0x100095d4        0x4 CMakeFiles/your_app.dir/C_/Users/zhasanr/Desktop/pico-sdk/src/rp2_common/pico_runtime_init/runtime_init.c.obj
                0x100095d4                __pre_init_runtime_init_early_resets
 .preinit_array.00101
                0x100095d8        0x4 CMakeFiles/your_app.dir/C_/Users/zhasanr/Desktop/pico-sdk/src/rp2_common/pico_runtime_init/runtime_init.c.obj
                0x100095d8                __pre_init_runtime_init_usb_power_down
 .preinit_array.00500
                0x100095dc        0x4 CMakeFiles/your_app.dir/C_/Users/zhasanr/Desktop/pico-sdk/src/rp2_common/pico_runtime_init/runtime_init.c.obj
                0x100095dc                __pre_init_runtime_init_clocks
 .preinit_array.00600
                0x100095e0        0x4 CMakeFiles/your_app.dir/C_/Users/zhasanr/Desktop/pico-sdk/src/rp2_common/pico_runtime_init/runtime_init.c.obj
                0x100095e0                __pre_init_runtime_init_post_clock_resets
 .preinit_array.01000
                0x100095e4        0x4 CMakeFiles/your_app.dir/C_/Users/zhasanr/Desktop/pico-sdk/src/rp2_common/hardware_boot_lock/boot_lock.c.obj
                0x100095e4                __pre_init_runtime_init_boot_locks_reset
 .preinit_array.01000
                0x100095e8        0x4 CMakeFiles/your_app.dir/C_/Users/zhasanr/Desktop/pico-sdk/src/rp2_common/pico_runtime_init/runtime_init.c.obj
                0x100095e8                __pre_init_runtime_init_spin_locks_reset
 .preinit_array.01010
                0x100095ec        0x4 CMakeFiles/your_app.dir/C_/Users/zhasanr/Desktop/pico-sdk/src/rp2_common/pico_bootrom/bootrom_lock.c.obj
                0x100095ec                __pre_init_runtime_init_bootrom_locking_enable
 .preinit_array.01100
                0x100095f0        0x4 CMakeFiles/your_app.dir/C_/Users/zhasanr/Desktop/pico-sdk/src/common/pico_sync/mutex.c.obj
                0x100095f0                __pre_init_runtime_init_mutex
 .preinit_array.10080
                0x100095f4        0x4 CMakeFiles/your_app.dir/C_/Users/zhasanr/Desktop/pico-sdk/src/rp2_common/pico_runtime_init/runtime_init.c.obj
                0x100095f4                __pre_init_runtime_init_install_ram_vector_table
 .preinit_array.11000
                0x100095f8        0x4 CMakeFiles/your_app.dir/C_/Users/zhasanr/Desktop/pico-sdk/src/common/pico_time/time.c.obj
                0x100095f8                __pre_init_runtime_init_default_alarm_pool
 .preinit_array.YYYYY
                0x100095fc        0x4 CMakeFiles/your_app.dir/C_/Users/zhasanr/Desktop/pico-sdk/src/rp2_common/pico_runtime/runtime.c.obj
                0x100095fc                __pre_init_first_per_core_initializer
 .preinit_array.ZZZZZ.00051
                0x10009600        0x4 CMakeFiles/your_app.dir/C_/Users/zhasanr/Desktop/pico-sdk/src/rp2_common/pico_runtime_init/runtime_init.c.obj
                0x10009600                __pre_init_runtime_init_per_core_bootrom_reset
 .preinit_array.ZZZZZ.00200
                0x10009604        0x4 CMakeFiles/your_app.dir/C_/Users/zhasanr/Desktop/pico-sdk/src/rp2_common/pico_runtime_init/runtime_init.c.obj
                0x10009604                __pre_init_runtime_init_per_core_enable_coprocessors
 .preinit_array.ZZZZZ.01000
                0x10009608        0x4 CMakeFiles/your_app.dir/C_/Users/zhasanr/Desktop/pico-sdk/src/rp2_common/hardware_sync_spin_lock/sync_spin_lock.c.obj
                0x10009608                __pre_init_spinlock_set_extexclall
 .preinit_array.ZZZZZ.01200
                0x1000960c        0x4 CMakeFiles/your_app.dir/C_/Users/zhasanr/Desktop/pico-sdk/src/rp2_common/hardware_irq/irq.c.obj
                0x1000960c                __pre_init_runtime_init_per_core_irq_priorities
 *(.preinit_array)
                0x10009610                        PROVIDE (__preinit_array_end = .)
                0x10009610                        . = ALIGN (0x4)
                0x10009610                        PROVIDE (__init_array_start = .)
 *(SORT_BY_NAME(.init_array.*))
 .init_array.01000
                0x10009610        0x4 CMakeFiles/your_app.dir/C_/Users/zhasanr/Desktop/pico-sdk/src/rp2_common/pico_unique_id/unique_id.c.obj
 *(.init_array)
 .init_array    0x10009614        0x4 C:/Program Files/Arm/GNU Toolchain mingw-w64-x86_64-arm-none-eabi/bin/../lib/gcc/arm-none-eabi/15.2.1/thumb/v8-m.main+fp/softfp/crtbegin.o
 .init_array    0x10009618        0x4 CMakeFiles/your_app.dir/FreeRTOS-Kernel/portable/ThirdParty/GCC/RP2350_ARM_NTZ/non_secure/port.c.obj
                0x1000961c                        PROVIDE (__init_array_end = .)
                0x1000961c                        . = ALIGN (0x4)
                [!provide]                        PROVIDE (__fini_array_start = .)
 *(SORT_BY_NAME(.fini_array.*))
 *(.fini_array)
                [!provide]                        PROVIDE (__fini_array_end = .)
 *(.eh_frame*)
 .eh_frame      0x1000961c        0x0 C:/Program Files/Arm/GNU Toolchain mingw-w64-x86_64-arm-none-eabi/bin/../lib/gcc/arm-none-eabi/15.2.1/thumb/v8-m.main+fp/softfp/crtbegin.o
                0x1000961c                        . = ALIGN (0x4)

.glue_7         0x1000961c        0x0
 .glue_7        0x1000961c        0x0 linker stubs

.glue_7t        0x1000961c        0x0
 .glue_7t       0x1000961c        0x0 linker stubs

.vfp11_veneer   0x1000961c        0x0
 .vfp11_veneer  0x1000961c        0x0 linker stubs

.v4_bx          0x1000961c        0x0
 .v4_bx         0x1000961c        0x0 linker stubs

.iplt           0x1000961c        0x0
 .iplt          0x1000961c        0x0 C:/Program Files/Arm/GNU Toolchain mingw-w64-x86_64-arm-none-eabi/bin/../lib/gcc/arm-none-eabi/15.2.1/thumb/v8-m.main+fp/softfp/crtbegin.o

.boot2          0x1000961c        0x0
                0x1000961c                        __boot2_start__ = .
 *(.boot2)
                0x1000961c                        __boot2_end__ = .
                0x00000001                        ASSERT (((__boot2_end__ - __boot2_start__) <= 0x100), ERROR: Pico second stage bootloader must be no more than 256 bytes in size)

.rodata         0x10009620      0x45c
 *(EXCLUDE_FILE(*libm.a: *libc.a:*lib_a-mem*.o *libgcc.a:) .rodata*)
 .rodata.Producer.str1.4
                0x10009620      0x1f8 CMakeFiles/your_app.dir/src/main.c.obj
                                 0x26 (size before relaxing)
 .rodata.Consumer.str1.4
                0x10009818        0x0 CMakeFiles/your_app.dir/src/main.c.obj
                                  0x8 (size before relaxing)
 .rodata.main.str1.4
                0x10009818        0x0 CMakeFiles/your_app.dir/src/main.c.obj
                                 0x17 (size before relaxing)
 .rodata.uxTopUsedPriority
                0x10009818        0x4 CMakeFiles/your_app.dir/FreeRTOS-Kernel/tasks.c.obj
 .rodata.xTimerCreateTimerTask.str1.4
                0x1000981c        0x0 CMakeFiles/your_app.dir/FreeRTOS-Kernel/timers.c.obj
                                 0x10 (size before relaxing)
 .rodata.panic.str1.4
                0x1000981c        0x0 CMakeFiles/your_app.dir/C_/Users/zhasanr/Desktop/pico-sdk/src/rp2_common/pico_platform_panic/panic.c.obj
                                 0x12 (size before relaxing)
 .rodata.spin_lock_claim.str1.4
                0x1000981c        0x0 CMakeFiles/your_app.dir/C_/Users/zhasanr/Desktop/pico-sdk/src/rp2_common/hardware_sync/sync.c.obj
                                 0x1f (size before relaxing)
 .rodata.spin_lock_claim_unused.str1.4
                0x1000981c        0x0 CMakeFiles/your_app.dir/C_/Users/zhasanr/Desktop/pico-sdk/src/rp2_common/hardware_sync/sync.c.obj
                                 0x1b (size before relaxing)
 .rodata.user_irq_claim_unused.str1.4
                0x1000981c        0x0 CMakeFiles/your_app.dir/C_/Users/zhasanr/Desktop/pico-sdk/src/rp2_common/hardware_irq/irq.c.obj
                                 0x1b (size before relaxing)
 .rodata.timer_hardware_alarm_claim.str1.4
                0x1000981c        0x0 CMakeFiles/your_app.dir/C_/Users/zhasanr/Desktop/pico-sdk/src/rp2_common/hardware_timer/timer.c.obj
                                 0x22 (size before relaxing)
 .rodata.multicore_doorbell_claim_unused.str1.4
                0x1000981c        0x0 CMakeFiles/your_app.dir/C_/Users/zhasanr/Desktop/pico-sdk/src/rp2_common/pico_multicore/multicore.c.obj
                                 0x12 (size before relaxing)
 .rodata.hard_assertion_failure.str1.4
                0x1000981c        0x0 CMakeFiles/your_app.dir/C_/Users/zhasanr/Desktop/pico-sdk/src/rp2_common/pico_runtime/runtime.c.obj
                                  0xc (size before relaxing)
 .rodata.str1.4
                0x1000981c        0x0 CMakeFiles/your_app.dir/C_/Users/zhasanr/Desktop/pico-sdk/src/rp2_common/pico_standard_binary_info/standard_binary_info.c.obj
                                 0x40 (size before relaxing)
 .rodata.__bi_84
                0x1000981c        0xc CMakeFiles/your_app.dir/C_/Users/zhasanr/Desktop/pico-sdk/src/rp2_common/pico_standard_binary_info/standard_binary_info.c.obj
 .rodata.__bi_78
                0x10009828        0xc CMakeFiles/your_app.dir/C_/Users/zhasanr/Desktop/pico-sdk/src/rp2_common/pico_standard_binary_info/standard_binary_info.c.obj
 .rodata.__bi_54
                0x10009834        0xc CMakeFiles/your_app.dir/C_/Users/zhasanr/Desktop/pico-sdk/src/rp2_common/pico_standard_binary_info/standard_binary_info.c.obj
 .rodata.__bi_48
                0x10009840        0xc CMakeFiles/your_app.dir/C_/Users/zhasanr/Desktop/pico-sdk/src/rp2_common/pico_standard_binary_info/standard_binary_info.c.obj
 .rodata.__bi_42
                0x1000984c        0xc CMakeFiles/your_app.dir/C_/Users/zhasanr/Desktop/pico-sdk/src/rp2_common/pico_standard_binary_info/standard_binary_info.c.obj
 .rodata.__bi_34
                0x10009858        0xc CMakeFiles/your_app.dir/C_/Users/zhasanr/Desktop/pico-sdk/src/rp2_common/pico_standard_binary_info/standard_binary_info.c.obj
 .rodata.__bi_26
                0x10009864        0xc CMakeFiles/your_app.dir/C_/Users/zhasanr/Desktop/pico-sdk/src/rp2_common/pico_standard_binary_info/standard_binary_info.c.obj
 .rodata._ftoa.str1.4
                0x10009870        0x0 CMakeFiles/your_app.dir/C_/Users/zhasanr/Desktop/pico-sdk/src/rp2_common/pico_printf/printf.c.obj
                                 0x15 (size before relaxing)
 .rodata.pow10.0
                0x10009870       0x50 CMakeFiles/your_app.dir/C_/Users/zhasanr/Desktop/pico-sdk/src/rp2_common/pico_printf/printf.c.obj
 .rodata.crlf_str.0
                0x100098c0        0x2 CMakeFiles/your_app.dir/C_/Users/zhasanr/Desktop/pico-sdk/src/rp2_common/pico_stdio/stdio.c.obj
 *fill*         0x100098c2        0x2 
 .rodata._resetd_driver
                0x100098c4       0x20 CMakeFiles/your_app.dir/C_/Users/zhasanr/Desktop/pico-sdk/src/rp2_common/pico_stdio_usb/reset_interface.c.obj
 .rodata.desc_ms_os_20
                0x100098e4       0xa6 CMakeFiles/your_app.dir/C_/Users/zhasanr/Desktop/pico-sdk/src/rp2_common/pico_stdio_usb/reset_interface.c.obj
 *fill*         0x1000998a        0x2 
 .rodata.desc_bos
                0x1000998c       0x21 CMakeFiles/your_app.dir/C_/Users/zhasanr/Desktop/pico-sdk/src/rp2_common/pico_stdio_usb/reset_interface.c.obj
                0x1000998c                desc_bos
 .rodata.str1.4
                0x100099ad        0x0 CMakeFiles/your_app.dir/C_/Users/zhasanr/Desktop/pico-sdk/src/rp2_common/pico_stdio_usb/stdio_usb.c.obj
                                 0x13 (size before relaxing)
 *fill*         0x100099ad        0x3 
 .rodata.__bi_202.0
                0x100099b0        0xc CMakeFiles/your_app.dir/C_/Users/zhasanr/Desktop/pico-sdk/src/rp2_common/pico_stdio_usb/stdio_usb.c.obj
 .rodata.str1.4
                0x100099bc        0x0 CMakeFiles/your_app.dir/C_/Users/zhasanr/Desktop/pico-sdk/src/rp2_common/pico_stdio_usb/stdio_usb_descriptors.c.obj
                                 0x2a (size before relaxing)
 .rodata.usbd_desc_str
                0x100099bc       0x18 CMakeFiles/your_app.dir/C_/Users/zhasanr/Desktop/pico-sdk/src/rp2_common/pico_stdio_usb/stdio_usb_descriptors.c.obj
 .rodata.usbd_desc_cfg
                0x100099d4       0x54 CMakeFiles/your_app.dir/C_/Users/zhasanr/Desktop/pico-sdk/src/rp2_common/pico_stdio_usb/stdio_usb_descriptors.c.obj
 .rodata.usbd_desc_device
                0x10009a28       0x12 CMakeFiles/your_app.dir/C_/Users/zhasanr/Desktop/pico-sdk/src/rp2_common/pico_stdio_usb/stdio_usb_descriptors.c.obj
 .rodata.str1.4
                0x10009a3a        0x0 CMakeFiles/your_app.dir/C_/Users/zhasanr/Desktop/pico-sdk/lib/tinyusb/src/portable/raspberrypi/rp2040/dcd_rp2040.c.obj
                                 0x14 (size before relaxing)
 .rodata.str1.4
                0x10009a3a        0x0 CMakeFiles/your_app.dir/C_/Users/zhasanr/Desktop/pico-sdk/lib/tinyusb/src/portable/raspberrypi/rp2040/rp2040_usb.c.obj
                                 0x48 (size before relaxing)
 *fill*         0x10009a3a        0x2 
 .rodata._usbd_driver
                0x10009a3c       0x40 CMakeFiles/your_app.dir/C_/Users/zhasanr/Desktop/pico-sdk/lib/tinyusb/src/device/usbd.c.obj
 *(.srodata*)
                0x10009a7c                        . = ALIGN (0x4)
 *(SORT_BY_ALIGNMENT(SORT_BY_NAME(.flashdata*)))
                0x10009a7c                        . = ALIGN (0x4)

.ARM.extab
 *(.ARM.extab* .gnu.linkonce.armextab.*)
                0x10009a7c                        __exidx_start = .

.ARM.exidx      0x10009a7c        0x8
 *(.ARM.exidx* .gnu.linkonce.armexidx.*)
 .ARM.exidx     0x10009a7c        0x8 C:/Program Files/Arm/GNU Toolchain mingw-w64-x86_64-arm-none-eabi/bin/../lib/gcc/arm-none-eabi/15.2.1/../../../../arm-none-eabi/lib/thumb/v8-m.main+fp/softfp\libg.a(libc_a-memcpy.o)
 .ARM.exidx.text.__udivmoddi4
                0x10009a84        0x0 C:/Program Files/Arm/GNU Toolchain mingw-w64-x86_64-arm-none-eabi/bin/../lib/gcc/arm-none-eabi/15.2.1/thumb/v8-m.main+fp/softfp\libgcc.a(_udivmoddi4.o)
                                  0x8 (size before relaxing)
                0x10009a84                        __exidx_end = .
                0x10009a84                        . = ALIGN (0x4)
                0x10009a84                        __binary_info_start = .

.binary_info    0x10009a84       0x20
 *(.binary_info.keep.*)
 .binary_info.keep.__bi_ptr84
                0x10009a84        0x4 CMakeFiles/your_app.dir/C_/Users/zhasanr/Desktop/pico-sdk/src/rp2_common/pico_standard_binary_info/standard_binary_info.c.obj
 .binary_info.keep.__bi_ptr78
                0x10009a88        0x4 CMakeFiles/your_app.dir/C_/Users/zhasanr/Desktop/pico-sdk/src/rp2_common/pico_standard_binary_info/standard_binary_info.c.obj
 .binary_info.keep.__bi_ptr54
                0x10009a8c        0x4 CMakeFiles/your_app.dir/C_/Users/zhasanr/Desktop/pico-sdk/src/rp2_common/pico_standard_binary_info/standard_binary_info.c.obj
 .binary_info.keep.__bi_ptr48
                0x10009a90        0x4 CMakeFiles/your_app.dir/C_/Users/zhasanr/Desktop/pico-sdk/src/rp2_common/pico_standard_binary_info/standard_binary_info.c.obj
 .binary_info.keep.__bi_ptr42
                0x10009a94        0x4 CMakeFiles/your_app.dir/C_/Users/zhasanr/Desktop/pico-sdk/src/rp2_common/pico_standard_binary_info/standard_binary_info.c.obj
 .binary_info.keep.__bi_ptr34
                0x10009a98        0x4 CMakeFiles/your_app.dir/C_/Users/zhasanr/Desktop/pico-sdk/src/rp2_common/pico_standard_binary_info/standard_binary_info.c.obj
 .binary_info.keep.__bi_ptr26
                0x10009a9c        0x4 CMakeFiles/your_app.dir/C_/Users/zhasanr/Desktop/pico-sdk/src/rp2_common/pico_standard_binary_info/standard_binary_info.c.obj
 *(.binary_info.*)
 .binary_info.__bi_ptr202
                0x10009aa0        0x4 CMakeFiles/your_app.dir/C_/Users/zhasanr/Desktop/pico-sdk/src/rp2_common/pico_stdio_usb/stdio_usb.c.obj
                0x10009aa4                        __binary_info_end = .
                0x10009aa4                        . = ALIGN (0x4)

.ram_vector_table
                0x20000000      0x110
 *(.ram_vector_table)
 .ram_vector_table
                0x20000000      0x110 CMakeFiles/your_app.dir/C_/Users/zhasanr/Desktop/pico-sdk/src/rp2_common/pico_runtime_init/runtime_init.c.obj
                0x20000000                ram_vector_table

.uninitialized_data
                0x20000110        0x0
                0x20000110                        . = ALIGN (0x4)
 *(.uninitialized_data*)

.data           0x20000110     0x11b4 load address 0x10009aa4
                0x20000110                        __data_start__ = .
 *(vtable)
 *(.time_critical*)
 .time_critical.mutex_try_enter
                0x20000110       0x54 CMakeFiles/your_app.dir/C_/Users/zhasanr/Desktop/pico-sdk/src/common/pico_sync/mutex.c.obj
                0x20000110                mutex_try_enter
 .time_critical.mutex_try_enter_block_until
                0x20000164       0xb4 CMakeFiles/your_app.dir/C_/Users/zhasanr/Desktop/pico-sdk/src/common/pico_sync/mutex.c.obj
                0x20000164                mutex_try_enter_block_until
 .time_critical.mutex_enter_timeout_ms
                0x20000218       0x78 CMakeFiles/your_app.dir/C_/Users/zhasanr/Desktop/pico-sdk/src/common/pico_sync/mutex.c.obj
                0x20000218                mutex_enter_timeout_ms
 .time_critical.mutex_exit
                0x20000290       0x2c CMakeFiles/your_app.dir/C_/Users/zhasanr/Desktop/pico-sdk/src/common/pico_sync/mutex.c.obj
                0x20000290                mutex_exit
 .time_critical.reset_non_control_endpoints
                0x200002bc       0x64 CMakeFiles/your_app.dir/C_/Users/zhasanr/Desktop/pico-sdk/lib/tinyusb/src/portable/raspberrypi/rp2040/dcd_rp2040.c.obj
 .time_critical.hw_handle_buff_status
                0x20000320       0x8c CMakeFiles/your_app.dir/C_/Users/zhasanr/Desktop/pico-sdk/lib/tinyusb/src/portable/raspberrypi/rp2040/dcd_rp2040.c.obj
 .time_critical.dcd_rp2040_irq
                0x200003ac      0x514 CMakeFiles/your_app.dir/C_/Users/zhasanr/Desktop/pico-sdk/lib/tinyusb/src/portable/raspberrypi/rp2040/dcd_rp2040.c.obj
 .time_critical.prepare_ep_buffer
                0x200008c0       0xc4 CMakeFiles/your_app.dir/C_/Users/zhasanr/Desktop/pico-sdk/lib/tinyusb/src/portable/raspberrypi/rp2040/rp2040_usb.c.obj
 .time_critical.sync_ep_buffer
                0x20000984       0xb8 CMakeFiles/your_app.dir/C_/Users/zhasanr/Desktop/pico-sdk/lib/tinyusb/src/portable/raspberrypi/rp2040/rp2040_usb.c.obj
 .time_critical._hw_endpoint_xfer_sync
                0x20000a3c       0x2c CMakeFiles/your_app.dir/C_/Users/zhasanr/Desktop/pico-sdk/lib/tinyusb/src/portable/raspberrypi/rp2040/rp2040_usb.c.obj
 .time_critical.e15_is_bulkin_ep
                0x20000a68       0x28 CMakeFiles/your_app.dir/C_/Users/zhasanr/Desktop/pico-sdk/lib/tinyusb/src/portable/raspberrypi/rp2040/rp2040_usb.c.obj
 .time_critical.e15_is_critical_frame_period
                0x20000a90       0x28 CMakeFiles/your_app.dir/C_/Users/zhasanr/Desktop/pico-sdk/lib/tinyusb/src/portable/raspberrypi/rp2040/rp2040_usb.c.obj
 .time_critical.hw_endpoint_reset_transfer
                0x20000ab8        0xc CMakeFiles/your_app.dir/C_/Users/zhasanr/Desktop/pico-sdk/lib/tinyusb/src/portable/raspberrypi/rp2040/rp2040_usb.c.obj
                0x20000ab8                hw_endpoint_reset_transfer
 .time_critical._hw_endpoint_buffer_control_update32
                0x20000ac4       0x48 CMakeFiles/your_app.dir/C_/Users/zhasanr/Desktop/pico-sdk/lib/tinyusb/src/portable/raspberrypi/rp2040/rp2040_usb.c.obj
                0x20000ac4                _hw_endpoint_buffer_control_update32
 .time_critical.hw_endpoint_start_next_buffer
                0x20000b0c       0x64 CMakeFiles/your_app.dir/C_/Users/zhasanr/Desktop/pico-sdk/lib/tinyusb/src/portable/raspberrypi/rp2040/rp2040_usb.c.obj
                0x20000b0c                hw_endpoint_start_next_buffer
 .time_critical.hw_endpoint_xfer_continue
                0x20000b70       0x3c CMakeFiles/your_app.dir/C_/Users/zhasanr/Desktop/pico-sdk/lib/tinyusb/src/portable/raspberrypi/rp2040/rp2040_usb.c.obj
                0x20000b70                hw_endpoint_xfer_continue
 .time_critical.tinyusb
                0x20000bac      0x218 CMakeFiles/your_app.dir/C_/Users/zhasanr/Desktop/pico-sdk/lib/tinyusb/src/device/usbd.c.obj
                0x20000bac                dcd_event_handler
 *(.text*)
 .text          0x20000dc4       0xa0 C:/Program Files/Arm/GNU Toolchain mingw-w64-x86_64-arm-none-eabi/bin/../lib/gcc/arm-none-eabi/15.2.1/thumb/v8-m.main+fp/softfp\libgcc.a(_aeabi_ldivmod.o)
                0x20000dc4                __aeabi_ldivmod
 .text          0x20000e64       0x30 C:/Program Files/Arm/GNU Toolchain mingw-w64-x86_64-arm-none-eabi/bin/../lib/gcc/arm-none-eabi/15.2.1/thumb/v8-m.main+fp/softfp\libgcc.a(_aeabi_uldivmod.o)
                0x20000e64                __aeabi_uldivmod
 .text.__udivmoddi4
                0x20000e94      0x340 C:/Program Files/Arm/GNU Toolchain mingw-w64-x86_64-arm-none-eabi/bin/../lib/gcc/arm-none-eabi/15.2.1/thumb/v8-m.main+fp/softfp\libgcc.a(_udivmoddi4.o)
                0x20000e94                __udivmoddi4
 .text          0x200011d4        0x4 C:/Program Files/Arm/GNU Toolchain mingw-w64-x86_64-arm-none-eabi/bin/../lib/gcc/arm-none-eabi/15.2.1/thumb/v8-m.main+fp/softfp\libgcc.a(_dvmd_tls.o)
                0x200011d4                __aeabi_idiv0
                0x200011d4                __aeabi_ldiv0
 .text.__stub   0x200011d8       0x40 linker stubs
                0x20001218                        . = ALIGN (0x4)
 *(.rodata*)
                0x20001218                        . = ALIGN (0x4)
 *(.data*)
 .data.cDoorbellNum
                0x20001218        0x1 CMakeFiles/your_app.dir/FreeRTOS-Kernel/portable/ThirdParty/GCC/RP2350_ARM_NTZ/non_secure/port.c.obj
 .data.ucPrimaryCoreNum
                0x20001219        0x1 CMakeFiles/your_app.dir/FreeRTOS-Kernel/portable/ThirdParty/GCC/RP2350_ARM_NTZ/non_secure/port.c.obj
 .data.striped_spin_lock_num
                0x2000121a        0x1 CMakeFiles/your_app.dir/C_/Users/zhasanr/Desktop/pico-sdk/src/rp2_common/hardware_sync/sync.c.obj
 *fill*         0x2000121b        0x1 
 .data          0x2000121c       0x48 CMakeFiles/your_app.dir/C_/Users/zhasanr/Desktop/pico-sdk/src/rp2_common/hardware_irq/irq_handler_chain.S.obj
                0x2000121c                irq_handler_chain_slots
                0x2000124c                irq_handler_chain_first_slot
                0x20001256                irq_handler_chain_remove_tail
 .data.default_alarm_pool
                0x20001264       0x18 CMakeFiles/your_app.dir/C_/Users/zhasanr/Desktop/pico-sdk/src/common/pico_time/time.c.obj
 .data.stdio_usb
                0x2000127c       0x18 CMakeFiles/your_app.dir/C_/Users/zhasanr/Desktop/pico-sdk/src/rp2_common/pico_stdio_usb/stdio_usb.c.obj
                0x2000127c                stdio_usb
 .data._usbd_qdef
                0x20001294       0x1c CMakeFiles/your_app.dir/C_/Users/zhasanr/Desktop/pico-sdk/lib/tinyusb/src/device/usbd.c.obj
                0x20001294                _usbd_qdef
 .data._usbd_rhport
                0x200012b0        0x1 CMakeFiles/your_app.dir/C_/Users/zhasanr/Desktop/pico-sdk/lib/tinyusb/src/device/usbd.c.obj
 *(.sdata*)
                0x200012b4                        . = ALIGN (0x4)
 *fill*         0x200012b1        0x3 
 *(.after_data.*)
                0x200012b4                        . = ALIGN (0x4)
                0x200012b4                        PROVIDE (__mutex_array_start = .)
 *(SORT_BY_NAME(.mutex_array.*))
 *(.mutex_array)
 .mutex_array   0x200012b4        0x8 CMakeFiles/your_app.dir/C_/Users/zhasanr/Desktop/pico-sdk/src/rp2_common/pico_malloc/malloc.c.obj
 .mutex_array   0x200012bc        0x8 CMakeFiles/your_app.dir/C_/Users/zhasanr/Desktop/pico-sdk/src/rp2_common/pico_stdio/stdio.c.obj
                0x200012c4                        PROVIDE (__mutex_array_end = .)
 *(.jcr)
                0x200012c4                        . = ALIGN (0x4)

.tm_clone_table
                0x200012c4        0x0 load address 0x1000ac58
 .tm_clone_table
                0x200012c4        0x0 C:/Program Files/Arm/GNU Toolchain mingw-w64-x86_64-arm-none-eabi/bin/../lib/gcc/arm-none-eabi/15.2.1/thumb/v8-m.main+fp/softfp/crtbegin.o
 .tm_clone_table
                0x200012c4        0x0 C:/Program Files/Arm/GNU Toolchain mingw-w64-x86_64-arm-none-eabi/bin/../lib/gcc/arm-none-eabi/15.2.1/thumb/v8-m.main+fp/softfp/crtend.o

.igot.plt       0x200012c4        0x0 load address 0x1000ac58
 .igot.plt      0x200012c4        0x0 C:/Program Files/Arm/GNU Toolchain mingw-w64-x86_64-arm-none-eabi/bin/../lib/gcc/arm-none-eabi/15.2.1/thumb/v8-m.main+fp/softfp/crtbegin.o

.tdata          0x200012c4        0x0 load address 0x1000ac58
                0x200012c4                        . = ALIGN (0x4)
 *(.tdata .tdata.* .gnu.linkonce.td.*)
                0x200012c4                        __tdata_end = .
                0x200012c4                        PROVIDE (__data_end__ = .)
                0x10009aa4                        __etext = LOADADDR (.data)

.tbss           0x200012c4        0x0 load address 0x1000ac58
                0x200012c4                        . = ALIGN (0x4)
                0x200012c4                        __bss_start__ = .
                0x200012c4                        __tls_base = .
 *(.tbss .tbss.* .gnu.linkonce.tb.*)
 *(.tcommon)
                0x200012c4                        __tls_end = .

.bss            0x200012c8    0x21014 load address 0x1000ac58
                0x200012c8                        . = ALIGN (0x4)
                0x200012c8                        __tbss_end = .
 *(SORT_BY_ALIGNMENT(SORT_BY_NAME(.bss*)))
 .bss._cdcd_itf
                0x200012c8       0xc8 CMakeFiles/your_app.dir/C_/Users/zhasanr/Desktop/pico-sdk/lib/tinyusb/src/class/cdc/cdc_device.c.obj